[2019-08-30T15:27:25.927-0530][gc,heap] Heap region size: 1M
[2019-08-30T15:27:25.951-0530][gc     ] Using G1
[2019-08-30T15:27:25.951-0530][gc,heap,coops] Heap address: 0x00000007c0000000, size: 1024 MB, Compressed Oops mode: Zero based, Oop shift amount: 3
[2019-08-30T15:27:25.952-0530][gc,cds       ] Mark closed archive regions in map: [0x00000007fff00000, 0x00000007fff6fff8]
[2019-08-30T15:27:25.952-0530][gc,cds       ] Mark open archive regions in map: [0x00000007ffe00000, 0x00000007ffe47ff8]
[2019-08-30T15:27:25.987-0530][gc           ] Periodic GC disabled
[2019-08-30T15:27:35.000-0530][gc,start     ] GC(0) Pause Young (Normal) (G1 Evacuation Pause)
[2019-08-30T15:27:35.054-0530][gc,task      ] GC(0) Using 4 workers of 4 for evacuation
[2019-08-30T15:27:35.072-0530][gc,phases    ] GC(0)   Pre Evacuate Collection Set: 0.1ms
[2019-08-30T15:27:35.072-0530][gc,phases    ] GC(0)   Evacuate Collection Set: 16.4ms
[2019-08-30T15:27:35.072-0530][gc,phases    ] GC(0)   Post Evacuate Collection Set: 1.4ms
[2019-08-30T15:27:35.072-0530][gc,phases    ] GC(0)   Other: 54.0ms
[2019-08-30T15:27:35.072-0530][gc,heap      ] GC(0) Eden regions: 51->0(45)
[2019-08-30T15:27:35.072-0530][gc,heap      ] GC(0) Survivor regions: 0->6(7)
[2019-08-30T15:27:35.072-0530][gc,heap      ] GC(0) Old regions: 0->0
[2019-08-30T15:27:35.072-0530][gc,heap      ] GC(0) Archive regions: 2->2
[2019-08-30T15:27:35.072-0530][gc,heap      ] GC(0) Humongous regions: 0->0
[2019-08-30T15:27:35.072-0530][gc,metaspace ] GC(0) Metaspace: 16967K->16967K(1064960K)
[2019-08-30T15:27:35.072-0530][gc           ] GC(0) Pause Young (Normal) (G1 Evacuation Pause) 51M->6M(1024M) 72.326ms
[2019-08-30T15:27:35.072-0530][gc,cpu       ] GC(0) User=0.04s Sys=0.01s Real=0.07s
[2019-08-30T15:27:36.050-0530][gc,start     ] GC(1) Pause Young (Concurrent Start) (Metadata GC Threshold)
[2019-08-30T15:27:36.050-0530][gc,task      ] GC(1) Using 4 workers of 4 for evacuation
[2019-08-30T15:27:36.066-0530][gc,phases    ] GC(1)   Pre Evacuate Collection Set: 0.1ms
[2019-08-30T15:27:36.067-0530][gc,phases    ] GC(1)   Evacuate Collection Set: 15.7ms
[2019-08-30T15:27:36.067-0530][gc,phases    ] GC(1)   Post Evacuate Collection Set: 0.4ms
[2019-08-30T15:27:36.067-0530][gc,phases    ] GC(1)   Other: 0.3ms
[2019-08-30T15:27:36.067-0530][gc,heap      ] GC(1) Eden regions: 14->0(50)
[2019-08-30T15:27:36.067-0530][gc,heap      ] GC(1) Survivor regions: 6->1(7)
[2019-08-30T15:27:36.067-0530][gc,heap      ] GC(1) Old regions: 0->6
[2019-08-30T15:27:36.067-0530][gc,heap      ] GC(1) Archive regions: 2->2
[2019-08-30T15:27:36.067-0530][gc,heap      ] GC(1) Humongous regions: 0->0
[2019-08-30T15:27:36.067-0530][gc,metaspace ] GC(1) Metaspace: 20512K->20512K(1067008K)
[2019-08-30T15:27:36.067-0530][gc           ] GC(1) Pause Young (Concurrent Start) (Metadata GC Threshold) 20M->7M(1024M) 17.036ms
[2019-08-30T15:27:36.067-0530][gc,cpu       ] GC(1) User=0.04s Sys=0.01s Real=0.01s
[2019-08-30T15:27:36.067-0530][gc           ] GC(2) Concurrent Cycle
[2019-08-30T15:27:36.067-0530][gc,marking   ] GC(2) Concurrent Clear Claimed Marks
[2019-08-30T15:27:36.067-0530][gc,marking   ] GC(2) Concurrent Clear Claimed Marks 0.073ms
[2019-08-30T15:27:36.067-0530][gc,marking   ] GC(2) Concurrent Scan Root Regions
[2019-08-30T15:27:36.076-0530][gc,marking   ] GC(2) Concurrent Scan Root Regions 8.424ms
[2019-08-30T15:27:36.076-0530][gc,marking   ] GC(2) Concurrent Mark (10.190s)
[2019-08-30T15:27:36.076-0530][gc,marking   ] GC(2) Concurrent Mark From Roots
[2019-08-30T15:27:36.076-0530][gc,task      ] GC(2) Using 1 workers of 1 for marking
[2019-08-30T15:27:36.078-0530][gc,marking   ] GC(2) Concurrent Mark From Roots 2.255ms
[2019-08-30T15:27:36.078-0530][gc,marking   ] GC(2) Concurrent Preclean
[2019-08-30T15:27:36.078-0530][gc,marking   ] GC(2) Concurrent Preclean 0.077ms
[2019-08-30T15:27:36.078-0530][gc,marking   ] GC(2) Concurrent Mark (10.190s, 10.193s) 2.517ms
[2019-08-30T15:27:36.078-0530][gc,start     ] GC(2) Pause Remark
[2019-08-30T15:27:36.080-0530][gc,stringtable] GC(2) Cleaned string table, strings: 4711 processed, 0 removed
[2019-08-30T15:27:36.081-0530][gc            ] GC(2) Pause Remark 7M->7M(1024M) 2.758ms
[2019-08-30T15:27:36.081-0530][gc,cpu        ] GC(2) User=0.01s Sys=0.00s Real=0.01s
[2019-08-30T15:27:36.082-0530][gc,marking    ] GC(2) Concurrent Rebuild Remembered Sets
[2019-08-30T15:27:36.091-0530][gc,marking    ] GC(2) Concurrent Rebuild Remembered Sets 9.743ms
[2019-08-30T15:27:36.092-0530][gc,start      ] GC(2) Pause Cleanup
[2019-08-30T15:27:36.093-0530][gc            ] GC(2) Pause Cleanup 7M->7M(1024M) 0.408ms
[2019-08-30T15:27:36.093-0530][gc,cpu        ] GC(2) User=0.00s Sys=0.00s Real=0.00s
[2019-08-30T15:27:36.093-0530][gc,marking    ] GC(2) Concurrent Cleanup for Next Mark
[2019-08-30T15:27:36.126-0530][gc,marking    ] GC(2) Concurrent Cleanup for Next Mark 33.028ms
[2019-08-30T15:27:36.126-0530][gc            ] GC(2) Concurrent Cycle 59.004ms
[2019-08-30T15:27:39.347-0530][gc,start      ] GC(3) Pause Young (Normal) (G1 Evacuation Pause)
[2019-08-30T15:27:39.347-0530][gc,task       ] GC(3) Using 4 workers of 4 for evacuation
[2019-08-30T15:27:39.355-0530][gc,phases     ] GC(3)   Pre Evacuate Collection Set: 0.0ms
[2019-08-30T15:27:39.355-0530][gc,phases     ] GC(3)   Evacuate Collection Set: 7.6ms
[2019-08-30T15:27:39.355-0530][gc,phases     ] GC(3)   Post Evacuate Collection Set: 0.5ms
[2019-08-30T15:27:39.355-0530][gc,phases     ] GC(3)   Other: 0.2ms
[2019-08-30T15:27:39.355-0530][gc,heap       ] GC(3) Eden regions: 50->0(46)
[2019-08-30T15:27:39.355-0530][gc,heap       ] GC(3) Survivor regions: 1->5(7)
[2019-08-30T15:27:39.355-0530][gc,heap       ] GC(3) Old regions: 6->6
[2019-08-30T15:27:39.355-0530][gc,heap       ] GC(3) Archive regions: 2->2
[2019-08-30T15:27:39.355-0530][gc,heap       ] GC(3) Humongous regions: 129->129
[2019-08-30T15:27:39.355-0530][gc,metaspace  ] GC(3) Metaspace: 29326K->29326K(1075200K)
[2019-08-30T15:27:39.355-0530][gc            ] GC(3) Pause Young (Normal) (G1 Evacuation Pause) 186M->140M(1024M) 8.521ms
[2019-08-30T15:27:39.356-0530][gc,cpu        ] GC(3) User=0.03s Sys=0.00s Real=0.01s
[2019-08-30T15:33:07.050-0530][gc,start      ] GC(4) Pause Young (Normal) (G1 Evacuation Pause)
[2019-08-30T15:33:07.072-0530][gc,task       ] GC(4) Using 4 workers of 4 for evacuation
[2019-08-30T15:33:07.089-0530][gc,phases     ] GC(4)   Pre Evacuate Collection Set: 0.0ms
[2019-08-30T15:33:07.089-0530][gc,phases     ] GC(4)   Evacuate Collection Set: 16.2ms
[2019-08-30T15:33:07.089-0530][gc,phases     ] GC(4)   Post Evacuate Collection Set: 0.6ms
[2019-08-30T15:33:07.089-0530][gc,phases     ] GC(4)   Other: 21.9ms
[2019-08-30T15:33:07.089-0530][gc,heap       ] GC(4) Eden regions: 46->0(47)
[2019-08-30T15:33:07.089-0530][gc,heap       ] GC(4) Survivor regions: 5->4(7)
[2019-08-30T15:33:07.089-0530][gc,heap       ] GC(4) Old regions: 6->11
[2019-08-30T15:33:07.089-0530][gc,heap       ] GC(4) Archive regions: 2->2
[2019-08-30T15:33:07.089-0530][gc,heap       ] GC(4) Humongous regions: 129->129
[2019-08-30T15:33:07.089-0530][gc,metaspace  ] GC(4) Metaspace: 33489K->33489K(1079296K)
[2019-08-30T15:33:07.089-0530][gc            ] GC(4) Pause Young (Normal) (G1 Evacuation Pause) 186M->143M(1024M) 39.010ms
[2019-08-30T15:33:07.089-0530][gc,cpu        ] GC(4) User=0.05s Sys=0.01s Real=0.03s
[2019-08-30T15:33:29.703-0530][gc,start      ] GC(5) Pause Young (Concurrent Start) (Metadata GC Threshold)
[2019-08-30T15:33:29.718-0530][gc,task       ] GC(5) Using 4 workers of 4 for evacuation
[2019-08-30T15:33:29.725-0530][gc,phases     ] GC(5)   Pre Evacuate Collection Set: 0.1ms
[2019-08-30T15:33:29.725-0530][gc,phases     ] GC(5)   Evacuate Collection Set: 6.7ms
[2019-08-30T15:33:29.725-0530][gc,phases     ] GC(5)   Post Evacuate Collection Set: 0.4ms
[2019-08-30T15:33:29.725-0530][gc,phases     ] GC(5)   Other: 14.8ms
[2019-08-30T15:33:29.725-0530][gc,heap       ] GC(5) Eden regions: 7->0(47)
[2019-08-30T15:33:29.725-0530][gc,heap       ] GC(5) Survivor regions: 4->4(7)
[2019-08-30T15:33:29.725-0530][gc,heap       ] GC(5) Old regions: 11->11
[2019-08-30T15:33:29.726-0530][gc,heap       ] GC(5) Archive regions: 2->2
[2019-08-30T15:33:29.726-0530][gc,heap       ] GC(5) Humongous regions: 129->129
[2019-08-30T15:33:29.726-0530][gc,metaspace  ] GC(5) Metaspace: 33802K->33802K(1079296K)
[2019-08-30T15:33:29.726-0530][gc            ] GC(5) Pause Young (Concurrent Start) (Metadata GC Threshold) 149M->143M(1024M) 22.256ms
[2019-08-30T15:33:29.726-0530][gc,cpu        ] GC(5) User=0.02s Sys=0.00s Real=0.02s
[2019-08-30T15:33:29.726-0530][gc            ] GC(6) Concurrent Cycle
[2019-08-30T15:33:29.726-0530][gc,marking    ] GC(6) Concurrent Clear Claimed Marks
[2019-08-30T15:33:29.726-0530][gc,marking    ] GC(6) Concurrent Clear Claimed Marks 0.146ms
[2019-08-30T15:33:29.726-0530][gc,marking    ] GC(6) Concurrent Scan Root Regions
[2019-08-30T15:33:29.731-0530][gc,marking    ] GC(6) Concurrent Scan Root Regions 4.591ms
[2019-08-30T15:33:29.731-0530][gc,marking    ] GC(6) Concurrent Mark (363.854s)
[2019-08-30T15:33:29.731-0530][gc,marking    ] GC(6) Concurrent Mark From Roots
[2019-08-30T15:33:29.731-0530][gc,task       ] GC(6) Using 1 workers of 1 for marking
[2019-08-30T15:33:29.758-0530][gc,marking    ] GC(6) Concurrent Mark From Roots 27.364ms
[2019-08-30T15:33:29.758-0530][gc,marking    ] GC(6) Concurrent Preclean
[2019-08-30T15:33:29.758-0530][gc,marking    ] GC(6) Concurrent Preclean 0.127ms
[2019-08-30T15:33:29.758-0530][gc,marking    ] GC(6) Concurrent Mark (363.854s, 363.882s) 27.614ms
[2019-08-30T15:33:29.758-0530][gc,start      ] GC(6) Pause Remark
[2019-08-30T15:33:29.773-0530][gc,stringtable] GC(6) Cleaned string table, strings: 8584 processed, 13 removed
[2019-08-30T15:33:29.774-0530][gc            ] GC(6) Pause Remark 143M->143M(1024M) 15.039ms
[2019-08-30T15:33:29.774-0530][gc,cpu        ] GC(6) User=0.03s Sys=0.01s Real=0.02s
[2019-08-30T15:33:29.774-0530][gc,marking    ] GC(6) Concurrent Rebuild Remembered Sets
[2019-08-30T15:33:29.790-0530][gc,marking    ] GC(6) Concurrent Rebuild Remembered Sets 16.518ms
[2019-08-30T15:33:29.791-0530][gc,start      ] GC(6) Pause Cleanup
[2019-08-30T15:33:29.791-0530][gc            ] GC(6) Pause Cleanup 143M->143M(1024M) 0.162ms
[2019-08-30T15:33:29.791-0530][gc,cpu        ] GC(6) User=0.00s Sys=0.00s Real=0.00s
[2019-08-30T15:33:29.791-0530][gc,marking    ] GC(6) Concurrent Cleanup for Next Mark
[2019-08-30T15:33:29.809-0530][gc,marking    ] GC(6) Concurrent Cleanup for Next Mark 18.384ms
[2019-08-30T15:33:29.809-0530][gc            ] GC(6) Concurrent Cycle 83.603ms
[2019-08-30T15:39:07.309-0530][gc,start      ] GC(7) Pause Young (Normal) (G1 Evacuation Pause)
[2019-08-30T15:39:07.342-0530][gc,task       ] GC(7) Using 4 workers of 4 for evacuation
[2019-08-30T15:39:07.353-0530][gc,phases     ] GC(7)   Pre Evacuate Collection Set: 0.0ms
[2019-08-30T15:39:07.353-0530][gc,phases     ] GC(7)   Evacuate Collection Set: 10.1ms
[2019-08-30T15:39:07.353-0530][gc,phases     ] GC(7)   Post Evacuate Collection Set: 1.1ms
[2019-08-30T15:39:07.353-0530][gc,phases     ] GC(7)   Other: 33.2ms
[2019-08-30T15:39:07.353-0530][gc,heap       ] GC(7) Eden regions: 47->0(48)
[2019-08-30T15:39:07.353-0530][gc,heap       ] GC(7) Survivor regions: 4->3(7)
[2019-08-30T15:39:07.353-0530][gc,heap       ] GC(7) Old regions: 11->11
[2019-08-30T15:39:07.353-0530][gc,heap       ] GC(7) Archive regions: 2->2
[2019-08-30T15:39:07.353-0530][gc,heap       ] GC(7) Humongous regions: 129->129
[2019-08-30T15:39:07.353-0530][gc,metaspace  ] GC(7) Metaspace: 34004K->34004K(1079296K)
[2019-08-30T15:39:07.353-0530][gc            ] GC(7) Pause Young (Normal) (G1 Evacuation Pause) 190M->142M(1024M) 44.788ms
[2019-08-30T15:39:07.354-0530][gc,cpu        ] GC(7) User=0.02s Sys=0.00s Real=0.05s
[2019-08-30T15:45:08.875-0530][gc,start      ] GC(8) Pause Young (Normal) (G1 Evacuation Pause)
[2019-08-30T15:45:08.906-0530][gc,task       ] GC(8) Using 4 workers of 4 for evacuation
[2019-08-30T15:45:08.912-0530][gc,phases     ] GC(8)   Pre Evacuate Collection Set: 0.0ms
[2019-08-30T15:45:08.912-0530][gc,phases     ] GC(8)   Evacuate Collection Set: 5.9ms
[2019-08-30T15:45:08.913-0530][gc,phases     ] GC(8)   Post Evacuate Collection Set: 0.4ms
[2019-08-30T15:45:08.913-0530][gc,phases     ] GC(8)   Other: 30.8ms
[2019-08-30T15:45:08.913-0530][gc,heap       ] GC(8) Eden regions: 48->0(47)
[2019-08-30T15:45:08.913-0530][gc,heap       ] GC(8) Survivor regions: 3->4(7)
[2019-08-30T15:45:08.913-0530][gc,heap       ] GC(8) Old regions: 11->11
[2019-08-30T15:45:08.913-0530][gc,heap       ] GC(8) Archive regions: 2->2
[2019-08-30T15:45:08.913-0530][gc,heap       ] GC(8) Humongous regions: 129->129
[2019-08-30T15:45:08.913-0530][gc,metaspace  ] GC(8) Metaspace: 34074K->34074K(1079296K)
[2019-08-30T15:45:08.913-0530][gc            ] GC(8) Pause Young (Normal) (G1 Evacuation Pause) 190M->143M(1024M) 37.387ms
[2019-08-30T15:45:08.913-0530][gc,cpu        ] GC(8) User=0.02s Sys=0.00s Real=0.04s
[2019-08-30T15:48:24.193-0530][gc,start      ] GC(9) Pause Young (Normal) (G1 Evacuation Pause)
[2019-08-30T15:48:24.232-0530][gc,task       ] GC(9) Using 4 workers of 4 for evacuation
[2019-08-30T15:48:24.239-0530][gc,phases     ] GC(9)   Pre Evacuate Collection Set: 0.0ms
[2019-08-30T15:48:24.239-0530][gc,phases     ] GC(9)   Evacuate Collection Set: 6.7ms
[2019-08-30T15:48:24.239-0530][gc,phases     ] GC(9)   Post Evacuate Collection Set: 0.8ms
[2019-08-30T15:48:24.239-0530][gc,phases     ] GC(9)   Other: 39.2ms
[2019-08-30T15:48:24.239-0530][gc,heap       ] GC(9) Eden regions: 47->0(47)
[2019-08-30T15:48:24.239-0530][gc,heap       ] GC(9) Survivor regions: 4->4(7)
[2019-08-30T15:48:24.240-0530][gc,heap       ] GC(9) Old regions: 11->11
[2019-08-30T15:48:24.240-0530][gc,heap       ] GC(9) Archive regions: 2->2
[2019-08-30T15:48:24.240-0530][gc,heap       ] GC(9) Humongous regions: 129->129
[2019-08-30T15:48:24.240-0530][gc,metaspace  ] GC(9) Metaspace: 34872K->34872K(1081344K)
[2019-08-30T15:48:24.240-0530][gc            ] GC(9) Pause Young (Normal) (G1 Evacuation Pause) 190M->143M(1024M) 46.953ms
[2019-08-30T15:48:24.240-0530][gc,cpu        ] GC(9) User=0.03s Sys=0.00s Real=0.05s
[2019-08-30T15:50:08.179-0530][gc,start      ] GC(10) Pause Young (Normal) (G1 Evacuation Pause)
[2019-08-30T15:50:08.215-0530][gc,task       ] GC(10) Using 4 workers of 4 for evacuation
[2019-08-30T15:50:08.224-0530][gc,phases     ] GC(10)   Pre Evacuate Collection Set: 0.0ms
[2019-08-30T15:50:08.224-0530][gc,phases     ] GC(10)   Evacuate Collection Set: 8.0ms
[2019-08-30T15:50:08.224-0530][gc,phases     ] GC(10)   Post Evacuate Collection Set: 0.5ms
[2019-08-30T15:50:08.224-0530][gc,phases     ] GC(10)   Other: 36.5ms
[2019-08-30T15:50:08.224-0530][gc,heap       ] GC(10) Eden regions: 47->0(48)
[2019-08-30T15:50:08.224-0530][gc,heap       ] GC(10) Survivor regions: 4->3(7)
[2019-08-30T15:50:08.224-0530][gc,heap       ] GC(10) Old regions: 11->12
[2019-08-30T15:50:08.224-0530][gc,heap       ] GC(10) Archive regions: 2->2
[2019-08-30T15:50:08.224-0530][gc,heap       ] GC(10) Humongous regions: 129->129
[2019-08-30T15:50:08.224-0530][gc,metaspace  ] GC(10) Metaspace: 34895K->34895K(1081344K)
[2019-08-30T15:50:08.224-0530][gc            ] GC(10) Pause Young (Normal) (G1 Evacuation Pause) 190M->143M(1024M) 45.278ms
[2019-08-30T15:50:08.224-0530][gc,cpu        ] GC(10) User=0.03s Sys=0.00s Real=0.05s
[2019-08-30T15:51:57.327-0530][gc,start      ] GC(11) Pause Young (Normal) (G1 Evacuation Pause)
[2019-08-30T15:51:57.327-0530][gc,task       ] GC(11) Using 4 workers of 4 for evacuation
[2019-08-30T15:51:57.334-0530][gc,phases     ] GC(11)   Pre Evacuate Collection Set: 0.0ms
[2019-08-30T15:51:57.334-0530][gc,phases     ] GC(11)   Evacuate Collection Set: 5.7ms
[2019-08-30T15:51:57.334-0530][gc,phases     ] GC(11)   Post Evacuate Collection Set: 0.5ms
[2019-08-30T15:51:57.334-0530][gc,phases     ] GC(11)   Other: 0.3ms
[2019-08-30T15:51:57.334-0530][gc,heap       ] GC(11) Eden regions: 48->0(47)
[2019-08-30T15:51:57.334-0530][gc,heap       ] GC(11) Survivor regions: 3->4(7)
[2019-08-30T15:51:57.334-0530][gc,heap       ] GC(11) Old regions: 12->12
[2019-08-30T15:51:57.334-0530][gc,heap       ] GC(11) Archive regions: 2->2
[2019-08-30T15:51:57.334-0530][gc,heap       ] GC(11) Humongous regions: 129->129
[2019-08-30T15:51:57.334-0530][gc,metaspace  ] GC(11) Metaspace: 34902K->34902K(1081344K)
[2019-08-30T15:51:57.334-0530][gc            ] GC(11) Pause Young (Normal) (G1 Evacuation Pause) 191M->144M(1024M) 6.864ms
[2019-08-30T15:51:57.334-0530][gc,cpu        ] GC(11) User=0.02s Sys=0.00s Real=0.01s
[2019-08-30T15:53:44.423-0530][gc,start      ] GC(12) Pause Young (Normal) (G1 Evacuation Pause)
[2019-08-30T15:53:44.423-0530][gc,task       ] GC(12) Using 4 workers of 4 for evacuation
[2019-08-30T15:53:44.429-0530][gc,phases     ] GC(12)   Pre Evacuate Collection Set: 0.0ms
[2019-08-30T15:53:44.429-0530][gc,phases     ] GC(12)   Evacuate Collection Set: 5.4ms
[2019-08-30T15:53:44.429-0530][gc,phases     ] GC(12)   Post Evacuate Collection Set: 0.4ms
[2019-08-30T15:53:44.429-0530][gc,phases     ] GC(12)   Other: 0.4ms
[2019-08-30T15:53:44.429-0530][gc,heap       ] GC(12) Eden regions: 47->0(54)
[2019-08-30T15:53:44.429-0530][gc,heap       ] GC(12) Survivor regions: 4->4(7)
[2019-08-30T15:53:44.429-0530][gc,heap       ] GC(12) Old regions: 12->12
[2019-08-30T15:53:44.429-0530][gc,heap       ] GC(12) Archive regions: 2->2
[2019-08-30T15:53:44.429-0530][gc,heap       ] GC(12) Humongous regions: 129->129
[2019-08-30T15:53:44.429-0530][gc,metaspace  ] GC(12) Metaspace: 34921K->34921K(1081344K)
[2019-08-30T15:53:44.429-0530][gc            ] GC(12) Pause Young (Normal) (G1 Evacuation Pause) 191M->144M(1024M) 6.450ms
[2019-08-30T15:53:44.429-0530][gc,cpu        ] GC(12) User=0.03s Sys=0.00s Real=0.00s
[2019-08-30T15:55:47.874-0530][gc,start      ] GC(13) Pause Young (Normal) (G1 Evacuation Pause)
[2019-08-30T15:55:47.874-0530][gc,task       ] GC(13) Using 4 workers of 4 for evacuation
[2019-08-30T15:55:47.882-0530][gc,phases     ] GC(13)   Pre Evacuate Collection Set: 0.0ms
[2019-08-30T15:55:47.883-0530][gc,phases     ] GC(13)   Evacuate Collection Set: 7.8ms
[2019-08-30T15:55:47.883-0530][gc,phases     ] GC(13)   Post Evacuate Collection Set: 0.4ms
[2019-08-30T15:55:47.883-0530][gc,phases     ] GC(13)   Other: 0.3ms
[2019-08-30T15:55:47.883-0530][gc,heap       ] GC(13) Eden regions: 54->0(94)
[2019-08-30T15:55:47.883-0530][gc,heap       ] GC(13) Survivor regions: 4->3(8)
[2019-08-30T15:55:47.883-0530][gc,heap       ] GC(13) Old regions: 12->12
[2019-08-30T15:55:47.883-0530][gc,heap       ] GC(13) Archive regions: 2->2
[2019-08-30T15:55:47.883-0530][gc,heap       ] GC(13) Humongous regions: 129->129
[2019-08-30T15:55:47.883-0530][gc,metaspace  ] GC(13) Metaspace: 34932K->34932K(1081344K)
[2019-08-30T15:55:47.883-0530][gc            ] GC(13) Pause Young (Normal) (G1 Evacuation Pause) 198M->143M(1024M) 8.809ms
[2019-08-30T15:55:47.883-0530][gc,cpu        ] GC(13) User=0.02s Sys=0.00s Real=0.01s
[2019-08-30T15:58:51.223-0530][gc,start      ] GC(14) Pause Young (Normal) (G1 Evacuation Pause)
[2019-08-30T15:58:51.227-0530][gc,task       ] GC(14) Using 4 workers of 4 for evacuation
[2019-08-30T15:58:51.236-0530][gc,phases     ] GC(14)   Pre Evacuate Collection Set: 0.0ms
[2019-08-30T15:58:51.236-0530][gc,phases     ] GC(14)   Evacuate Collection Set: 7.6ms
[2019-08-30T15:58:51.236-0530][gc,phases     ] GC(14)   Post Evacuate Collection Set: 1.2ms
[2019-08-30T15:58:51.236-0530][gc,phases     ] GC(14)   Other: 4.5ms
[2019-08-30T15:58:51.236-0530][gc,heap       ] GC(14) Eden regions: 94->0(102)
[2019-08-30T15:58:51.236-0530][gc,heap       ] GC(14) Survivor regions: 3->4(13)
[2019-08-30T15:58:51.236-0530][gc,heap       ] GC(14) Old regions: 12->12
[2019-08-30T15:58:51.236-0530][gc,heap       ] GC(14) Archive regions: 2->2
[2019-08-30T15:58:51.237-0530][gc,heap       ] GC(14) Humongous regions: 129->129
[2019-08-30T15:58:51.237-0530][gc,metaspace  ] GC(14) Metaspace: 34957K->34957K(1081344K)
[2019-08-30T15:58:51.237-0530][gc            ] GC(14) Pause Young (Normal) (G1 Evacuation Pause) 237M->144M(1024M) 13.805ms
[2019-08-30T15:58:51.237-0530][gc,cpu        ] GC(14) User=0.03s Sys=0.00s Real=0.01s
[2019-08-30T16:01:20.551-0530][gc,start      ] GC(15) Pause Young (Normal) (G1 Evacuation Pause)
[2019-08-30T16:01:20.568-0530][gc,task       ] GC(15) Using 4 workers of 4 for evacuation
[2019-08-30T16:01:20.578-0530][gc,phases     ] GC(15)   Pre Evacuate Collection Set: 0.0ms
[2019-08-30T16:01:20.579-0530][gc,phases     ] GC(15)   Evacuate Collection Set: 9.2ms
[2019-08-30T16:01:20.579-0530][gc,phases     ] GC(15)   Post Evacuate Collection Set: 0.9ms
[2019-08-30T16:01:20.579-0530][gc,phases     ] GC(15)   Other: 16.9ms
[2019-08-30T16:01:20.579-0530][gc,heap       ] GC(15) Eden regions: 98->0(355)
[2019-08-30T16:01:20.579-0530][gc,heap       ] GC(15) Survivor regions: 4->4(13)
[2019-08-30T16:01:20.579-0530][gc,heap       ] GC(15) Old regions: 12->12
[2019-08-30T16:01:20.579-0530][gc,heap       ] GC(15) Archive regions: 2->2
[2019-08-30T16:01:20.579-0530][gc,heap       ] GC(15) Humongous regions: 129->129
[2019-08-30T16:01:20.579-0530][gc,metaspace  ] GC(15) Metaspace: 36957K->36957K(1083392K)
[2019-08-30T16:01:20.579-0530][gc            ] GC(15) Pause Young (Normal) (G1 Evacuation Pause) 242M->144M(1024M) 27.231ms
[2019-08-30T16:01:20.579-0530][gc,cpu        ] GC(15) User=0.03s Sys=0.00s Real=0.02s
[2019-08-30T16:01:28.481-0530][gc,heap,exit  ] Heap
[2019-08-30T16:01:28.481-0530][gc,heap,exit  ]  garbage-first heap   total 1048576K, used 156291K [0x00000007c0000000, 0x0000000800000000)
[2019-08-30T16:01:28.481-0530][gc,heap,exit  ]   region size 1024K, 13 young (13312K), 4 survivors (4096K)
[2019-08-30T16:01:28.481-0530][gc,heap,exit  ]  Metaspace       used 37469K, capacity 40121K, committed 40240K, reserved 1083392K
[2019-08-30T16:01:28.481-0530][gc,heap,exit  ]   class space    used 5461K, capacity 6692K, committed 6784K, reserved 1048576K
