[2019-08-30T15:27:20.996-0530][gc,heap] Heap region size: 1M
[2019-08-30T15:27:21.030-0530][gc     ] Using G1
[2019-08-30T15:27:21.030-0530][gc,heap,coops] Heap address: 0x00000007c0000000, size: 1024 MB, Compressed Oops mode: Zero based, Oop shift amount: 3
[2019-08-30T15:27:21.030-0530][gc,cds       ] Mark closed archive regions in map: [0x00000007fff00000, 0x00000007fff6fff8]
[2019-08-30T15:27:21.031-0530][gc,cds       ] Mark open archive regions in map: [0x00000007ffe00000, 0x00000007ffe47ff8]
[2019-08-30T15:27:21.145-0530][gc           ] Periodic GC disabled
[2019-08-30T15:27:25.254-0530][gc,start     ] GC(0) Pause Young (Normal) (G1 Evacuation Pause)
[2019-08-30T15:27:25.254-0530][gc,task      ] GC(0) Using 4 workers of 4 for evacuation
[2019-08-30T15:27:25.272-0530][gc,phases    ] GC(0)   Pre Evacuate Collection Set: 0.0ms
[2019-08-30T15:27:25.272-0530][gc,phases    ] GC(0)   Evacuate Collection Set: 16.8ms
[2019-08-30T15:27:25.272-0530][gc,phases    ] GC(0)   Post Evacuate Collection Set: 0.6ms
[2019-08-30T15:27:25.272-0530][gc,phases    ] GC(0)   Other: 0.5ms
[2019-08-30T15:27:25.272-0530][gc,heap      ] GC(0) Eden regions: 51->0(45)
[2019-08-30T15:27:25.272-0530][gc,heap      ] GC(0) Survivor regions: 0->6(7)
[2019-08-30T15:27:25.272-0530][gc,heap      ] GC(0) Old regions: 0->0
[2019-08-30T15:27:25.272-0530][gc,heap      ] GC(0) Archive regions: 2->2
[2019-08-30T15:27:25.272-0530][gc,heap      ] GC(0) Humongous regions: 0->0
[2019-08-30T15:27:25.272-0530][gc,metaspace ] GC(0) Metaspace: 16972K->16972K(1064960K)
[2019-08-30T15:27:25.272-0530][gc           ] GC(0) Pause Young (Normal) (G1 Evacuation Pause) 51M->6M(1024M) 18.230ms
[2019-08-30T15:27:25.272-0530][gc,cpu       ] GC(0) User=0.04s Sys=0.01s Real=0.02s
[2019-08-30T15:27:25.896-0530][gc,start     ] GC(1) Pause Young (Concurrent Start) (Metadata GC Threshold)
[2019-08-30T15:27:25.896-0530][gc,task      ] GC(1) Using 4 workers of 4 for evacuation
[2019-08-30T15:27:25.910-0530][gc,phases    ] GC(1)   Pre Evacuate Collection Set: 0.0ms
[2019-08-30T15:27:25.910-0530][gc,phases    ] GC(1)   Evacuate Collection Set: 13.5ms
[2019-08-30T15:27:25.910-0530][gc,phases    ] GC(1)   Post Evacuate Collection Set: 0.3ms
[2019-08-30T15:27:25.910-0530][gc,phases    ] GC(1)   Other: 0.3ms
[2019-08-30T15:27:25.910-0530][gc,heap      ] GC(1) Eden regions: 14->0(50)
[2019-08-30T15:27:25.910-0530][gc,heap      ] GC(1) Survivor regions: 6->1(7)
[2019-08-30T15:27:25.910-0530][gc,heap      ] GC(1) Old regions: 0->6
[2019-08-30T15:27:25.910-0530][gc,heap      ] GC(1) Archive regions: 2->2
[2019-08-30T15:27:25.910-0530][gc,heap      ] GC(1) Humongous regions: 0->0
[2019-08-30T15:27:25.910-0530][gc,metaspace ] GC(1) Metaspace: 20409K->20409K(1067008K)
[2019-08-30T15:27:25.910-0530][gc           ] GC(1) Pause Young (Concurrent Start) (Metadata GC Threshold) 20M->7M(1024M) 14.442ms
[2019-08-30T15:27:25.910-0530][gc,cpu       ] GC(1) User=0.04s Sys=0.00s Real=0.02s
[2019-08-30T15:27:25.910-0530][gc           ] GC(2) Concurrent Cycle
[2019-08-30T15:27:25.911-0530][gc,marking   ] GC(2) Concurrent Clear Claimed Marks
[2019-08-30T15:27:25.911-0530][gc,marking   ] GC(2) Concurrent Clear Claimed Marks 0.103ms
[2019-08-30T15:27:25.911-0530][gc,marking   ] GC(2) Concurrent Scan Root Regions
[2019-08-30T15:27:25.918-0530][gc,marking   ] GC(2) Concurrent Scan Root Regions 7.064ms
[2019-08-30T15:27:25.918-0530][gc,marking   ] GC(2) Concurrent Mark (5.061s)
[2019-08-30T15:27:25.918-0530][gc,marking   ] GC(2) Concurrent Mark From Roots
[2019-08-30T15:27:25.918-0530][gc,task      ] GC(2) Using 1 workers of 1 for marking
[2019-08-30T15:27:25.920-0530][gc,marking   ] GC(2) Concurrent Mark From Roots 2.440ms
[2019-08-30T15:27:25.920-0530][gc,marking   ] GC(2) Concurrent Preclean
[2019-08-30T15:27:25.920-0530][gc,marking   ] GC(2) Concurrent Preclean 0.065ms
[2019-08-30T15:27:25.920-0530][gc,marking   ] GC(2) Concurrent Mark (5.061s, 5.063s) 2.653ms
[2019-08-30T15:27:25.921-0530][gc,start     ] GC(2) Pause Remark
[2019-08-30T15:27:25.923-0530][gc,stringtable] GC(2) Cleaned string table, strings: 4707 processed, 0 removed
[2019-08-30T15:27:25.923-0530][gc            ] GC(2) Pause Remark 7M->7M(1024M) 2.069ms
[2019-08-30T15:27:25.923-0530][gc,cpu        ] GC(2) User=0.00s Sys=0.00s Real=0.00s
[2019-08-30T15:27:25.923-0530][gc,marking    ] GC(2) Concurrent Rebuild Remembered Sets
[2019-08-30T15:27:25.930-0530][gc,marking    ] GC(2) Concurrent Rebuild Remembered Sets 7.122ms
[2019-08-30T15:27:25.933-0530][gc,start      ] GC(2) Pause Cleanup
[2019-08-30T15:27:25.933-0530][gc            ] GC(2) Pause Cleanup 7M->7M(1024M) 0.254ms
[2019-08-30T15:27:25.933-0530][gc,cpu        ] GC(2) User=0.00s Sys=0.00s Real=0.00s
[2019-08-30T15:27:25.933-0530][gc,marking    ] GC(2) Concurrent Cleanup for Next Mark
[2019-08-30T15:27:25.949-0530][gc,marking    ] GC(2) Concurrent Cleanup for Next Mark 15.407ms
[2019-08-30T15:27:25.949-0530][gc            ] GC(2) Concurrent Cycle 38.422ms
[2019-08-30T15:27:29.023-0530][gc,start      ] GC(3) Pause Young (Normal) (G1 Evacuation Pause)
[2019-08-30T15:27:29.024-0530][gc,task       ] GC(3) Using 4 workers of 4 for evacuation
[2019-08-30T15:27:29.032-0530][gc,phases     ] GC(3)   Pre Evacuate Collection Set: 0.0ms
[2019-08-30T15:27:29.032-0530][gc,phases     ] GC(3)   Evacuate Collection Set: 7.2ms
[2019-08-30T15:27:29.032-0530][gc,phases     ] GC(3)   Post Evacuate Collection Set: 0.6ms
[2019-08-30T15:27:29.032-0530][gc,phases     ] GC(3)   Other: 0.3ms
[2019-08-30T15:27:29.032-0530][gc,heap       ] GC(3) Eden regions: 50->0(46)
[2019-08-30T15:27:29.032-0530][gc,heap       ] GC(3) Survivor regions: 1->5(7)
[2019-08-30T15:27:29.032-0530][gc,heap       ] GC(3) Old regions: 6->6
[2019-08-30T15:27:29.032-0530][gc,heap       ] GC(3) Archive regions: 2->2
[2019-08-30T15:27:29.032-0530][gc,heap       ] GC(3) Humongous regions: 129->129
[2019-08-30T15:27:29.032-0530][gc,metaspace  ] GC(3) Metaspace: 29121K->29121K(1075200K)
[2019-08-30T15:27:29.032-0530][gc            ] GC(3) Pause Young (Normal) (G1 Evacuation Pause) 186M->140M(1024M) 8.582ms
[2019-08-30T15:27:29.032-0530][gc,cpu        ] GC(3) User=0.03s Sys=0.00s Real=0.01s
[2019-08-30T15:29:57.048-0530][gc,start      ] GC(4) Pause Young (Normal) (G1 Evacuation Pause)
[2019-08-30T15:29:57.076-0530][gc,task       ] GC(4) Using 4 workers of 4 for evacuation
[2019-08-30T15:29:57.090-0530][gc,phases     ] GC(4)   Pre Evacuate Collection Set: 0.1ms
[2019-08-30T15:29:57.090-0530][gc,phases     ] GC(4)   Evacuate Collection Set: 13.2ms
[2019-08-30T15:29:57.090-0530][gc,phases     ] GC(4)   Post Evacuate Collection Set: 0.6ms
[2019-08-30T15:29:57.090-0530][gc,phases     ] GC(4)   Other: 27.9ms
[2019-08-30T15:29:57.090-0530][gc,heap       ] GC(4) Eden regions: 46->0(47)
[2019-08-30T15:29:57.090-0530][gc,heap       ] GC(4) Survivor regions: 5->4(7)
[2019-08-30T15:29:57.090-0530][gc,heap       ] GC(4) Old regions: 6->11
[2019-08-30T15:29:57.090-0530][gc,heap       ] GC(4) Archive regions: 2->2
[2019-08-30T15:29:57.090-0530][gc,heap       ] GC(4) Humongous regions: 129->129
[2019-08-30T15:29:57.090-0530][gc,metaspace  ] GC(4) Metaspace: 32995K->32995K(1079296K)
[2019-08-30T15:29:57.090-0530][gc            ] GC(4) Pause Young (Normal) (G1 Evacuation Pause) 186M->143M(1024M) 42.109ms
[2019-08-30T15:29:57.090-0530][gc,cpu        ] GC(4) User=0.04s Sys=0.01s Real=0.05s
[2019-08-30T15:32:08.589-0530][gc,start      ] GC(5) Pause Young (Normal) (G1 Evacuation Pause)
[2019-08-30T15:32:08.608-0530][gc,task       ] GC(5) Using 4 workers of 4 for evacuation
[2019-08-30T15:32:08.615-0530][gc,phases     ] GC(5)   Pre Evacuate Collection Set: 0.0ms
[2019-08-30T15:32:08.615-0530][gc,phases     ] GC(5)   Evacuate Collection Set: 6.2ms
[2019-08-30T15:32:08.615-0530][gc,phases     ] GC(5)   Post Evacuate Collection Set: 0.9ms
[2019-08-30T15:32:08.615-0530][gc,phases     ] GC(5)   Other: 18.8ms
[2019-08-30T15:32:08.615-0530][gc,heap       ] GC(5) Eden regions: 47->0(47)
[2019-08-30T15:32:08.615-0530][gc,heap       ] GC(5) Survivor regions: 4->4(7)
[2019-08-30T15:32:08.615-0530][gc,heap       ] GC(5) Old regions: 11->11
[2019-08-30T15:32:08.615-0530][gc,heap       ] GC(5) Archive regions: 2->2
[2019-08-30T15:32:08.615-0530][gc,heap       ] GC(5) Humongous regions: 129->129
[2019-08-30T15:32:08.615-0530][gc,metaspace  ] GC(5) Metaspace: 33895K->33895K(1079296K)
[2019-08-30T15:32:08.615-0530][gc            ] GC(5) Pause Young (Normal) (G1 Evacuation Pause) 190M->143M(1024M) 26.272ms
[2019-08-30T15:32:08.615-0530][gc,cpu        ] GC(5) User=0.02s Sys=0.00s Real=0.03s
[2019-08-30T15:32:23.008-0530][gc,start      ] GC(6) Pause Young (Concurrent Start) (Metadata GC Threshold)
[2019-08-30T15:32:23.008-0530][gc,task       ] GC(6) Using 4 workers of 4 for evacuation
[2019-08-30T15:32:23.015-0530][gc,phases     ] GC(6)   Pre Evacuate Collection Set: 0.1ms
[2019-08-30T15:32:23.016-0530][gc,phases     ] GC(6)   Evacuate Collection Set: 7.1ms
[2019-08-30T15:32:23.016-0530][gc,phases     ] GC(6)   Post Evacuate Collection Set: 0.4ms
[2019-08-30T15:32:23.016-0530][gc,phases     ] GC(6)   Other: 0.3ms
[2019-08-30T15:32:23.016-0530][gc,heap       ] GC(6) Eden regions: 7->0(47)
[2019-08-30T15:32:23.016-0530][gc,heap       ] GC(6) Survivor regions: 4->4(7)
[2019-08-30T15:32:23.016-0530][gc,heap       ] GC(6) Old regions: 11->11
[2019-08-30T15:32:23.016-0530][gc,heap       ] GC(6) Archive regions: 2->2
[2019-08-30T15:32:23.016-0530][gc,heap       ] GC(6) Humongous regions: 129->129
[2019-08-30T15:32:23.016-0530][gc,metaspace  ] GC(6) Metaspace: 33911K->33911K(1079296K)
[2019-08-30T15:32:23.016-0530][gc            ] GC(6) Pause Young (Concurrent Start) (Metadata GC Threshold) 150M->143M(1024M) 8.197ms
[2019-08-30T15:32:23.016-0530][gc,cpu        ] GC(6) User=0.02s Sys=0.00s Real=0.01s
[2019-08-30T15:32:23.016-0530][gc            ] GC(7) Concurrent Cycle
[2019-08-30T15:32:23.016-0530][gc,marking    ] GC(7) Concurrent Clear Claimed Marks
[2019-08-30T15:32:23.016-0530][gc,marking    ] GC(7) Concurrent Clear Claimed Marks 0.150ms
[2019-08-30T15:32:23.016-0530][gc,marking    ] GC(7) Concurrent Scan Root Regions
[2019-08-30T15:32:23.021-0530][gc,marking    ] GC(7) Concurrent Scan Root Regions 4.681ms
[2019-08-30T15:32:23.021-0530][gc,marking    ] GC(7) Concurrent Mark (302.171s)
[2019-08-30T15:32:23.021-0530][gc,marking    ] GC(7) Concurrent Mark From Roots
[2019-08-30T15:32:23.021-0530][gc,task       ] GC(7) Using 1 workers of 1 for marking
[2019-08-30T15:32:23.043-0530][gc,marking    ] GC(7) Concurrent Mark From Roots 22.578ms
[2019-08-30T15:32:23.044-0530][gc,marking    ] GC(7) Concurrent Preclean
[2019-08-30T15:32:23.044-0530][gc,marking    ] GC(7) Concurrent Preclean 0.112ms
[2019-08-30T15:32:23.044-0530][gc,marking    ] GC(7) Concurrent Mark (302.171s, 302.194s) 22.818ms
[2019-08-30T15:32:23.044-0530][gc,start      ] GC(7) Pause Remark
[2019-08-30T15:32:23.056-0530][gc,stringtable] GC(7) Cleaned string table, strings: 9098 processed, 14 removed
[2019-08-30T15:32:23.056-0530][gc            ] GC(7) Pause Remark 143M->143M(1024M) 12.398ms
[2019-08-30T15:32:23.056-0530][gc,cpu        ] GC(7) User=0.02s Sys=0.01s Real=0.01s
[2019-08-30T15:32:23.057-0530][gc,marking    ] GC(7) Concurrent Rebuild Remembered Sets
[2019-08-30T15:32:23.069-0530][gc,marking    ] GC(7) Concurrent Rebuild Remembered Sets 12.840ms
[2019-08-30T15:32:23.070-0530][gc,start      ] GC(7) Pause Cleanup
[2019-08-30T15:32:23.070-0530][gc            ] GC(7) Pause Cleanup 144M->144M(1024M) 0.199ms
[2019-08-30T15:32:23.070-0530][gc,cpu        ] GC(7) User=0.00s Sys=0.00s Real=0.00s
[2019-08-30T15:32:23.070-0530][gc,marking    ] GC(7) Concurrent Cleanup for Next Mark
[2019-08-30T15:32:23.084-0530][gc,marking    ] GC(7) Concurrent Cleanup for Next Mark 14.217ms
[2019-08-30T15:32:23.146-0530][gc            ] GC(7) Concurrent Cycle 130.070ms
[2019-08-30T15:34:50.629-0530][gc,start      ] GC(8) Pause Young (Normal) (G1 Evacuation Pause)
[2019-08-30T15:34:50.665-0530][gc,task       ] GC(8) Using 4 workers of 4 for evacuation
[2019-08-30T15:34:50.675-0530][gc,phases     ] GC(8)   Pre Evacuate Collection Set: 0.0ms
[2019-08-30T15:34:50.675-0530][gc,phases     ] GC(8)   Evacuate Collection Set: 8.9ms
[2019-08-30T15:34:50.675-0530][gc,phases     ] GC(8)   Post Evacuate Collection Set: 0.5ms
[2019-08-30T15:34:50.675-0530][gc,phases     ] GC(8)   Other: 36.6ms
[2019-08-30T15:34:50.675-0530][gc,heap       ] GC(8) Eden regions: 47->0(48)
[2019-08-30T15:34:50.675-0530][gc,heap       ] GC(8) Survivor regions: 4->3(7)
[2019-08-30T15:34:50.675-0530][gc,heap       ] GC(8) Old regions: 11->12
[2019-08-30T15:34:50.675-0530][gc,heap       ] GC(8) Archive regions: 2->2
[2019-08-30T15:34:50.675-0530][gc,heap       ] GC(8) Humongous regions: 129->129
[2019-08-30T15:34:50.675-0530][gc,metaspace  ] GC(8) Metaspace: 34662K->34662K(1081344K)
[2019-08-30T15:34:50.675-0530][gc            ] GC(8) Pause Young (Normal) (G1 Evacuation Pause) 190M->144M(1024M) 46.273ms
[2019-08-30T15:34:50.675-0530][gc,cpu        ] GC(8) User=0.03s Sys=0.00s Real=0.05s
[2019-08-30T15:39:32.910-0530][gc,start      ] GC(9) Pause Young (Normal) (G1 Evacuation Pause)
[2019-08-30T15:39:32.910-0530][gc,task       ] GC(9) Using 4 workers of 4 for evacuation
[2019-08-30T15:39:32.920-0530][gc,phases     ] GC(9)   Pre Evacuate Collection Set: 0.0ms
[2019-08-30T15:39:32.920-0530][gc,phases     ] GC(9)   Evacuate Collection Set: 8.9ms
[2019-08-30T15:39:32.920-0530][gc,phases     ] GC(9)   Post Evacuate Collection Set: 0.4ms
[2019-08-30T15:39:32.920-0530][gc,phases     ] GC(9)   Other: 0.3ms
[2019-08-30T15:39:32.920-0530][gc,heap       ] GC(9) Eden regions: 48->0(45)
[2019-08-30T15:39:32.920-0530][gc,heap       ] GC(9) Survivor regions: 3->6(7)
[2019-08-30T15:39:32.920-0530][gc,heap       ] GC(9) Old regions: 12->12
[2019-08-30T15:39:32.920-0530][gc,heap       ] GC(9) Archive regions: 2->2
[2019-08-30T15:39:32.920-0530][gc,heap       ] GC(9) Humongous regions: 129->129
[2019-08-30T15:39:32.920-0530][gc,metaspace  ] GC(9) Metaspace: 34833K->34833K(1081344K)
[2019-08-30T15:39:32.920-0530][gc            ] GC(9) Pause Young (Normal) (G1 Evacuation Pause) 192M->146M(1024M) 9.878ms
[2019-08-30T15:39:32.920-0530][gc,cpu        ] GC(9) User=0.03s Sys=0.00s Real=0.01s
[2019-08-30T15:42:39.475-0530][gc,start      ] GC(10) Pause Young (Normal) (G1 Evacuation Pause)
[2019-08-30T15:42:39.549-0530][gc,task       ] GC(10) Using 4 workers of 4 for evacuation
[2019-08-30T15:42:39.561-0530][gc,phases     ] GC(10)   Pre Evacuate Collection Set: 0.0ms
[2019-08-30T15:42:39.561-0530][gc,phases     ] GC(10)   Evacuate Collection Set: 10.5ms
[2019-08-30T15:42:39.561-0530][gc,phases     ] GC(10)   Post Evacuate Collection Set: 0.9ms
[2019-08-30T15:42:39.561-0530][gc,phases     ] GC(10)   Other: 74.8ms
[2019-08-30T15:42:39.561-0530][gc,heap       ] GC(10) Eden regions: 45->0(46)
[2019-08-30T15:42:39.561-0530][gc,heap       ] GC(10) Survivor regions: 6->5(7)
[2019-08-30T15:42:39.561-0530][gc,heap       ] GC(10) Old regions: 12->13
[2019-08-30T15:42:39.561-0530][gc,heap       ] GC(10) Archive regions: 2->2
[2019-08-30T15:42:39.561-0530][gc,heap       ] GC(10) Humongous regions: 129->129
[2019-08-30T15:42:39.561-0530][gc,metaspace  ] GC(10) Metaspace: 34969K->34969K(1081344K)
[2019-08-30T15:42:39.561-0530][gc            ] GC(10) Pause Young (Normal) (G1 Evacuation Pause) 191M->147M(1024M) 86.684ms
[2019-08-30T15:42:39.561-0530][gc,cpu        ] GC(10) User=0.04s Sys=0.00s Real=0.09s
[2019-08-30T15:45:21.629-0530][gc,start      ] GC(11) Pause Young (Normal) (G1 Evacuation Pause)
[2019-08-30T15:45:21.680-0530][gc,task       ] GC(11) Using 4 workers of 4 for evacuation
[2019-08-30T15:45:21.693-0530][gc,phases     ] GC(11)   Pre Evacuate Collection Set: 0.0ms
[2019-08-30T15:45:21.693-0530][gc,phases     ] GC(11)   Evacuate Collection Set: 11.9ms
[2019-08-30T15:45:21.693-0530][gc,phases     ] GC(11)   Post Evacuate Collection Set: 0.3ms
[2019-08-30T15:45:21.693-0530][gc,phases     ] GC(11)   Other: 51.9ms
[2019-08-30T15:45:21.693-0530][gc,heap       ] GC(11) Eden regions: 46->0(45)
[2019-08-30T15:45:21.693-0530][gc,heap       ] GC(11) Survivor regions: 5->6(7)
[2019-08-30T15:45:21.693-0530][gc,heap       ] GC(11) Old regions: 13->15
[2019-08-30T15:45:21.693-0530][gc,heap       ] GC(11) Archive regions: 2->2
[2019-08-30T15:45:21.693-0530][gc,heap       ] GC(11) Humongous regions: 129->129
[2019-08-30T15:45:21.693-0530][gc,metaspace  ] GC(11) Metaspace: 35036K->35036K(1081344K)
[2019-08-30T15:45:21.693-0530][gc            ] GC(11) Pause Young (Normal) (G1 Evacuation Pause) 193M->149M(1024M) 64.288ms
[2019-08-30T15:45:21.693-0530][gc,cpu        ] GC(11) User=0.05s Sys=0.00s Real=0.07s
[2019-08-30T15:46:59.468-0530][gc,start      ] GC(12) Pause Young (Normal) (G1 Evacuation Pause)
[2019-08-30T15:46:59.516-0530][gc,task       ] GC(12) Using 4 workers of 4 for evacuation
[2019-08-30T15:46:59.530-0530][gc,phases     ] GC(12)   Pre Evacuate Collection Set: 0.0ms
[2019-08-30T15:46:59.530-0530][gc,phases     ] GC(12)   Evacuate Collection Set: 12.8ms
[2019-08-30T15:46:59.530-0530][gc,phases     ] GC(12)   Post Evacuate Collection Set: 0.4ms
[2019-08-30T15:46:59.530-0530][gc,phases     ] GC(12)   Other: 48.1ms
[2019-08-30T15:46:59.530-0530][gc,heap       ] GC(12) Eden regions: 45->0(44)
[2019-08-30T15:46:59.530-0530][gc,heap       ] GC(12) Survivor regions: 6->7(7)
[2019-08-30T15:46:59.530-0530][gc,heap       ] GC(12) Old regions: 15->17
[2019-08-30T15:46:59.530-0530][gc,heap       ] GC(12) Archive regions: 2->2
[2019-08-30T15:46:59.530-0530][gc,heap       ] GC(12) Humongous regions: 129->129
[2019-08-30T15:46:59.530-0530][gc,metaspace  ] GC(12) Metaspace: 35043K->35043K(1081344K)
[2019-08-30T15:46:59.530-0530][gc            ] GC(12) Pause Young (Normal) (G1 Evacuation Pause) 194M->152M(1024M) 61.699ms
[2019-08-30T15:46:59.530-0530][gc,cpu        ] GC(12) User=0.05s Sys=0.00s Real=0.07s
[2019-08-30T15:48:29.894-0530][gc,start      ] GC(13) Pause Young (Normal) (G1 Evacuation Pause)
[2019-08-30T15:48:29.894-0530][gc,task       ] GC(13) Using 4 workers of 4 for evacuation
[2019-08-30T15:48:29.911-0530][gc,phases     ] GC(13)   Pre Evacuate Collection Set: 0.0ms
[2019-08-30T15:48:29.911-0530][gc,phases     ] GC(13)   Evacuate Collection Set: 15.5ms
[2019-08-30T15:48:29.911-0530][gc,phases     ] GC(13)   Post Evacuate Collection Set: 0.4ms
[2019-08-30T15:48:29.911-0530][gc,phases     ] GC(13)   Other: 0.4ms
[2019-08-30T15:48:29.911-0530][gc,heap       ] GC(13) Eden regions: 44->0(44)
[2019-08-30T15:48:29.911-0530][gc,heap       ] GC(13) Survivor regions: 7->7(7)
[2019-08-30T15:48:29.911-0530][gc,heap       ] GC(13) Old regions: 17->20
[2019-08-30T15:48:29.911-0530][gc,heap       ] GC(13) Archive regions: 2->2
[2019-08-30T15:48:29.911-0530][gc,heap       ] GC(13) Humongous regions: 129->129
[2019-08-30T15:48:29.911-0530][gc,metaspace  ] GC(13) Metaspace: 35074K->35074K(1081344K)
[2019-08-30T15:48:29.911-0530][gc            ] GC(13) Pause Young (Normal) (G1 Evacuation Pause) 196M->156M(1024M) 16.600ms
[2019-08-30T15:48:29.911-0530][gc,cpu        ] GC(13) User=0.05s Sys=0.00s Real=0.02s
[2019-08-30T15:49:55.675-0530][gc,start      ] GC(14) Pause Young (Normal) (G1 Evacuation Pause)
[2019-08-30T15:49:55.748-0530][gc,task       ] GC(14) Using 4 workers of 4 for evacuation
[2019-08-30T15:49:55.764-0530][gc,phases     ] GC(14)   Pre Evacuate Collection Set: 0.0ms
[2019-08-30T15:49:55.764-0530][gc,phases     ] GC(14)   Evacuate Collection Set: 14.9ms
[2019-08-30T15:49:55.764-0530][gc,phases     ] GC(14)   Post Evacuate Collection Set: 0.3ms
[2019-08-30T15:49:55.764-0530][gc,phases     ] GC(14)   Other: 73.7ms
[2019-08-30T15:49:55.764-0530][gc,heap       ] GC(14) Eden regions: 44->0(47)
[2019-08-30T15:49:55.764-0530][gc,heap       ] GC(14) Survivor regions: 7->4(7)
[2019-08-30T15:49:55.764-0530][gc,heap       ] GC(14) Old regions: 20->25
[2019-08-30T15:49:55.764-0530][gc,heap       ] GC(14) Archive regions: 2->2
[2019-08-30T15:49:55.764-0530][gc,heap       ] GC(14) Humongous regions: 129->129
[2019-08-30T15:49:55.764-0530][gc,metaspace  ] GC(14) Metaspace: 35090K->35090K(1081344K)
[2019-08-30T15:49:55.764-0530][gc            ] GC(14) Pause Young (Normal) (G1 Evacuation Pause) 200M->158M(1024M) 89.160ms
[2019-08-30T15:49:55.764-0530][gc,cpu        ] GC(14) User=0.05s Sys=0.01s Real=0.09s
[2019-08-30T15:51:26.301-0530][gc,start      ] GC(15) Pause Young (Normal) (G1 Evacuation Pause)
[2019-08-30T15:51:26.301-0530][gc,task       ] GC(15) Using 4 workers of 4 for evacuation
[2019-08-30T15:51:26.311-0530][gc,phases     ] GC(15)   Pre Evacuate Collection Set: 0.0ms
[2019-08-30T15:51:26.311-0530][gc,phases     ] GC(15)   Evacuate Collection Set: 9.3ms
[2019-08-30T15:51:26.311-0530][gc,phases     ] GC(15)   Post Evacuate Collection Set: 0.3ms
[2019-08-30T15:51:26.311-0530][gc,phases     ] GC(15)   Other: 0.3ms
[2019-08-30T15:51:26.311-0530][gc,heap       ] GC(15) Eden regions: 47->0(46)
[2019-08-30T15:51:26.311-0530][gc,heap       ] GC(15) Survivor regions: 4->5(7)
[2019-08-30T15:51:26.311-0530][gc,heap       ] GC(15) Old regions: 25->25
[2019-08-30T15:51:26.311-0530][gc,heap       ] GC(15) Archive regions: 2->2
[2019-08-30T15:51:26.311-0530][gc,heap       ] GC(15) Humongous regions: 129->129
[2019-08-30T15:51:26.311-0530][gc,metaspace  ] GC(15) Metaspace: 35094K->35094K(1081344K)
[2019-08-30T15:51:26.311-0530][gc            ] GC(15) Pause Young (Normal) (G1 Evacuation Pause) 205M->159M(1024M) 10.165ms
[2019-08-30T15:51:26.311-0530][gc,cpu        ] GC(15) User=0.04s Sys=0.00s Real=0.01s
[2019-08-30T15:52:56.461-0530][gc,start      ] GC(16) Pause Young (Normal) (G1 Evacuation Pause)
[2019-08-30T15:52:56.461-0530][gc,task       ] GC(16) Using 4 workers of 4 for evacuation
[2019-08-30T15:52:56.475-0530][gc,phases     ] GC(16)   Pre Evacuate Collection Set: 0.0ms
[2019-08-30T15:52:56.475-0530][gc,phases     ] GC(16)   Evacuate Collection Set: 13.4ms
[2019-08-30T15:52:56.475-0530][gc,phases     ] GC(16)   Post Evacuate Collection Set: 0.3ms
[2019-08-30T15:52:56.475-0530][gc,phases     ] GC(16)   Other: 0.3ms
[2019-08-30T15:52:56.475-0530][gc,heap       ] GC(16) Eden regions: 46->0(45)
[2019-08-30T15:52:56.475-0530][gc,heap       ] GC(16) Survivor regions: 5->6(7)
[2019-08-30T15:52:56.475-0530][gc,heap       ] GC(16) Old regions: 25->27
[2019-08-30T15:52:56.475-0530][gc,heap       ] GC(16) Archive regions: 2->2
[2019-08-30T15:52:56.475-0530][gc,heap       ] GC(16) Humongous regions: 129->129
[2019-08-30T15:52:56.475-0530][gc,metaspace  ] GC(16) Metaspace: 35100K->35100K(1081344K)
[2019-08-30T15:52:56.475-0530][gc            ] GC(16) Pause Young (Normal) (G1 Evacuation Pause) 205M->162M(1024M) 14.253ms
[2019-08-30T15:52:56.475-0530][gc,cpu        ] GC(16) User=0.05s Sys=0.00s Real=0.01s
[2019-08-30T15:54:23.578-0530][gc,start      ] GC(17) Pause Young (Normal) (G1 Evacuation Pause)
[2019-08-30T15:54:23.578-0530][gc,task       ] GC(17) Using 4 workers of 4 for evacuation
[2019-08-30T15:54:23.592-0530][gc,phases     ] GC(17)   Pre Evacuate Collection Set: 0.0ms
[2019-08-30T15:54:23.592-0530][gc,phases     ] GC(17)   Evacuate Collection Set: 13.1ms
[2019-08-30T15:54:23.592-0530][gc,phases     ] GC(17)   Post Evacuate Collection Set: 0.2ms
[2019-08-30T15:54:23.592-0530][gc,phases     ] GC(17)   Other: 0.3ms
[2019-08-30T15:54:23.592-0530][gc,heap       ] GC(17) Eden regions: 45->0(49)
[2019-08-30T15:54:23.592-0530][gc,heap       ] GC(17) Survivor regions: 6->6(7)
[2019-08-30T15:54:23.592-0530][gc,heap       ] GC(17) Old regions: 27->30
[2019-08-30T15:54:23.592-0530][gc,heap       ] GC(17) Archive regions: 2->2
[2019-08-30T15:54:23.592-0530][gc,heap       ] GC(17) Humongous regions: 129->129
[2019-08-30T15:54:23.592-0530][gc,metaspace  ] GC(17) Metaspace: 35108K->35108K(1081344K)
[2019-08-30T15:54:23.592-0530][gc            ] GC(17) Pause Young (Normal) (G1 Evacuation Pause) 207M->164M(1024M) 13.926ms
[2019-08-30T15:54:23.592-0530][gc,cpu        ] GC(17) User=0.05s Sys=0.00s Real=0.02s
[2019-08-30T15:55:53.659-0530][gc,start      ] GC(18) Pause Young (Normal) (G1 Evacuation Pause)
[2019-08-30T15:55:53.659-0530][gc,task       ] GC(18) Using 4 workers of 4 for evacuation
[2019-08-30T15:55:53.675-0530][gc,phases     ] GC(18)   Pre Evacuate Collection Set: 0.0ms
[2019-08-30T15:55:53.675-0530][gc,phases     ] GC(18)   Evacuate Collection Set: 15.8ms
[2019-08-30T15:55:53.675-0530][gc,phases     ] GC(18)   Post Evacuate Collection Set: 0.3ms
[2019-08-30T15:55:53.675-0530][gc,phases     ] GC(18)   Other: 0.4ms
[2019-08-30T15:55:53.676-0530][gc,heap       ] GC(18) Eden regions: 46->0(48)
[2019-08-30T15:55:53.676-0530][gc,heap       ] GC(18) Survivor regions: 6->6(7)
[2019-08-30T15:55:53.676-0530][gc,heap       ] GC(18) Old regions: 30->32
[2019-08-30T15:55:53.676-0530][gc,heap       ] GC(18) Archive regions: 2->2
[2019-08-30T15:55:53.676-0530][gc,heap       ] GC(18) Humongous regions: 129->129
[2019-08-30T15:55:53.676-0530][gc,metaspace  ] GC(18) Metaspace: 35122K->35122K(1081344K)
[2019-08-30T15:55:53.676-0530][gc            ] GC(18) Pause Young (Normal) (G1 Evacuation Pause) 210M->167M(1024M) 16.888ms
[2019-08-30T15:55:53.676-0530][gc,cpu        ] GC(18) User=0.05s Sys=0.00s Real=0.02s
[2019-08-30T15:57:03.680-0530][gc,start      ] GC(19) Pause Young (Normal) (G1 Evacuation Pause)
[2019-08-30T15:57:03.680-0530][gc,task       ] GC(19) Using 4 workers of 4 for evacuation
[2019-08-30T15:57:03.694-0530][gc,phases     ] GC(19)   Pre Evacuate Collection Set: 0.0ms
[2019-08-30T15:57:03.694-0530][gc,phases     ] GC(19)   Evacuate Collection Set: 13.2ms
[2019-08-30T15:57:03.694-0530][gc,phases     ] GC(19)   Post Evacuate Collection Set: 0.3ms
[2019-08-30T15:57:03.694-0530][gc,phases     ] GC(19)   Other: 0.3ms
[2019-08-30T15:57:03.694-0530][gc,heap       ] GC(19) Eden regions: 45->0(50)
[2019-08-30T15:57:03.694-0530][gc,heap       ] GC(19) Survivor regions: 6->5(7)
[2019-08-30T15:57:03.694-0530][gc,heap       ] GC(19) Old regions: 32->35
[2019-08-30T15:57:03.694-0530][gc,heap       ] GC(19) Archive regions: 2->2
[2019-08-30T15:57:03.694-0530][gc,heap       ] GC(19) Humongous regions: 129->129
[2019-08-30T15:57:03.694-0530][gc,metaspace  ] GC(19) Metaspace: 35127K->35127K(1081344K)
[2019-08-30T15:57:03.694-0530][gc            ] GC(19) Pause Young (Normal) (G1 Evacuation Pause) 212M->169M(1024M) 14.047ms
[2019-08-30T15:57:03.694-0530][gc,cpu        ] GC(19) User=0.04s Sys=0.01s Real=0.01s
[2019-08-30T15:58:27.394-0530][gc,start      ] GC(20) Pause Young (Normal) (G1 Evacuation Pause)
[2019-08-30T15:58:27.431-0530][gc,task       ] GC(20) Using 4 workers of 4 for evacuation
[2019-08-30T15:58:27.458-0530][gc,mmu        ] GC(20) MMU target violated: 21.0ms (20.0ms/21.0ms)
[2019-08-30T15:58:27.458-0530][gc,phases     ] GC(20)   Pre Evacuate Collection Set: 0.2ms
[2019-08-30T15:58:27.458-0530][gc,phases     ] GC(20)   Evacuate Collection Set: 25.0ms
[2019-08-30T15:58:27.458-0530][gc,phases     ] GC(20)   Post Evacuate Collection Set: 0.3ms
[2019-08-30T15:58:27.458-0530][gc,phases     ] GC(20)   Other: 38.4ms
[2019-08-30T15:58:27.458-0530][gc,heap       ] GC(20) Eden regions: 47->0(45)
[2019-08-30T15:58:27.458-0530][gc,heap       ] GC(20) Survivor regions: 5->6(7)
[2019-08-30T15:58:27.458-0530][gc,heap       ] GC(20) Old regions: 35->37
[2019-08-30T15:58:27.458-0530][gc,heap       ] GC(20) Archive regions: 2->2
[2019-08-30T15:58:27.458-0530][gc,heap       ] GC(20) Humongous regions: 129->129
[2019-08-30T15:58:27.458-0530][gc,metaspace  ] GC(20) Metaspace: 35132K->35132K(1081344K)
[2019-08-30T15:58:27.458-0530][gc            ] GC(20) Pause Young (Normal) (G1 Evacuation Pause) 216M->172M(1024M) 64.426ms
[2019-08-30T15:58:27.458-0530][gc,cpu        ] GC(20) User=0.07s Sys=0.00s Real=0.06s
[2019-08-30T15:59:39.576-0530][gc,start      ] GC(21) Pause Young (Normal) (G1 Evacuation Pause)
[2019-08-30T15:59:39.579-0530][gc,task       ] GC(21) Using 4 workers of 4 for evacuation
[2019-08-30T15:59:39.594-0530][gc,phases     ] GC(21)   Pre Evacuate Collection Set: 0.0ms
[2019-08-30T15:59:39.594-0530][gc,phases     ] GC(21)   Evacuate Collection Set: 14.6ms
[2019-08-30T15:59:39.594-0530][gc,phases     ] GC(21)   Post Evacuate Collection Set: 0.4ms
[2019-08-30T15:59:39.594-0530][gc,phases     ] GC(21)   Other: 3.0ms
[2019-08-30T15:59:39.595-0530][gc,heap       ] GC(21) Eden regions: 45->0(49)
[2019-08-30T15:59:39.595-0530][gc,heap       ] GC(21) Survivor regions: 6->4(7)
[2019-08-30T15:59:39.595-0530][gc,heap       ] GC(21) Old regions: 37->42
[2019-08-30T15:59:39.595-0530][gc,heap       ] GC(21) Archive regions: 2->2
[2019-08-30T15:59:39.595-0530][gc,heap       ] GC(21) Humongous regions: 129->129
[2019-08-30T15:59:39.595-0530][gc,metaspace  ] GC(21) Metaspace: 35144K->35144K(1081344K)
[2019-08-30T15:59:39.595-0530][gc            ] GC(21) Pause Young (Normal) (G1 Evacuation Pause) 217M->174M(1024M) 18.236ms
[2019-08-30T15:59:39.595-0530][gc,cpu        ] GC(21) User=0.05s Sys=0.01s Real=0.02s
[2019-08-30T16:00:55.138-0530][gc,start      ] GC(22) Pause Young (Normal) (G1 Evacuation Pause)
[2019-08-30T16:00:55.176-0530][gc,task       ] GC(22) Using 4 workers of 4 for evacuation
[2019-08-30T16:00:55.188-0530][gc,phases     ] GC(22)   Pre Evacuate Collection Set: 0.2ms
[2019-08-30T16:00:55.188-0530][gc,phases     ] GC(22)   Evacuate Collection Set: 11.2ms
[2019-08-30T16:00:55.188-0530][gc,phases     ] GC(22)   Post Evacuate Collection Set: 0.5ms
[2019-08-30T16:00:55.188-0530][gc,phases     ] GC(22)   Other: 38.3ms
[2019-08-30T16:00:55.188-0530][gc,heap       ] GC(22) Eden regions: 47->0(51)
[2019-08-30T16:00:55.188-0530][gc,heap       ] GC(22) Survivor regions: 4->5(7)
[2019-08-30T16:00:55.188-0530][gc,heap       ] GC(22) Old regions: 42->42
[2019-08-30T16:00:55.188-0530][gc,heap       ] GC(22) Archive regions: 2->2
[2019-08-30T16:00:55.188-0530][gc,heap       ] GC(22) Humongous regions: 129->129
[2019-08-30T16:00:55.188-0530][gc,metaspace  ] GC(22) Metaspace: 35150K->35150K(1081344K)
[2019-08-30T16:00:55.188-0530][gc            ] GC(22) Pause Young (Normal) (G1 Evacuation Pause) 221M->175M(1024M) 50.461ms
[2019-08-30T16:00:55.188-0530][gc,cpu        ] GC(22) User=0.04s Sys=0.00s Real=0.05s
[2019-08-30T16:01:33.392-0530][gc,heap,exit  ] Heap
[2019-08-30T16:01:33.392-0530][gc,heap,exit  ]  garbage-first heap   total 1048576K, used 215588K [0x00000007c0000000, 0x0000000800000000)
[2019-08-30T16:01:33.392-0530][gc,heap,exit  ]   region size 1024K, 42 young (43008K), 5 survivors (5120K)
[2019-08-30T16:01:33.393-0530][gc,heap,exit  ]  Metaspace       used 37344K, capacity 39942K, committed 40112K, reserved 1083392K
[2019-08-30T16:01:33.393-0530][gc,heap,exit  ]   class space    used 5366K, capacity 6575K, committed 6656K, reserved 1048576K
