[2019-08-30T16:09:21.622-0530][gc,heap] Heap region size: 1M
[2019-08-30T16:09:21.643-0530][gc     ] Using G1
[2019-08-30T16:09:21.838-0530][gc,heap,coops] Heap address: 0x00000007c0000000, size: 1024 MB, Compressed Oops mode: Zero based, Oop shift amount: 3
[2019-08-30T16:09:21.838-0530][gc,cds       ] Mark closed archive regions in map: [0x00000007fff00000, 0x00000007fff6fff8]
[2019-08-30T16:09:21.839-0530][gc,cds       ] Mark open archive regions in map: [0x00000007ffe00000, 0x00000007ffe47ff8]
[2019-08-30T16:09:21.862-0530][gc           ] Periodic GC disabled
[2019-08-30T16:09:26.889-0530][gc,start     ] GC(0) Pause Young (Normal) (G1 Evacuation Pause)
[2019-08-30T16:09:26.890-0530][gc,task      ] GC(0) Using 4 workers of 4 for evacuation
[2019-08-30T16:09:26.905-0530][gc,phases    ] GC(0)   Pre Evacuate Collection Set: 0.0ms
[2019-08-30T16:09:26.905-0530][gc,phases    ] GC(0)   Evacuate Collection Set: 14.9ms
[2019-08-30T16:09:26.906-0530][gc,phases    ] GC(0)   Post Evacuate Collection Set: 0.4ms
[2019-08-30T16:09:26.906-0530][gc,phases    ] GC(0)   Other: 0.6ms
[2019-08-30T16:09:26.906-0530][gc,heap      ] GC(0) Eden regions: 51->0(45)
[2019-08-30T16:09:26.906-0530][gc,heap      ] GC(0) Survivor regions: 0->6(7)
[2019-08-30T16:09:26.906-0530][gc,heap      ] GC(0) Old regions: 0->0
[2019-08-30T16:09:26.906-0530][gc,heap      ] GC(0) Archive regions: 2->2
[2019-08-30T16:09:26.906-0530][gc,heap      ] GC(0) Humongous regions: 0->0
[2019-08-30T16:09:26.906-0530][gc,metaspace ] GC(0) Metaspace: 16963K->16963K(1064960K)
[2019-08-30T16:09:26.906-0530][gc           ] GC(0) Pause Young (Normal) (G1 Evacuation Pause) 51M->6M(1024M) 16.269ms
[2019-08-30T16:09:26.906-0530][gc,cpu       ] GC(0) User=0.04s Sys=0.01s Real=0.02s
[2019-08-30T16:09:27.454-0530][gc,start     ] GC(1) Pause Young (Concurrent Start) (Metadata GC Threshold)
[2019-08-30T16:09:27.454-0530][gc,task      ] GC(1) Using 4 workers of 4 for evacuation
[2019-08-30T16:09:27.468-0530][gc,phases    ] GC(1)   Pre Evacuate Collection Set: 0.1ms
[2019-08-30T16:09:27.468-0530][gc,phases    ] GC(1)   Evacuate Collection Set: 13.7ms
[2019-08-30T16:09:27.468-0530][gc,phases    ] GC(1)   Post Evacuate Collection Set: 0.4ms
[2019-08-30T16:09:27.468-0530][gc,phases    ] GC(1)   Other: 0.3ms
[2019-08-30T16:09:27.469-0530][gc,heap      ] GC(1) Eden regions: 14->0(50)
[2019-08-30T16:09:27.469-0530][gc,heap      ] GC(1) Survivor regions: 6->1(7)
[2019-08-30T16:09:27.469-0530][gc,heap      ] GC(1) Old regions: 0->6
[2019-08-30T16:09:27.469-0530][gc,heap      ] GC(1) Archive regions: 2->2
[2019-08-30T16:09:27.469-0530][gc,heap      ] GC(1) Humongous regions: 0->0
[2019-08-30T16:09:27.469-0530][gc,metaspace ] GC(1) Metaspace: 20514K->20514K(1067008K)
[2019-08-30T16:09:27.469-0530][gc           ] GC(1) Pause Young (Concurrent Start) (Metadata GC Threshold) 20M->7M(1024M) 14.726ms
[2019-08-30T16:09:27.469-0530][gc,cpu       ] GC(1) User=0.04s Sys=0.00s Real=0.01s
[2019-08-30T16:09:27.469-0530][gc           ] GC(2) Concurrent Cycle
[2019-08-30T16:09:27.469-0530][gc,marking   ] GC(2) Concurrent Clear Claimed Marks
[2019-08-30T16:09:27.469-0530][gc,marking   ] GC(2) Concurrent Clear Claimed Marks 0.062ms
[2019-08-30T16:09:27.469-0530][gc,marking   ] GC(2) Concurrent Scan Root Regions
[2019-08-30T16:09:27.476-0530][gc,marking   ] GC(2) Concurrent Scan Root Regions 7.424ms
[2019-08-30T16:09:27.476-0530][gc,marking   ] GC(2) Concurrent Mark (6.791s)
[2019-08-30T16:09:27.476-0530][gc,marking   ] GC(2) Concurrent Mark From Roots
[2019-08-30T16:09:27.477-0530][gc,task      ] GC(2) Using 1 workers of 1 for marking
[2019-08-30T16:09:27.482-0530][gc,marking   ] GC(2) Concurrent Mark From Roots 5.638ms
[2019-08-30T16:09:27.482-0530][gc,marking   ] GC(2) Concurrent Preclean
[2019-08-30T16:09:27.482-0530][gc,marking   ] GC(2) Concurrent Preclean 0.073ms
[2019-08-30T16:09:27.482-0530][gc,marking   ] GC(2) Concurrent Mark (6.791s, 6.797s) 5.891ms
[2019-08-30T16:09:27.484-0530][gc,start     ] GC(2) Pause Remark
[2019-08-30T16:09:27.485-0530][gc,stringtable] GC(2) Cleaned string table, strings: 4723 processed, 0 removed
[2019-08-30T16:09:27.486-0530][gc            ] GC(2) Pause Remark 7M->7M(1024M) 1.973ms
[2019-08-30T16:09:27.486-0530][gc,cpu        ] GC(2) User=0.00s Sys=0.00s Real=0.00s
[2019-08-30T16:09:27.486-0530][gc,marking    ] GC(2) Concurrent Rebuild Remembered Sets
[2019-08-30T16:09:27.493-0530][gc,marking    ] GC(2) Concurrent Rebuild Remembered Sets 7.232ms
[2019-08-30T16:09:27.493-0530][gc,start      ] GC(2) Pause Cleanup
[2019-08-30T16:09:27.494-0530][gc            ] GC(2) Pause Cleanup 7M->7M(1024M) 0.175ms
[2019-08-30T16:09:27.494-0530][gc,cpu        ] GC(2) User=0.00s Sys=0.00s Real=0.00s
[2019-08-30T16:09:27.494-0530][gc,marking    ] GC(2) Concurrent Cleanup for Next Mark
[2019-08-30T16:09:27.508-0530][gc,marking    ] GC(2) Concurrent Cleanup for Next Mark 13.913ms
[2019-08-30T16:09:27.508-0530][gc            ] GC(2) Concurrent Cycle 38.945ms
[2019-08-30T16:09:31.116-0530][gc,start      ] GC(3) Pause Young (Normal) (G1 Evacuation Pause)
[2019-08-30T16:09:31.130-0530][gc,task       ] GC(3) Using 4 workers of 4 for evacuation
[2019-08-30T16:09:31.137-0530][gc,phases     ] GC(3)   Pre Evacuate Collection Set: 0.0ms
[2019-08-30T16:09:31.137-0530][gc,phases     ] GC(3)   Evacuate Collection Set: 6.9ms
[2019-08-30T16:09:31.137-0530][gc,phases     ] GC(3)   Post Evacuate Collection Set: 0.4ms
[2019-08-30T16:09:31.137-0530][gc,phases     ] GC(3)   Other: 14.1ms
[2019-08-30T16:09:31.137-0530][gc,heap       ] GC(3) Eden regions: 50->0(46)
[2019-08-30T16:09:31.137-0530][gc,heap       ] GC(3) Survivor regions: 1->5(7)
[2019-08-30T16:09:31.138-0530][gc,heap       ] GC(3) Old regions: 6->6
[2019-08-30T16:09:31.138-0530][gc,heap       ] GC(3) Archive regions: 2->2
[2019-08-30T16:09:31.138-0530][gc,heap       ] GC(3) Humongous regions: 129->129
[2019-08-30T16:09:31.138-0530][gc,metaspace  ] GC(3) Metaspace: 29390K->29390K(1075200K)
[2019-08-30T16:09:31.138-0530][gc            ] GC(3) Pause Young (Normal) (G1 Evacuation Pause) 186M->140M(1024M) 21.665ms
[2019-08-30T16:09:31.138-0530][gc,cpu        ] GC(3) User=0.04s Sys=0.01s Real=0.02s
[2019-08-30T16:10:50.077-0530][gc,start      ] GC(4) Pause Young (Normal) (G1 Evacuation Pause)
[2019-08-30T16:10:50.101-0530][gc,task       ] GC(4) Using 4 workers of 4 for evacuation
[2019-08-30T16:10:50.114-0530][gc,phases     ] GC(4)   Pre Evacuate Collection Set: 0.0ms
[2019-08-30T16:10:50.114-0530][gc,phases     ] GC(4)   Evacuate Collection Set: 12.3ms
[2019-08-30T16:10:50.114-0530][gc,phases     ] GC(4)   Post Evacuate Collection Set: 0.6ms
[2019-08-30T16:10:50.114-0530][gc,phases     ] GC(4)   Other: 23.7ms
[2019-08-30T16:10:50.114-0530][gc,heap       ] GC(4) Eden regions: 46->0(47)
[2019-08-30T16:10:50.114-0530][gc,heap       ] GC(4) Survivor regions: 5->4(7)
[2019-08-30T16:10:50.114-0530][gc,heap       ] GC(4) Old regions: 6->11
[2019-08-30T16:10:50.114-0530][gc,heap       ] GC(4) Archive regions: 2->2
[2019-08-30T16:10:50.114-0530][gc,heap       ] GC(4) Humongous regions: 129->129
[2019-08-30T16:10:50.114-0530][gc,metaspace  ] GC(4) Metaspace: 33866K->33866K(1079296K)
[2019-08-30T16:10:50.114-0530][gc            ] GC(4) Pause Young (Normal) (G1 Evacuation Pause) 186M->143M(1024M) 36.928ms
[2019-08-30T16:10:50.114-0530][gc,cpu        ] GC(4) User=0.04s Sys=0.01s Real=0.04s
[2019-08-30T16:11:29.825-0530][gc,start      ] GC(5) Pause Young (Concurrent Start) (Metadata GC Threshold)
[2019-08-30T16:11:29.847-0530][gc,task       ] GC(5) Using 4 workers of 4 for evacuation
[2019-08-30T16:11:29.853-0530][gc,phases     ] GC(5)   Pre Evacuate Collection Set: 0.1ms
[2019-08-30T16:11:29.853-0530][gc,phases     ] GC(5)   Evacuate Collection Set: 4.8ms
[2019-08-30T16:11:29.853-0530][gc,phases     ] GC(5)   Post Evacuate Collection Set: 0.4ms
[2019-08-30T16:11:29.853-0530][gc,phases     ] GC(5)   Other: 22.4ms
[2019-08-30T16:11:29.853-0530][gc,heap       ] GC(5) Eden regions: 28->0(48)
[2019-08-30T16:11:29.853-0530][gc,heap       ] GC(5) Survivor regions: 4->3(7)
[2019-08-30T16:11:29.853-0530][gc,heap       ] GC(5) Old regions: 11->11
[2019-08-30T16:11:29.853-0530][gc,heap       ] GC(5) Archive regions: 2->2
[2019-08-30T16:11:29.853-0530][gc,heap       ] GC(5) Humongous regions: 129->129
[2019-08-30T16:11:29.853-0530][gc,metaspace  ] GC(5) Metaspace: 33941K->33941K(1079296K)
[2019-08-30T16:11:29.853-0530][gc            ] GC(5) Pause Young (Concurrent Start) (Metadata GC Threshold) 171M->142M(1024M) 28.037ms
[2019-08-30T16:11:29.853-0530][gc,cpu        ] GC(5) User=0.02s Sys=0.00s Real=0.03s
[2019-08-30T16:11:29.853-0530][gc            ] GC(6) Concurrent Cycle
[2019-08-30T16:11:29.853-0530][gc,marking    ] GC(6) Concurrent Clear Claimed Marks
[2019-08-30T16:11:29.854-0530][gc,marking    ] GC(6) Concurrent Clear Claimed Marks 0.142ms
[2019-08-30T16:11:29.854-0530][gc,marking    ] GC(6) Concurrent Scan Root Regions
[2019-08-30T16:11:29.858-0530][gc,marking    ] GC(6) Concurrent Scan Root Regions 4.598ms
[2019-08-30T16:11:29.858-0530][gc,marking    ] GC(6) Concurrent Mark (129.176s)
[2019-08-30T16:11:29.858-0530][gc,marking    ] GC(6) Concurrent Mark From Roots
[2019-08-30T16:11:29.858-0530][gc,task       ] GC(6) Using 1 workers of 1 for marking
[2019-08-30T16:11:29.880-0530][gc,marking    ] GC(6) Concurrent Mark From Roots 21.923ms
[2019-08-30T16:11:29.880-0530][gc,marking    ] GC(6) Concurrent Preclean
[2019-08-30T16:11:29.880-0530][gc,marking    ] GC(6) Concurrent Preclean 0.099ms
[2019-08-30T16:11:29.880-0530][gc,marking    ] GC(6) Concurrent Mark (129.176s, 129.198s) 22.167ms
[2019-08-30T16:11:29.881-0530][gc,start      ] GC(6) Pause Remark
[2019-08-30T16:11:29.889-0530][gc,stringtable] GC(6) Cleaned string table, strings: 8957 processed, 14 removed
[2019-08-30T16:11:29.889-0530][gc            ] GC(6) Pause Remark 143M->143M(1024M) 8.387ms
[2019-08-30T16:11:29.889-0530][gc,cpu        ] GC(6) User=0.03s Sys=0.00s Real=0.00s
[2019-08-30T16:11:29.889-0530][gc,marking    ] GC(6) Concurrent Rebuild Remembered Sets
[2019-08-30T16:11:29.902-0530][gc,marking    ] GC(6) Concurrent Rebuild Remembered Sets 12.506ms
[2019-08-30T16:11:29.902-0530][gc,start      ] GC(6) Pause Cleanup
[2019-08-30T16:11:29.902-0530][gc            ] GC(6) Pause Cleanup 143M->143M(1024M) 0.133ms
[2019-08-30T16:11:29.902-0530][gc,cpu        ] GC(6) User=0.00s Sys=0.00s Real=0.00s
[2019-08-30T16:11:29.902-0530][gc,marking    ] GC(6) Concurrent Cleanup for Next Mark
[2019-08-30T16:11:29.916-0530][gc,marking    ] GC(6) Concurrent Cleanup for Next Mark 13.639ms
[2019-08-30T16:11:29.916-0530][gc            ] GC(6) Concurrent Cycle 62.778ms
[2019-08-30T16:12:47.263-0530][gc,start      ] GC(7) Pause Young (Normal) (G1 Evacuation Pause)
[2019-08-30T16:12:47.263-0530][gc,task       ] GC(7) Using 4 workers of 4 for evacuation
[2019-08-30T16:12:47.271-0530][gc,phases     ] GC(7)   Pre Evacuate Collection Set: 0.1ms
[2019-08-30T16:12:47.271-0530][gc,phases     ] GC(7)   Evacuate Collection Set: 7.8ms
[2019-08-30T16:12:47.271-0530][gc,phases     ] GC(7)   Post Evacuate Collection Set: 0.5ms
[2019-08-30T16:12:47.272-0530][gc,phases     ] GC(7)   Other: 0.4ms
[2019-08-30T16:12:47.272-0530][gc,heap       ] GC(7) Eden regions: 48->0(47)
[2019-08-30T16:12:47.272-0530][gc,heap       ] GC(7) Survivor regions: 3->4(7)
[2019-08-30T16:12:47.272-0530][gc,heap       ] GC(7) Old regions: 11->11
[2019-08-30T16:12:47.272-0530][gc,heap       ] GC(7) Archive regions: 2->2
[2019-08-30T16:12:47.272-0530][gc,heap       ] GC(7) Humongous regions: 129->129
[2019-08-30T16:12:47.272-0530][gc,metaspace  ] GC(7) Metaspace: 34053K->34053K(1079296K)
[2019-08-30T16:12:47.272-0530][gc            ] GC(7) Pause Young (Normal) (G1 Evacuation Pause) 190M->143M(1024M) 9.022ms
[2019-08-30T16:12:47.272-0530][gc,cpu        ] GC(7) User=0.02s Sys=0.00s Real=0.01s
[2019-08-30T16:14:12.512-0530][gc,start      ] GC(8) Pause Young (Normal) (G1 Evacuation Pause)
[2019-08-30T16:14:12.512-0530][gc,task       ] GC(8) Using 4 workers of 4 for evacuation
[2019-08-30T16:14:12.519-0530][gc,phases     ] GC(8)   Pre Evacuate Collection Set: 0.0ms
[2019-08-30T16:14:12.519-0530][gc,phases     ] GC(8)   Evacuate Collection Set: 5.9ms
[2019-08-30T16:14:12.519-0530][gc,phases     ] GC(8)   Post Evacuate Collection Set: 0.4ms
[2019-08-30T16:14:12.519-0530][gc,phases     ] GC(8)   Other: 0.3ms
[2019-08-30T16:14:12.519-0530][gc,heap       ] GC(8) Eden regions: 47->0(47)
[2019-08-30T16:14:12.519-0530][gc,heap       ] GC(8) Survivor regions: 4->4(7)
[2019-08-30T16:14:12.519-0530][gc,heap       ] GC(8) Old regions: 11->11
[2019-08-30T16:14:12.519-0530][gc,heap       ] GC(8) Archive regions: 2->2
[2019-08-30T16:14:12.519-0530][gc,heap       ] GC(8) Humongous regions: 129->129
[2019-08-30T16:14:12.519-0530][gc,metaspace  ] GC(8) Metaspace: 34143K->34143K(1079296K)
[2019-08-30T16:14:12.519-0530][gc            ] GC(8) Pause Young (Normal) (G1 Evacuation Pause) 190M->144M(1024M) 6.916ms
[2019-08-30T16:14:12.519-0530][gc,cpu        ] GC(8) User=0.02s Sys=0.00s Real=0.00s
[2019-08-30T16:15:16.446-0530][gc,start      ] GC(9) Pause Young (Normal) (G1 Evacuation Pause)
[2019-08-30T16:15:16.514-0530][gc,task       ] GC(9) Using 4 workers of 4 for evacuation
[2019-08-30T16:15:16.524-0530][gc,phases     ] GC(9)   Pre Evacuate Collection Set: 0.0ms
[2019-08-30T16:15:16.524-0530][gc,phases     ] GC(9)   Evacuate Collection Set: 8.3ms
[2019-08-30T16:15:16.524-0530][gc,phases     ] GC(9)   Post Evacuate Collection Set: 0.6ms
[2019-08-30T16:15:16.524-0530][gc,phases     ] GC(9)   Other: 68.5ms
[2019-08-30T16:15:16.524-0530][gc,heap       ] GC(9) Eden regions: 47->0(47)
[2019-08-30T16:15:16.524-0530][gc,heap       ] GC(9) Survivor regions: 4->4(7)
[2019-08-30T16:15:16.524-0530][gc,heap       ] GC(9) Old regions: 11->12
[2019-08-30T16:15:16.524-0530][gc,heap       ] GC(9) Archive regions: 2->2
[2019-08-30T16:15:16.524-0530][gc,heap       ] GC(9) Humongous regions: 129->129
[2019-08-30T16:15:16.524-0530][gc,metaspace  ] GC(9) Metaspace: 34283K->34283K(1081344K)
[2019-08-30T16:15:16.524-0530][gc            ] GC(9) Pause Young (Normal) (G1 Evacuation Pause) 191M->144M(1024M) 77.724ms
[2019-08-30T16:15:16.524-0530][gc,cpu        ] GC(9) User=0.02s Sys=0.00s Real=0.08s
[2019-08-30T16:16:20.289-0530][gc,start      ] GC(10) Pause Young (Normal) (G1 Evacuation Pause)
[2019-08-30T16:16:20.289-0530][gc,task       ] GC(10) Using 4 workers of 4 for evacuation
[2019-08-30T16:16:20.296-0530][gc,phases     ] GC(10)   Pre Evacuate Collection Set: 0.0ms
[2019-08-30T16:16:20.296-0530][gc,phases     ] GC(10)   Evacuate Collection Set: 5.6ms
[2019-08-30T16:16:20.296-0530][gc,phases     ] GC(10)   Post Evacuate Collection Set: 0.5ms
[2019-08-30T16:16:20.296-0530][gc,phases     ] GC(10)   Other: 0.3ms
[2019-08-30T16:16:20.296-0530][gc,heap       ] GC(10) Eden regions: 47->0(47)
[2019-08-30T16:16:20.296-0530][gc,heap       ] GC(10) Survivor regions: 4->4(7)
[2019-08-30T16:16:20.296-0530][gc,heap       ] GC(10) Old regions: 12->12
[2019-08-30T16:16:20.296-0530][gc,heap       ] GC(10) Archive regions: 2->2
[2019-08-30T16:16:20.296-0530][gc,heap       ] GC(10) Humongous regions: 129->129
[2019-08-30T16:16:20.296-0530][gc,metaspace  ] GC(10) Metaspace: 34290K->34290K(1081344K)
[2019-08-30T16:16:20.296-0530][gc            ] GC(10) Pause Young (Normal) (G1 Evacuation Pause) 191M->145M(1024M) 6.816ms
[2019-08-30T16:16:20.296-0530][gc,cpu        ] GC(10) User=0.03s Sys=0.00s Real=0.01s
[2019-08-30T16:17:24.621-0530][gc,start      ] GC(11) Pause Young (Normal) (G1 Evacuation Pause)
[2019-08-30T16:17:24.633-0530][gc,task       ] GC(11) Using 4 workers of 4 for evacuation
[2019-08-30T16:17:24.642-0530][gc,phases     ] GC(11)   Pre Evacuate Collection Set: 0.0ms
[2019-08-30T16:17:24.642-0530][gc,phases     ] GC(11)   Evacuate Collection Set: 8.6ms
[2019-08-30T16:17:24.642-0530][gc,phases     ] GC(11)   Post Evacuate Collection Set: 0.4ms
[2019-08-30T16:17:24.642-0530][gc,phases     ] GC(11)   Other: 12.0ms
[2019-08-30T16:17:24.642-0530][gc,heap       ] GC(11) Eden regions: 47->0(46)
[2019-08-30T16:17:24.642-0530][gc,heap       ] GC(11) Survivor regions: 4->5(7)
[2019-08-30T16:17:24.642-0530][gc,heap       ] GC(11) Old regions: 12->13
[2019-08-30T16:17:24.642-0530][gc,heap       ] GC(11) Archive regions: 2->2
[2019-08-30T16:17:24.642-0530][gc,heap       ] GC(11) Humongous regions: 129->129
[2019-08-30T16:17:24.642-0530][gc,metaspace  ] GC(11) Metaspace: 34303K->34303K(1081344K)
[2019-08-30T16:17:24.642-0530][gc            ] GC(11) Pause Young (Normal) (G1 Evacuation Pause) 192M->146M(1024M) 21.482ms
[2019-08-30T16:17:24.642-0530][gc,cpu        ] GC(11) User=0.03s Sys=0.00s Real=0.02s
[2019-08-30T16:18:27.502-0530][gc,start      ] GC(12) Pause Young (Normal) (G1 Evacuation Pause)
[2019-08-30T16:18:27.531-0530][gc,task       ] GC(12) Using 4 workers of 4 for evacuation
[2019-08-30T16:18:27.545-0530][gc,phases     ] GC(12)   Pre Evacuate Collection Set: 0.1ms
[2019-08-30T16:18:27.545-0530][gc,phases     ] GC(12)   Evacuate Collection Set: 13.0ms
[2019-08-30T16:18:27.545-0530][gc,phases     ] GC(12)   Post Evacuate Collection Set: 0.3ms
[2019-08-30T16:18:27.545-0530][gc,phases     ] GC(12)   Other: 29.4ms
[2019-08-30T16:18:27.545-0530][gc,heap       ] GC(12) Eden regions: 46->0(47)
[2019-08-30T16:18:27.545-0530][gc,heap       ] GC(12) Survivor regions: 5->4(7)
[2019-08-30T16:18:27.545-0530][gc,heap       ] GC(12) Old regions: 13->15
[2019-08-30T16:18:27.545-0530][gc,heap       ] GC(12) Archive regions: 2->2
[2019-08-30T16:18:27.545-0530][gc,heap       ] GC(12) Humongous regions: 129->129
[2019-08-30T16:18:27.545-0530][gc,metaspace  ] GC(12) Metaspace: 34333K->34333K(1081344K)
[2019-08-30T16:18:27.545-0530][gc            ] GC(12) Pause Young (Normal) (G1 Evacuation Pause) 192M->148M(1024M) 43.070ms
[2019-08-30T16:18:27.545-0530][gc,cpu        ] GC(12) User=0.04s Sys=0.00s Real=0.04s
[2019-08-30T16:19:31.441-0530][gc,start      ] GC(13) Pause Young (Normal) (G1 Evacuation Pause)
[2019-08-30T16:19:31.457-0530][gc,task       ] GC(13) Using 4 workers of 4 for evacuation
[2019-08-30T16:19:31.470-0530][gc,phases     ] GC(13)   Pre Evacuate Collection Set: 0.0ms
[2019-08-30T16:19:31.470-0530][gc,phases     ] GC(13)   Evacuate Collection Set: 11.3ms
[2019-08-30T16:19:31.470-0530][gc,phases     ] GC(13)   Post Evacuate Collection Set: 1.6ms
[2019-08-30T16:19:31.470-0530][gc,phases     ] GC(13)   Other: 16.1ms
[2019-08-30T16:19:31.470-0530][gc,heap       ] GC(13) Eden regions: 47->0(47)
[2019-08-30T16:19:31.470-0530][gc,heap       ] GC(13) Survivor regions: 4->4(7)
[2019-08-30T16:19:31.470-0530][gc,heap       ] GC(13) Old regions: 15->17
[2019-08-30T16:19:31.470-0530][gc,heap       ] GC(13) Archive regions: 2->2
[2019-08-30T16:19:31.470-0530][gc,heap       ] GC(13) Humongous regions: 129->129
[2019-08-30T16:19:31.470-0530][gc,metaspace  ] GC(13) Metaspace: 34352K->34352K(1081344K)
[2019-08-30T16:19:31.470-0530][gc            ] GC(13) Pause Young (Normal) (G1 Evacuation Pause) 195M->149M(1024M) 29.423ms
[2019-08-30T16:19:31.470-0530][gc,cpu        ] GC(13) User=0.04s Sys=0.00s Real=0.03s
[2019-08-30T16:20:35.157-0530][gc,start      ] GC(14) Pause Young (Normal) (G1 Evacuation Pause)
[2019-08-30T16:20:35.182-0530][gc,task       ] GC(14) Using 4 workers of 4 for evacuation
[2019-08-30T16:20:35.192-0530][gc,phases     ] GC(14)   Pre Evacuate Collection Set: 0.0ms
[2019-08-30T16:20:35.192-0530][gc,phases     ] GC(14)   Evacuate Collection Set: 9.5ms
[2019-08-30T16:20:35.193-0530][gc,phases     ] GC(14)   Post Evacuate Collection Set: 0.3ms
[2019-08-30T16:20:35.193-0530][gc,phases     ] GC(14)   Other: 26.0ms
[2019-08-30T16:20:35.193-0530][gc,heap       ] GC(14) Eden regions: 47->0(47)
[2019-08-30T16:20:35.193-0530][gc,heap       ] GC(14) Survivor regions: 4->4(7)
[2019-08-30T16:20:35.193-0530][gc,heap       ] GC(14) Old regions: 17->18
[2019-08-30T16:20:35.193-0530][gc,heap       ] GC(14) Archive regions: 2->2
[2019-08-30T16:20:35.193-0530][gc,heap       ] GC(14) Humongous regions: 129->129
[2019-08-30T16:20:35.193-0530][gc,metaspace  ] GC(14) Metaspace: 34377K->34377K(1081344K)
[2019-08-30T16:20:35.193-0530][gc            ] GC(14) Pause Young (Normal) (G1 Evacuation Pause) 196M->151M(1024M) 36.195ms
[2019-08-30T16:20:35.193-0530][gc,cpu        ] GC(14) User=0.03s Sys=0.00s Real=0.04s
[2019-08-30T16:21:38.691-0530][gc,start      ] GC(15) Pause Young (Normal) (G1 Evacuation Pause)
[2019-08-30T16:21:38.691-0530][gc,task       ] GC(15) Using 4 workers of 4 for evacuation
[2019-08-30T16:21:38.700-0530][gc,phases     ] GC(15)   Pre Evacuate Collection Set: 0.0ms
[2019-08-30T16:21:38.700-0530][gc,phases     ] GC(15)   Evacuate Collection Set: 9.0ms
[2019-08-30T16:21:38.700-0530][gc,phases     ] GC(15)   Post Evacuate Collection Set: 0.3ms
[2019-08-30T16:21:38.700-0530][gc,phases     ] GC(15)   Other: 0.3ms
[2019-08-30T16:21:38.700-0530][gc,heap       ] GC(15) Eden regions: 47->0(50)
[2019-08-30T16:21:38.700-0530][gc,heap       ] GC(15) Survivor regions: 4->6(7)
[2019-08-30T16:21:38.701-0530][gc,heap       ] GC(15) Old regions: 18->18
[2019-08-30T16:21:38.701-0530][gc,heap       ] GC(15) Archive regions: 2->2
[2019-08-30T16:21:38.701-0530][gc,heap       ] GC(15) Humongous regions: 129->129
[2019-08-30T16:21:38.701-0530][gc,metaspace  ] GC(15) Metaspace: 34385K->34385K(1081344K)
[2019-08-30T16:21:38.701-0530][gc            ] GC(15) Pause Young (Normal) (G1 Evacuation Pause) 198M->152M(1024M) 9.870ms
[2019-08-30T16:21:38.701-0530][gc,cpu        ] GC(15) User=0.03s Sys=0.00s Real=0.01s
[2019-08-30T16:22:44.009-0530][gc,start      ] GC(16) Pause Young (Normal) (G1 Evacuation Pause)
[2019-08-30T16:22:44.009-0530][gc,task       ] GC(16) Using 4 workers of 4 for evacuation
[2019-08-30T16:22:44.024-0530][gc,phases     ] GC(16)   Pre Evacuate Collection Set: 0.0ms
[2019-08-30T16:22:44.024-0530][gc,phases     ] GC(16)   Evacuate Collection Set: 14.1ms
[2019-08-30T16:22:44.024-0530][gc,phases     ] GC(16)   Post Evacuate Collection Set: 0.3ms
[2019-08-30T16:22:44.024-0530][gc,phases     ] GC(16)   Other: 0.3ms
[2019-08-30T16:22:44.024-0530][gc,heap       ] GC(16) Eden regions: 48->0(49)
[2019-08-30T16:22:44.024-0530][gc,heap       ] GC(16) Survivor regions: 6->7(7)
[2019-08-30T16:22:44.024-0530][gc,heap       ] GC(16) Old regions: 18->20
[2019-08-30T16:22:44.024-0530][gc,heap       ] GC(16) Archive regions: 2->2
[2019-08-30T16:22:44.024-0530][gc,heap       ] GC(16) Humongous regions: 129->129
[2019-08-30T16:22:44.024-0530][gc,metaspace  ] GC(16) Metaspace: 34385K->34385K(1081344K)
[2019-08-30T16:22:44.024-0530][gc            ] GC(16) Pause Young (Normal) (G1 Evacuation Pause) 200M->155M(1024M) 15.020ms
[2019-08-30T16:22:44.024-0530][gc,cpu        ] GC(16) User=0.05s Sys=0.01s Real=0.02s
[2019-08-30T16:23:50.012-0530][gc,start      ] GC(17) Pause Young (Normal) (G1 Evacuation Pause)
[2019-08-30T16:23:50.012-0530][gc,task       ] GC(17) Using 4 workers of 4 for evacuation
[2019-08-30T16:23:50.027-0530][gc,phases     ] GC(17)   Pre Evacuate Collection Set: 0.0ms
[2019-08-30T16:23:50.027-0530][gc,phases     ] GC(17)   Evacuate Collection Set: 14.2ms
[2019-08-30T16:23:50.027-0530][gc,phases     ] GC(17)   Post Evacuate Collection Set: 0.3ms
[2019-08-30T16:23:50.027-0530][gc,phases     ] GC(17)   Other: 0.4ms
[2019-08-30T16:23:50.027-0530][gc,heap       ] GC(17) Eden regions: 49->0(50)
[2019-08-30T16:23:50.027-0530][gc,heap       ] GC(17) Survivor regions: 7->6(7)
[2019-08-30T16:23:50.027-0530][gc,heap       ] GC(17) Old regions: 20->23
[2019-08-30T16:23:50.027-0530][gc,heap       ] GC(17) Archive regions: 2->2
[2019-08-30T16:23:50.027-0530][gc,heap       ] GC(17) Humongous regions: 129->129
[2019-08-30T16:23:50.027-0530][gc,metaspace  ] GC(17) Metaspace: 34385K->34385K(1081344K)
[2019-08-30T16:23:50.027-0530][gc            ] GC(17) Pause Young (Normal) (G1 Evacuation Pause) 204M->157M(1024M) 15.200ms
[2019-08-30T16:23:50.027-0530][gc,cpu        ] GC(17) User=0.05s Sys=0.01s Real=0.01s
[2019-08-30T16:24:57.780-0530][gc,start      ] GC(18) Pause Young (Normal) (G1 Evacuation Pause)
[2019-08-30T16:24:57.780-0530][gc,task       ] GC(18) Using 4 workers of 4 for evacuation
[2019-08-30T16:24:57.791-0530][gc,phases     ] GC(18)   Pre Evacuate Collection Set: 0.0ms
[2019-08-30T16:24:57.791-0530][gc,phases     ] GC(18)   Evacuate Collection Set: 10.6ms
[2019-08-30T16:24:57.791-0530][gc,phases     ] GC(18)   Post Evacuate Collection Set: 0.4ms
[2019-08-30T16:24:57.791-0530][gc,phases     ] GC(18)   Other: 0.6ms
[2019-08-30T16:24:57.791-0530][gc,heap       ] GC(18) Eden regions: 50->0(56)
[2019-08-30T16:24:57.791-0530][gc,heap       ] GC(18) Survivor regions: 6->4(7)
[2019-08-30T16:24:57.792-0530][gc,heap       ] GC(18) Old regions: 23->25
[2019-08-30T16:24:57.792-0530][gc,heap       ] GC(18) Archive regions: 2->2
[2019-08-30T16:24:57.792-0530][gc,heap       ] GC(18) Humongous regions: 129->129
[2019-08-30T16:24:57.792-0530][gc,metaspace  ] GC(18) Metaspace: 34402K->34402K(1081344K)
[2019-08-30T16:24:57.792-0530][gc            ] GC(18) Pause Young (Normal) (G1 Evacuation Pause) 207M->158M(1024M) 11.829ms
[2019-08-30T16:24:57.792-0530][gc,cpu        ] GC(18) User=0.04s Sys=0.01s Real=0.01s
[2019-08-30T16:26:10.292-0530][gc,start      ] GC(19) Pause Young (Normal) (G1 Evacuation Pause)
[2019-08-30T16:26:10.292-0530][gc,task       ] GC(19) Using 4 workers of 4 for evacuation
[2019-08-30T16:26:10.305-0530][gc,phases     ] GC(19)   Pre Evacuate Collection Set: 0.0ms
[2019-08-30T16:26:10.305-0530][gc,phases     ] GC(19)   Evacuate Collection Set: 11.6ms
[2019-08-30T16:26:10.305-0530][gc,phases     ] GC(19)   Post Evacuate Collection Set: 0.3ms
[2019-08-30T16:26:10.305-0530][gc,phases     ] GC(19)   Other: 0.2ms
[2019-08-30T16:26:10.305-0530][gc,heap       ] GC(19) Eden regions: 54->0(54)
[2019-08-30T16:26:10.305-0530][gc,heap       ] GC(19) Survivor regions: 4->6(8)
[2019-08-30T16:26:10.305-0530][gc,heap       ] GC(19) Old regions: 25->25
[2019-08-30T16:26:10.305-0530][gc,heap       ] GC(19) Archive regions: 2->2
[2019-08-30T16:26:10.305-0530][gc,heap       ] GC(19) Humongous regions: 129->129
[2019-08-30T16:26:10.305-0530][gc,metaspace  ] GC(19) Metaspace: 34428K->34428K(1081344K)
[2019-08-30T16:26:10.305-0530][gc            ] GC(19) Pause Young (Normal) (G1 Evacuation Pause) 212M->160M(1024M) 12.467ms
[2019-08-30T16:26:10.305-0530][gc,cpu        ] GC(19) User=0.04s Sys=0.00s Real=0.01s
[2019-08-30T16:27:16.428-0530][gc,start      ] GC(20) Pause Young (Normal) (G1 Evacuation Pause)
[2019-08-30T16:27:16.428-0530][gc,task       ] GC(20) Using 4 workers of 4 for evacuation
[2019-08-30T16:27:16.443-0530][gc,phases     ] GC(20)   Pre Evacuate Collection Set: 0.0ms
[2019-08-30T16:27:16.443-0530][gc,phases     ] GC(20)   Evacuate Collection Set: 14.3ms
[2019-08-30T16:27:16.443-0530][gc,phases     ] GC(20)   Post Evacuate Collection Set: 0.4ms
[2019-08-30T16:27:16.443-0530][gc,phases     ] GC(20)   Other: 0.3ms
[2019-08-30T16:27:16.443-0530][gc,heap       ] GC(20) Eden regions: 49->0(53)
[2019-08-30T16:27:16.443-0530][gc,heap       ] GC(20) Survivor regions: 6->5(7)
[2019-08-30T16:27:16.443-0530][gc,heap       ] GC(20) Old regions: 25->29
[2019-08-30T16:27:16.443-0530][gc,heap       ] GC(20) Archive regions: 2->2
[2019-08-30T16:27:16.443-0530][gc,heap       ] GC(20) Humongous regions: 129->129
[2019-08-30T16:27:16.443-0530][gc,metaspace  ] GC(20) Metaspace: 34445K->34445K(1081344K)
[2019-08-30T16:27:16.443-0530][gc            ] GC(20) Pause Young (Normal) (G1 Evacuation Pause) 209M->162M(1024M) 15.185ms
[2019-08-30T16:27:16.443-0530][gc,cpu        ] GC(20) User=0.05s Sys=0.00s Real=0.02s
[2019-08-30T16:28:28.541-0530][gc,start      ] GC(21) Pause Young (Normal) (G1 Evacuation Pause)
[2019-08-30T16:28:28.541-0530][gc,task       ] GC(21) Using 4 workers of 4 for evacuation
[2019-08-30T16:28:28.554-0530][gc,phases     ] GC(21)   Pre Evacuate Collection Set: 0.0ms
[2019-08-30T16:28:28.554-0530][gc,phases     ] GC(21)   Evacuate Collection Set: 12.0ms
[2019-08-30T16:28:28.554-0530][gc,phases     ] GC(21)   Post Evacuate Collection Set: 0.3ms
[2019-08-30T16:28:28.554-0530][gc,phases     ] GC(21)   Other: 0.3ms
[2019-08-30T16:28:28.554-0530][gc,heap       ] GC(21) Eden regions: 53->0(55)
[2019-08-30T16:28:28.554-0530][gc,heap       ] GC(21) Survivor regions: 5->5(8)
[2019-08-30T16:28:28.554-0530][gc,heap       ] GC(21) Old regions: 29->31
[2019-08-30T16:28:28.554-0530][gc,heap       ] GC(21) Archive regions: 2->2
[2019-08-30T16:28:28.554-0530][gc,heap       ] GC(21) Humongous regions: 129->129
[2019-08-30T16:28:28.554-0530][gc,metaspace  ] GC(21) Metaspace: 34449K->34449K(1081344K)
[2019-08-30T16:28:28.554-0530][gc            ] GC(21) Pause Young (Normal) (G1 Evacuation Pause) 215M->164M(1024M) 12.961ms
[2019-08-30T16:28:28.554-0530][gc,cpu        ] GC(21) User=0.04s Sys=0.00s Real=0.01s
[2019-08-30T16:29:43.644-0530][gc,start      ] GC(22) Pause Young (Normal) (G1 Evacuation Pause)
[2019-08-30T16:29:43.644-0530][gc,task       ] GC(22) Using 4 workers of 4 for evacuation
[2019-08-30T16:29:43.656-0530][gc,phases     ] GC(22)   Pre Evacuate Collection Set: 0.0ms
[2019-08-30T16:29:43.656-0530][gc,phases     ] GC(22)   Evacuate Collection Set: 11.4ms
[2019-08-30T16:29:43.656-0530][gc,phases     ] GC(22)   Post Evacuate Collection Set: 0.3ms
[2019-08-30T16:29:43.656-0530][gc,phases     ] GC(22)   Other: 0.3ms
[2019-08-30T16:29:43.656-0530][gc,heap       ] GC(22) Eden regions: 55->0(57)
[2019-08-30T16:29:43.656-0530][gc,heap       ] GC(22) Survivor regions: 5->4(8)
[2019-08-30T16:29:43.656-0530][gc,heap       ] GC(22) Old regions: 31->32
[2019-08-30T16:29:43.656-0530][gc,heap       ] GC(22) Archive regions: 2->2
[2019-08-30T16:29:43.656-0530][gc,heap       ] GC(22) Humongous regions: 129->129
[2019-08-30T16:29:43.656-0530][gc,metaspace  ] GC(22) Metaspace: 34450K->34450K(1081344K)
[2019-08-30T16:29:43.656-0530][gc            ] GC(22) Pause Young (Normal) (G1 Evacuation Pause) 219M->165M(1024M) 12.315ms
[2019-08-30T16:29:43.656-0530][gc,cpu        ] GC(22) User=0.04s Sys=0.00s Real=0.01s
[2019-08-30T16:30:59.716-0530][gc,start      ] GC(23) Pause Young (Normal) (G1 Evacuation Pause)
[2019-08-30T16:30:59.716-0530][gc,task       ] GC(23) Using 4 workers of 4 for evacuation
[2019-08-30T16:30:59.728-0530][gc,phases     ] GC(23)   Pre Evacuate Collection Set: 0.0ms
[2019-08-30T16:30:59.728-0530][gc,phases     ] GC(23)   Evacuate Collection Set: 12.2ms
[2019-08-30T16:30:59.728-0530][gc,phases     ] GC(23)   Post Evacuate Collection Set: 0.3ms
[2019-08-30T16:30:59.729-0530][gc,phases     ] GC(23)   Other: 0.3ms
[2019-08-30T16:30:59.729-0530][gc,heap       ] GC(23) Eden regions: 56->0(57)
[2019-08-30T16:30:59.729-0530][gc,heap       ] GC(23) Survivor regions: 4->7(8)
[2019-08-30T16:30:59.729-0530][gc,heap       ] GC(23) Old regions: 32->32
[2019-08-30T16:30:59.729-0530][gc,heap       ] GC(23) Archive regions: 2->2
[2019-08-30T16:30:59.729-0530][gc,heap       ] GC(23) Humongous regions: 129->129
[2019-08-30T16:30:59.729-0530][gc,metaspace  ] GC(23) Metaspace: 34456K->34456K(1081344K)
[2019-08-30T16:30:59.729-0530][gc            ] GC(23) Pause Young (Normal) (G1 Evacuation Pause) 221M->168M(1024M) 13.075ms
[2019-08-30T16:30:59.729-0530][gc,cpu        ] GC(23) User=0.05s Sys=0.00s Real=0.01s
[2019-08-30T16:32:16.172-0530][gc,start      ] GC(24) Pause Young (Normal) (G1 Evacuation Pause)
[2019-08-30T16:32:16.172-0530][gc,task       ] GC(24) Using 4 workers of 4 for evacuation
[2019-08-30T16:32:16.190-0530][gc,phases     ] GC(24)   Pre Evacuate Collection Set: 0.0ms
[2019-08-30T16:32:16.190-0530][gc,phases     ] GC(24)   Evacuate Collection Set: 17.9ms
[2019-08-30T16:32:16.190-0530][gc,phases     ] GC(24)   Post Evacuate Collection Set: 0.3ms
[2019-08-30T16:32:16.190-0530][gc,phases     ] GC(24)   Other: 0.3ms
[2019-08-30T16:32:16.190-0530][gc,heap       ] GC(24) Eden regions: 56->0(56)
[2019-08-30T16:32:16.190-0530][gc,heap       ] GC(24) Survivor regions: 7->6(8)
[2019-08-30T16:32:16.190-0530][gc,heap       ] GC(24) Old regions: 32->36
[2019-08-30T16:32:16.190-0530][gc,heap       ] GC(24) Archive regions: 2->2
[2019-08-30T16:32:16.190-0530][gc,heap       ] GC(24) Humongous regions: 129->129
[2019-08-30T16:32:16.190-0530][gc,metaspace  ] GC(24) Metaspace: 34459K->34459K(1081344K)
[2019-08-30T16:32:16.190-0530][gc            ] GC(24) Pause Young (Normal) (G1 Evacuation Pause) 224M->171M(1024M) 18.741ms
[2019-08-30T16:32:16.190-0530][gc,cpu        ] GC(24) User=0.06s Sys=0.00s Real=0.02s
[2019-08-30T16:33:32.813-0530][gc,start      ] GC(25) Pause Young (Normal) (G1 Evacuation Pause)
[2019-08-30T16:33:32.814-0530][gc,task       ] GC(25) Using 4 workers of 4 for evacuation
[2019-08-30T16:33:32.827-0530][gc,phases     ] GC(25)   Pre Evacuate Collection Set: 0.0ms
[2019-08-30T16:33:32.827-0530][gc,phases     ] GC(25)   Evacuate Collection Set: 12.5ms
[2019-08-30T16:33:32.827-0530][gc,phases     ] GC(25)   Post Evacuate Collection Set: 0.5ms
[2019-08-30T16:33:32.827-0530][gc,phases     ] GC(25)   Other: 0.3ms
[2019-08-30T16:33:32.827-0530][gc,heap       ] GC(25) Eden regions: 56->0(59)
[2019-08-30T16:33:32.827-0530][gc,heap       ] GC(25) Survivor regions: 6->6(8)
[2019-08-30T16:33:32.827-0530][gc,heap       ] GC(25) Old regions: 36->38
[2019-08-30T16:33:32.827-0530][gc,heap       ] GC(25) Archive regions: 2->2
[2019-08-30T16:33:32.827-0530][gc,heap       ] GC(25) Humongous regions: 129->129
[2019-08-30T16:33:32.827-0530][gc,metaspace  ] GC(25) Metaspace: 34467K->34467K(1081344K)
[2019-08-30T16:33:32.827-0530][gc            ] GC(25) Pause Young (Normal) (G1 Evacuation Pause) 227M->172M(1024M) 13.603ms
[2019-08-30T16:33:32.827-0530][gc,cpu        ] GC(25) User=0.05s Sys=0.01s Real=0.01s
[2019-08-30T16:34:52.482-0530][gc,start      ] GC(26) Pause Young (Normal) (G1 Evacuation Pause)
[2019-08-30T16:34:52.482-0530][gc,task       ] GC(26) Using 4 workers of 4 for evacuation
[2019-08-30T16:34:52.495-0530][gc,phases     ] GC(26)   Pre Evacuate Collection Set: 0.0ms
[2019-08-30T16:34:52.495-0530][gc,phases     ] GC(26)   Evacuate Collection Set: 12.2ms
[2019-08-30T16:34:52.495-0530][gc,phases     ] GC(26)   Post Evacuate Collection Set: 0.3ms
[2019-08-30T16:34:52.495-0530][gc,phases     ] GC(26)   Other: 0.3ms
[2019-08-30T16:34:52.495-0530][gc,heap       ] GC(26) Eden regions: 58->0(124)
[2019-08-30T16:34:52.495-0530][gc,heap       ] GC(26) Survivor regions: 6->5(8)
[2019-08-30T16:34:52.495-0530][gc,heap       ] GC(26) Old regions: 38->40
[2019-08-30T16:34:52.495-0530][gc,heap       ] GC(26) Archive regions: 2->2
[2019-08-30T16:34:52.495-0530][gc,heap       ] GC(26) Humongous regions: 129->129
[2019-08-30T16:34:52.495-0530][gc,metaspace  ] GC(26) Metaspace: 34489K->34489K(1081344K)
[2019-08-30T16:34:52.495-0530][gc            ] GC(26) Pause Young (Normal) (G1 Evacuation Pause) 230M->174M(1024M) 13.125ms
[2019-08-30T16:34:52.495-0530][gc,cpu        ] GC(26) User=0.05s Sys=0.00s Real=0.01s
[2019-08-30T16:37:09.785-0530][gc,start      ] GC(27) Pause Young (Normal) (G1 Evacuation Pause)
[2019-08-30T16:37:09.785-0530][gc,task       ] GC(27) Using 4 workers of 4 for evacuation
[2019-08-30T16:37:09.803-0530][gc,phases     ] GC(27)   Pre Evacuate Collection Set: 0.0ms
[2019-08-30T16:37:09.803-0530][gc,phases     ] GC(27)   Evacuate Collection Set: 17.1ms
[2019-08-30T16:37:09.803-0530][gc,phases     ] GC(27)   Post Evacuate Collection Set: 0.4ms
[2019-08-30T16:37:09.803-0530][gc,phases     ] GC(27)   Other: 0.4ms
[2019-08-30T16:37:09.803-0530][gc,heap       ] GC(27) Eden regions: 100->0(85)
[2019-08-30T16:37:09.803-0530][gc,heap       ] GC(27) Survivor regions: 5->8(14)
[2019-08-30T16:37:09.803-0530][gc,heap       ] GC(27) Old regions: 40->40
[2019-08-30T16:37:09.803-0530][gc,heap       ] GC(27) Archive regions: 2->2
[2019-08-30T16:37:09.803-0530][gc,heap       ] GC(27) Humongous regions: 129->129
[2019-08-30T16:37:09.803-0530][gc,metaspace  ] GC(27) Metaspace: 34502K->34502K(1081344K)
[2019-08-30T16:37:09.803-0530][gc            ] GC(27) Pause Young (Normal) (G1 Evacuation Pause) 274M->177M(1024M) 18.213ms
[2019-08-30T16:37:09.803-0530][gc,cpu        ] GC(27) User=0.06s Sys=0.01s Real=0.02s
[2019-08-30T16:38:51.556-0530][gc,start      ] GC(28) Pause Young (Normal) (G1 Evacuation Pause)
[2019-08-30T16:38:51.556-0530][gc,task       ] GC(28) Using 4 workers of 4 for evacuation
[2019-08-30T16:38:51.575-0530][gc,phases     ] GC(28)   Pre Evacuate Collection Set: 0.0ms
[2019-08-30T16:38:51.575-0530][gc,phases     ] GC(28)   Evacuate Collection Set: 18.5ms
[2019-08-30T16:38:51.575-0530][gc,phases     ] GC(28)   Post Evacuate Collection Set: 0.3ms
[2019-08-30T16:38:51.575-0530][gc,phases     ] GC(28)   Other: 0.3ms
[2019-08-30T16:38:51.575-0530][gc,heap       ] GC(28) Eden regions: 74->0(73)
[2019-08-30T16:38:51.575-0530][gc,heap       ] GC(28) Survivor regions: 8->8(11)
[2019-08-30T16:38:51.575-0530][gc,heap       ] GC(28) Old regions: 40->44
[2019-08-30T16:38:51.575-0530][gc,heap       ] GC(28) Archive regions: 2->2
[2019-08-30T16:38:51.575-0530][gc,heap       ] GC(28) Humongous regions: 129->129
[2019-08-30T16:38:51.575-0530][gc,metaspace  ] GC(28) Metaspace: 34505K->34505K(1081344K)
[2019-08-30T16:38:51.575-0530][gc            ] GC(28) Pause Young (Normal) (G1 Evacuation Pause) 251M->181M(1024M) 19.378ms
[2019-08-30T16:38:51.575-0530][gc,cpu        ] GC(28) User=0.07s Sys=0.00s Real=0.02s
[2019-08-30T16:40:31.090-0530][gc,start      ] GC(29) Pause Young (Normal) (G1 Evacuation Pause)
[2019-08-30T16:40:31.090-0530][gc,task       ] GC(29) Using 4 workers of 4 for evacuation
[2019-08-30T16:40:31.109-0530][gc,phases     ] GC(29)   Pre Evacuate Collection Set: 0.0ms
[2019-08-30T16:40:31.109-0530][gc,phases     ] GC(29)   Evacuate Collection Set: 18.3ms
[2019-08-30T16:40:31.109-0530][gc,phases     ] GC(29)   Post Evacuate Collection Set: 0.5ms
[2019-08-30T16:40:31.109-0530][gc,phases     ] GC(29)   Other: 0.3ms
[2019-08-30T16:40:31.109-0530][gc,heap       ] GC(29) Eden regions: 73->0(74)
[2019-08-30T16:40:31.109-0530][gc,heap       ] GC(29) Survivor regions: 8->7(11)
[2019-08-30T16:40:31.109-0530][gc,heap       ] GC(29) Old regions: 44->48
[2019-08-30T16:40:31.109-0530][gc,heap       ] GC(29) Archive regions: 2->2
[2019-08-30T16:40:31.109-0530][gc,heap       ] GC(29) Humongous regions: 129->129
[2019-08-30T16:40:31.109-0530][gc,metaspace  ] GC(29) Metaspace: 34513K->34513K(1081344K)
[2019-08-30T16:40:31.109-0530][gc            ] GC(29) Pause Young (Normal) (G1 Evacuation Pause) 254M->183M(1024M) 19.462ms
[2019-08-30T16:40:31.109-0530][gc,cpu        ] GC(29) User=0.06s Sys=0.00s Real=0.01s
[2019-08-30T16:42:12.667-0530][gc,start      ] GC(30) Pause Young (Normal) (G1 Evacuation Pause)
[2019-08-30T16:42:12.704-0530][gc,task       ] GC(30) Using 4 workers of 4 for evacuation
[2019-08-30T16:42:12.722-0530][gc,phases     ] GC(30)   Pre Evacuate Collection Set: 0.0ms
[2019-08-30T16:42:12.722-0530][gc,phases     ] GC(30)   Evacuate Collection Set: 16.7ms
[2019-08-30T16:42:12.722-0530][gc,phases     ] GC(30)   Post Evacuate Collection Set: 0.4ms
[2019-08-30T16:42:12.722-0530][gc,phases     ] GC(30)   Other: 37.5ms
[2019-08-30T16:42:12.722-0530][gc,heap       ] GC(30) Eden regions: 74->0(76)
[2019-08-30T16:42:12.722-0530][gc,heap       ] GC(30) Survivor regions: 7->6(11)
[2019-08-30T16:42:12.722-0530][gc,heap       ] GC(30) Old regions: 48->51
[2019-08-30T16:42:12.722-0530][gc,heap       ] GC(30) Archive regions: 2->2
[2019-08-30T16:42:12.722-0530][gc,heap       ] GC(30) Humongous regions: 129->129
[2019-08-30T16:42:12.722-0530][gc,metaspace  ] GC(30) Metaspace: 34524K->34524K(1081344K)
[2019-08-30T16:42:12.722-0530][gc            ] GC(30) Pause Young (Normal) (G1 Evacuation Pause) 257M->186M(1024M) 55.101ms
[2019-08-30T16:42:12.722-0530][gc,cpu        ] GC(30) User=0.06s Sys=0.00s Real=0.06s
[2019-08-30T16:43:55.024-0530][gc,start      ] GC(31) Pause Young (Normal) (G1 Evacuation Pause)
[2019-08-30T16:43:55.065-0530][gc,task       ] GC(31) Using 4 workers of 4 for evacuation
[2019-08-30T16:43:55.082-0530][gc,phases     ] GC(31)   Pre Evacuate Collection Set: 0.0ms
[2019-08-30T16:43:55.082-0530][gc,phases     ] GC(31)   Evacuate Collection Set: 15.7ms
[2019-08-30T16:43:55.082-0530][gc,phases     ] GC(31)   Post Evacuate Collection Set: 0.3ms
[2019-08-30T16:43:55.082-0530][gc,phases     ] GC(31)   Other: 41.9ms
[2019-08-30T16:43:55.082-0530][gc,heap       ] GC(31) Eden regions: 74->0(77)
[2019-08-30T16:43:55.082-0530][gc,heap       ] GC(31) Survivor regions: 6->7(10)
[2019-08-30T16:43:55.082-0530][gc,heap       ] GC(31) Old regions: 51->54
[2019-08-30T16:43:55.082-0530][gc,heap       ] GC(31) Archive regions: 2->2
[2019-08-30T16:43:55.082-0530][gc,heap       ] GC(31) Humongous regions: 129->129
[2019-08-30T16:43:55.082-0530][gc,metaspace  ] GC(31) Metaspace: 34526K->34526K(1081344K)
[2019-08-30T16:43:55.082-0530][gc            ] GC(31) Pause Young (Normal) (G1 Evacuation Pause) 260M->189M(1024M) 58.157ms
[2019-08-30T16:43:55.082-0530][gc,cpu        ] GC(31) User=0.06s Sys=0.01s Real=0.06s
[2019-08-30T16:45:40.899-0530][gc,start      ] GC(32) Pause Young (Normal) (G1 Evacuation Pause)
[2019-08-30T16:45:40.938-0530][gc,task       ] GC(32) Using 4 workers of 4 for evacuation
[2019-08-30T16:45:40.954-0530][gc,phases     ] GC(32)   Pre Evacuate Collection Set: 0.1ms
[2019-08-30T16:45:40.955-0530][gc,phases     ] GC(32)   Evacuate Collection Set: 15.4ms
[2019-08-30T16:45:40.955-0530][gc,phases     ] GC(32)   Post Evacuate Collection Set: 0.4ms
[2019-08-30T16:45:40.955-0530][gc,phases     ] GC(32)   Other: 39.8ms
[2019-08-30T16:45:40.955-0530][gc,heap       ] GC(32) Eden regions: 77->0(79)
[2019-08-30T16:45:40.955-0530][gc,heap       ] GC(32) Survivor regions: 7->7(11)
[2019-08-30T16:45:40.955-0530][gc,heap       ] GC(32) Old regions: 54->56
[2019-08-30T16:45:40.955-0530][gc,heap       ] GC(32) Archive regions: 2->2
[2019-08-30T16:45:40.955-0530][gc,heap       ] GC(32) Humongous regions: 129->129
[2019-08-30T16:45:40.955-0530][gc,metaspace  ] GC(32) Metaspace: 34536K->34536K(1081344K)
[2019-08-30T16:45:40.955-0530][gc            ] GC(32) Pause Young (Normal) (G1 Evacuation Pause) 266M->192M(1024M) 55.825ms
[2019-08-30T16:45:40.955-0530][gc,cpu        ] GC(32) User=0.06s Sys=0.00s Real=0.06s
[2019-08-30T16:47:29.247-0530][gc,start      ] GC(33) Pause Young (Normal) (G1 Evacuation Pause)
[2019-08-30T16:47:29.277-0530][gc,task       ] GC(33) Using 4 workers of 4 for evacuation
[2019-08-30T16:47:29.296-0530][gc,phases     ] GC(33)   Pre Evacuate Collection Set: 0.0ms
[2019-08-30T16:47:29.296-0530][gc,phases     ] GC(33)   Evacuate Collection Set: 17.6ms
[2019-08-30T16:47:29.296-0530][gc,phases     ] GC(33)   Post Evacuate Collection Set: 0.6ms
[2019-08-30T16:47:29.296-0530][gc,phases     ] GC(33)   Other: 31.1ms
[2019-08-30T16:47:29.296-0530][gc,heap       ] GC(33) Eden regions: 79->0(80)
[2019-08-30T16:47:29.296-0530][gc,heap       ] GC(33) Survivor regions: 7->7(11)
[2019-08-30T16:47:29.296-0530][gc,heap       ] GC(33) Old regions: 56->59
[2019-08-30T16:47:29.296-0530][gc,heap       ] GC(33) Archive regions: 2->2
[2019-08-30T16:47:29.296-0530][gc,heap       ] GC(33) Humongous regions: 129->129
[2019-08-30T16:47:29.296-0530][gc,metaspace  ] GC(33) Metaspace: 34549K->34549K(1081344K)
[2019-08-30T16:47:29.296-0530][gc            ] GC(33) Pause Young (Normal) (G1 Evacuation Pause) 271M->194M(1024M) 49.665ms
[2019-08-30T16:47:29.296-0530][gc,cpu        ] GC(33) User=0.05s Sys=0.00s Real=0.05s
[2019-08-30T16:49:15.059-0530][gc,start      ] GC(34) Pause Young (Normal) (G1 Evacuation Pause)
[2019-08-30T16:49:15.072-0530][gc,task       ] GC(34) Using 4 workers of 4 for evacuation
[2019-08-30T16:49:15.088-0530][gc,phases     ] GC(34)   Pre Evacuate Collection Set: 0.0ms
[2019-08-30T16:49:15.088-0530][gc,phases     ] GC(34)   Evacuate Collection Set: 14.9ms
[2019-08-30T16:49:15.088-0530][gc,phases     ] GC(34)   Post Evacuate Collection Set: 0.4ms
[2019-08-30T16:49:15.088-0530][gc,phases     ] GC(34)   Other: 13.9ms
[2019-08-30T16:49:15.088-0530][gc,heap       ] GC(34) Eden regions: 77->0(83)
[2019-08-30T16:49:15.088-0530][gc,heap       ] GC(34) Survivor regions: 7->7(11)
[2019-08-30T16:49:15.088-0530][gc,heap       ] GC(34) Old regions: 59->62
[2019-08-30T16:49:15.088-0530][gc,heap       ] GC(34) Archive regions: 2->2
[2019-08-30T16:49:15.088-0530][gc,heap       ] GC(34) Humongous regions: 129->129
[2019-08-30T16:49:15.088-0530][gc,metaspace  ] GC(34) Metaspace: 34549K->34549K(1081344K)
[2019-08-30T16:49:15.088-0530][gc            ] GC(34) Pause Young (Normal) (G1 Evacuation Pause) 271M->197M(1024M) 29.516ms
[2019-08-30T16:49:15.088-0530][gc,cpu        ] GC(34) User=0.06s Sys=0.00s Real=0.03s
[2019-08-30T16:51:05.519-0530][gc,start      ] GC(35) Pause Young (Normal) (G1 Evacuation Pause)
[2019-08-30T16:51:05.556-0530][gc,task       ] GC(35) Using 4 workers of 4 for evacuation
[2019-08-30T16:51:05.572-0530][gc,phases     ] GC(35)   Pre Evacuate Collection Set: 0.0ms
[2019-08-30T16:51:05.572-0530][gc,phases     ] GC(35)   Evacuate Collection Set: 15.1ms
[2019-08-30T16:51:05.572-0530][gc,phases     ] GC(35)   Post Evacuate Collection Set: 0.4ms
[2019-08-30T16:51:05.572-0530][gc,phases     ] GC(35)   Other: 37.3ms
[2019-08-30T16:51:05.572-0530][gc,heap       ] GC(35) Eden regions: 80->0(86)
[2019-08-30T16:51:05.572-0530][gc,heap       ] GC(35) Survivor regions: 7->7(11)
[2019-08-30T16:51:05.572-0530][gc,heap       ] GC(35) Old regions: 62->65
[2019-08-30T16:51:05.572-0530][gc,heap       ] GC(35) Archive regions: 2->2
[2019-08-30T16:51:05.572-0530][gc,heap       ] GC(35) Humongous regions: 129->129
[2019-08-30T16:51:05.572-0530][gc,metaspace  ] GC(35) Metaspace: 34554K->34554K(1081344K)
[2019-08-30T16:51:05.572-0530][gc            ] GC(35) Pause Young (Normal) (G1 Evacuation Pause) 277M->200M(1024M) 53.190ms
[2019-08-30T16:51:05.572-0530][gc,cpu        ] GC(35) User=0.06s Sys=0.00s Real=0.06s
[2019-08-30T16:53:05.886-0530][gc,start      ] GC(36) Pause Young (Normal) (G1 Evacuation Pause)
[2019-08-30T16:53:05.886-0530][gc,task       ] GC(36) Using 4 workers of 4 for evacuation
[2019-08-30T16:53:05.906-0530][gc,mmu        ] GC(36) MMU target violated: 20.3ms (20.0ms/21.0ms)
[2019-08-30T16:53:05.906-0530][gc,phases     ] GC(36)   Pre Evacuate Collection Set: 0.0ms
[2019-08-30T16:53:05.906-0530][gc,phases     ] GC(36)   Evacuate Collection Set: 19.8ms
[2019-08-30T16:53:05.906-0530][gc,phases     ] GC(36)   Post Evacuate Collection Set: 0.4ms
[2019-08-30T16:53:05.906-0530][gc,phases     ] GC(36)   Other: 0.4ms
[2019-08-30T16:53:05.907-0530][gc,heap       ] GC(36) Eden regions: 86->0(82)
[2019-08-30T16:53:05.907-0530][gc,heap       ] GC(36) Survivor regions: 7->10(12)
[2019-08-30T16:53:05.907-0530][gc,heap       ] GC(36) Old regions: 65->65
[2019-08-30T16:53:05.907-0530][gc,heap       ] GC(36) Archive regions: 2->2
[2019-08-30T16:53:05.907-0530][gc,heap       ] GC(36) Humongous regions: 129->129
[2019-08-30T16:53:05.907-0530][gc,metaspace  ] GC(36) Metaspace: 34562K->34562K(1081344K)
[2019-08-30T16:53:05.907-0530][gc            ] GC(36) Pause Young (Normal) (G1 Evacuation Pause) 286M->204M(1024M) 20.956ms
[2019-08-30T16:53:05.907-0530][gc,cpu        ] GC(36) User=0.06s Sys=0.00s Real=0.02s
[2019-08-30T16:54:58.862-0530][gc,start      ] GC(37) Pause Young (Normal) (G1 Evacuation Pause)
[2019-08-30T16:54:58.896-0530][gc,task       ] GC(37) Using 4 workers of 4 for evacuation
[2019-08-30T16:54:58.917-0530][gc,mmu        ] GC(37) MMU target violated: 20.7ms (20.0ms/21.0ms)
[2019-08-30T16:54:58.917-0530][gc,phases     ] GC(37)   Pre Evacuate Collection Set: 0.0ms
[2019-08-30T16:54:58.917-0530][gc,phases     ] GC(37)   Evacuate Collection Set: 20.2ms
[2019-08-30T16:54:58.917-0530][gc,phases     ] GC(37)   Post Evacuate Collection Set: 0.3ms
[2019-08-30T16:54:58.917-0530][gc,phases     ] GC(37)   Other: 34.6ms
[2019-08-30T16:54:58.917-0530][gc,heap       ] GC(37) Eden regions: 82->0(81)
[2019-08-30T16:54:58.917-0530][gc,heap       ] GC(37) Survivor regions: 10->8(12)
[2019-08-30T16:54:58.917-0530][gc,heap       ] GC(37) Old regions: 65->70
[2019-08-30T16:54:58.917-0530][gc,heap       ] GC(37) Archive regions: 2->2
[2019-08-30T16:54:58.917-0530][gc,heap       ] GC(37) Humongous regions: 129->129
[2019-08-30T16:54:58.917-0530][gc,metaspace  ] GC(37) Metaspace: 34562K->34562K(1081344K)
[2019-08-30T16:54:58.917-0530][gc            ] GC(37) Pause Young (Normal) (G1 Evacuation Pause) 286M->207M(1024M) 55.343ms
[2019-08-30T16:54:58.917-0530][gc,cpu        ] GC(37) User=0.07s Sys=0.01s Real=0.05s
[2019-08-30T16:56:50.113-0530][gc,start      ] GC(38) Pause Young (Normal) (G1 Evacuation Pause)
[2019-08-30T16:56:50.148-0530][gc,task       ] GC(38) Using 4 workers of 4 for evacuation
[2019-08-30T16:56:50.178-0530][gc,mmu        ] GC(38) MMU target violated: 21.0ms (20.0ms/21.0ms)
[2019-08-30T16:56:50.178-0530][gc,phases     ] GC(38)   Pre Evacuate Collection Set: 0.0ms
[2019-08-30T16:56:50.178-0530][gc,phases     ] GC(38)   Evacuate Collection Set: 27.3ms
[2019-08-30T16:56:50.178-0530][gc,phases     ] GC(38)   Post Evacuate Collection Set: 2.5ms
[2019-08-30T16:56:50.179-0530][gc,phases     ] GC(38)   Other: 35.6ms
[2019-08-30T16:56:50.179-0530][gc,heap       ] GC(38) Eden regions: 81->0(64)
[2019-08-30T16:56:50.179-0530][gc,heap       ] GC(38) Survivor regions: 8->8(12)
[2019-08-30T16:56:50.179-0530][gc,heap       ] GC(38) Old regions: 70->74
[2019-08-30T16:56:50.179-0530][gc,heap       ] GC(38) Archive regions: 2->2
[2019-08-30T16:56:50.179-0530][gc,heap       ] GC(38) Humongous regions: 129->129
[2019-08-30T16:56:50.179-0530][gc,metaspace  ] GC(38) Metaspace: 34563K->34563K(1081344K)
[2019-08-30T16:56:50.179-0530][gc            ] GC(38) Pause Young (Normal) (G1 Evacuation Pause) 288M->210M(1024M) 65.818ms
[2019-08-30T16:56:50.179-0530][gc,cpu        ] GC(38) User=0.06s Sys=0.01s Real=0.06s
[2019-08-30T16:58:17.686-0530][gc,start      ] GC(39) Pause Young (Normal) (G1 Evacuation Pause)
[2019-08-30T16:58:17.686-0530][gc,task       ] GC(39) Using 4 workers of 4 for evacuation
[2019-08-30T16:58:17.702-0530][gc,phases     ] GC(39)   Pre Evacuate Collection Set: 0.0ms
[2019-08-30T16:58:17.702-0530][gc,phases     ] GC(39)   Evacuate Collection Set: 15.5ms
[2019-08-30T16:58:17.702-0530][gc,phases     ] GC(39)   Post Evacuate Collection Set: 0.4ms
[2019-08-30T16:58:17.702-0530][gc,phases     ] GC(39)   Other: 0.3ms
[2019-08-30T16:58:17.702-0530][gc,heap       ] GC(39) Eden regions: 64->0(72)
[2019-08-30T16:58:17.702-0530][gc,heap       ] GC(39) Survivor regions: 8->7(9)
[2019-08-30T16:58:17.702-0530][gc,heap       ] GC(39) Old regions: 74->77
[2019-08-30T16:58:17.702-0530][gc,heap       ] GC(39) Archive regions: 2->2
[2019-08-30T16:58:17.702-0530][gc,heap       ] GC(39) Humongous regions: 129->129
[2019-08-30T16:58:17.702-0530][gc,metaspace  ] GC(39) Metaspace: 34567K->34567K(1081344K)
[2019-08-30T16:58:17.702-0530][gc            ] GC(39) Pause Young (Normal) (G1 Evacuation Pause) 274M->213M(1024M) 16.426ms
[2019-08-30T16:58:17.702-0530][gc,cpu        ] GC(39) User=0.06s Sys=0.01s Real=0.02s
[2019-08-30T16:59:56.455-0530][gc,start      ] GC(40) Pause Young (Normal) (G1 Evacuation Pause)
[2019-08-30T16:59:56.463-0530][gc,task       ] GC(40) Using 4 workers of 4 for evacuation
[2019-08-30T16:59:56.479-0530][gc,phases     ] GC(40)   Pre Evacuate Collection Set: 0.0ms
[2019-08-30T16:59:56.479-0530][gc,phases     ] GC(40)   Evacuate Collection Set: 15.0ms
[2019-08-30T16:59:56.479-0530][gc,phases     ] GC(40)   Post Evacuate Collection Set: 0.5ms
[2019-08-30T16:59:56.479-0530][gc,phases     ] GC(40)   Other: 8.2ms
[2019-08-30T16:59:56.479-0530][gc,heap       ] GC(40) Eden regions: 72->0(79)
[2019-08-30T16:59:56.479-0530][gc,heap       ] GC(40) Survivor regions: 7->6(10)
[2019-08-30T16:59:56.479-0530][gc,heap       ] GC(40) Old regions: 77->80
[2019-08-30T16:59:56.479-0530][gc,heap       ] GC(40) Archive regions: 2->2
[2019-08-30T16:59:56.479-0530][gc,heap       ] GC(40) Humongous regions: 129->129
[2019-08-30T16:59:56.479-0530][gc,metaspace  ] GC(40) Metaspace: 34571K->34571K(1081344K)
[2019-08-30T16:59:56.479-0530][gc            ] GC(40) Pause Young (Normal) (G1 Evacuation Pause) 285M->215M(1024M) 24.098ms
[2019-08-30T16:59:56.479-0530][gc,cpu        ] GC(40) User=0.05s Sys=0.00s Real=0.02s
[2019-08-30T17:01:44.356-0530][gc,start      ] GC(41) Pause Young (Normal) (G1 Evacuation Pause)
[2019-08-30T17:01:44.391-0530][gc,task       ] GC(41) Using 4 workers of 4 for evacuation
[2019-08-30T17:01:44.411-0530][gc,phases     ] GC(41)   Pre Evacuate Collection Set: 0.0ms
[2019-08-30T17:01:44.411-0530][gc,phases     ] GC(41)   Evacuate Collection Set: 17.5ms
[2019-08-30T17:01:44.411-0530][gc,phases     ] GC(41)   Post Evacuate Collection Set: 1.9ms
[2019-08-30T17:01:44.411-0530][gc,phases     ] GC(41)   Other: 35.2ms
[2019-08-30T17:01:44.411-0530][gc,heap       ] GC(41) Eden regions: 79->0(76)
[2019-08-30T17:01:44.411-0530][gc,heap       ] GC(41) Survivor regions: 6->9(11)
[2019-08-30T17:01:44.411-0530][gc,heap       ] GC(41) Old regions: 80->80
[2019-08-30T17:01:44.411-0530][gc,heap       ] GC(41) Archive regions: 2->2
[2019-08-30T17:01:44.411-0530][gc,heap       ] GC(41) Humongous regions: 129->129
[2019-08-30T17:01:44.411-0530][gc,metaspace  ] GC(41) Metaspace: 34602K->34602K(1081344K)
[2019-08-30T17:01:44.411-0530][gc            ] GC(41) Pause Young (Normal) (G1 Evacuation Pause) 294M->217M(1024M) 55.011ms
[2019-08-30T17:01:44.411-0530][gc,cpu        ] GC(41) User=0.06s Sys=0.00s Real=0.06s
[2019-08-30T17:03:23.475-0530][gc,start      ] GC(42) Pause Young (Normal) (G1 Evacuation Pause)
[2019-08-30T17:03:23.517-0530][gc,task       ] GC(42) Using 4 workers of 4 for evacuation
[2019-08-30T17:03:23.537-0530][gc,phases     ] GC(42)   Pre Evacuate Collection Set: 0.0ms
[2019-08-30T17:03:23.537-0530][gc,phases     ] GC(42)   Evacuate Collection Set: 18.7ms
[2019-08-30T17:03:23.537-0530][gc,phases     ] GC(42)   Post Evacuate Collection Set: 0.3ms
[2019-08-30T17:03:23.537-0530][gc,phases     ] GC(42)   Other: 42.2ms
[2019-08-30T17:03:23.537-0530][gc,heap       ] GC(42) Eden regions: 72->0(77)
[2019-08-30T17:03:23.537-0530][gc,heap       ] GC(42) Survivor regions: 9->7(11)
[2019-08-30T17:03:23.537-0530][gc,heap       ] GC(42) Old regions: 80->85
[2019-08-30T17:03:23.537-0530][gc,heap       ] GC(42) Archive regions: 2->2
[2019-08-30T17:03:23.537-0530][gc,heap       ] GC(42) Humongous regions: 129->129
[2019-08-30T17:03:23.537-0530][gc,metaspace  ] GC(42) Metaspace: 34609K->34609K(1081344K)
[2019-08-30T17:03:23.537-0530][gc            ] GC(42) Pause Young (Normal) (G1 Evacuation Pause) 289M->220M(1024M) 61.471ms
[2019-08-30T17:03:23.537-0530][gc,cpu        ] GC(42) User=0.07s Sys=0.01s Real=0.06s
[2019-08-30T17:05:08.744-0530][gc,start      ] GC(43) Pause Young (Normal) (G1 Evacuation Pause)
[2019-08-30T17:05:08.744-0530][gc,task       ] GC(43) Using 4 workers of 4 for evacuation
[2019-08-30T17:05:08.761-0530][gc,phases     ] GC(43)   Pre Evacuate Collection Set: 0.0ms
[2019-08-30T17:05:08.761-0530][gc,phases     ] GC(43)   Evacuate Collection Set: 16.4ms
[2019-08-30T17:05:08.761-0530][gc,phases     ] GC(43)   Post Evacuate Collection Set: 0.4ms
[2019-08-30T17:05:08.761-0530][gc,phases     ] GC(43)   Other: 0.3ms
[2019-08-30T17:05:08.761-0530][gc,heap       ] GC(43) Eden regions: 77->0(79)
[2019-08-30T17:05:08.761-0530][gc,heap       ] GC(43) Survivor regions: 7->7(11)
[2019-08-30T17:05:08.761-0530][gc,heap       ] GC(43) Old regions: 85->88
[2019-08-30T17:05:08.761-0530][gc,heap       ] GC(43) Archive regions: 2->2
[2019-08-30T17:05:08.761-0530][gc,heap       ] GC(43) Humongous regions: 129->129
[2019-08-30T17:05:08.761-0530][gc,metaspace  ] GC(43) Metaspace: 34610K->34610K(1081344K)
[2019-08-30T17:05:08.761-0530][gc            ] GC(43) Pause Young (Normal) (G1 Evacuation Pause) 297M->223M(1024M) 17.427ms
[2019-08-30T17:05:08.761-0530][gc,cpu        ] GC(43) User=0.06s Sys=0.01s Real=0.02s
[2019-08-30T17:06:57.217-0530][gc,start      ] GC(44) Pause Young (Normal) (G1 Evacuation Pause)
[2019-08-30T17:06:57.229-0530][gc,task       ] GC(44) Using 4 workers of 4 for evacuation
[2019-08-30T17:06:57.245-0530][gc,phases     ] GC(44)   Pre Evacuate Collection Set: 0.0ms
[2019-08-30T17:06:57.245-0530][gc,phases     ] GC(44)   Evacuate Collection Set: 15.1ms
[2019-08-30T17:06:57.245-0530][gc,phases     ] GC(44)   Post Evacuate Collection Set: 0.3ms
[2019-08-30T17:06:57.245-0530][gc,phases     ] GC(44)   Other: 12.8ms
[2019-08-30T17:06:57.245-0530][gc,heap       ] GC(44) Eden regions: 79->0(82)
[2019-08-30T17:06:57.245-0530][gc,heap       ] GC(44) Survivor regions: 7->7(11)
[2019-08-30T17:06:57.245-0530][gc,heap       ] GC(44) Old regions: 88->90
[2019-08-30T17:06:57.245-0530][gc,heap       ] GC(44) Archive regions: 2->2
[2019-08-30T17:06:57.245-0530][gc,heap       ] GC(44) Humongous regions: 129->129
[2019-08-30T17:06:57.245-0530][gc,metaspace  ] GC(44) Metaspace: 34611K->34611K(1081344K)
[2019-08-30T17:06:57.246-0530][gc            ] GC(44) Pause Young (Normal) (G1 Evacuation Pause) 302M->226M(1024M) 28.578ms
[2019-08-30T17:06:57.246-0530][gc,cpu        ] GC(44) User=0.05s Sys=0.00s Real=0.03s
[2019-08-30T17:08:49.545-0530][gc,start      ] GC(45) Pause Young (Normal) (G1 Evacuation Pause)
[2019-08-30T17:08:49.580-0530][gc,task       ] GC(45) Using 4 workers of 4 for evacuation
[2019-08-30T17:08:49.598-0530][gc,phases     ] GC(45)   Pre Evacuate Collection Set: 0.0ms
[2019-08-30T17:08:49.598-0530][gc,phases     ] GC(45)   Evacuate Collection Set: 17.4ms
[2019-08-30T17:08:49.598-0530][gc,phases     ] GC(45)   Post Evacuate Collection Set: 0.3ms
[2019-08-30T17:08:49.598-0530][gc,phases     ] GC(45)   Other: 35.8ms
[2019-08-30T17:08:49.598-0530][gc,heap       ] GC(45) Eden regions: 82->0(83)
[2019-08-30T17:08:49.598-0530][gc,heap       ] GC(45) Survivor regions: 7->7(12)
[2019-08-30T17:08:49.598-0530][gc,heap       ] GC(45) Old regions: 90->93
[2019-08-30T17:08:49.598-0530][gc,heap       ] GC(45) Archive regions: 2->2
[2019-08-30T17:08:49.598-0530][gc,heap       ] GC(45) Humongous regions: 129->129
[2019-08-30T17:08:49.598-0530][gc,metaspace  ] GC(45) Metaspace: 34618K->34618K(1081344K)
[2019-08-30T17:08:49.598-0530][gc            ] GC(45) Pause Young (Normal) (G1 Evacuation Pause) 308M->229M(1024M) 53.819ms
[2019-08-30T17:08:49.598-0530][gc,cpu        ] GC(45) User=0.05s Sys=0.00s Real=0.05s
[2019-08-30T17:10:36.710-0530][gc,start      ] GC(46) Pause Young (Normal) (G1 Evacuation Pause)
[2019-08-30T17:10:36.749-0530][gc,task       ] GC(46) Using 4 workers of 4 for evacuation
[2019-08-30T17:10:36.766-0530][gc,phases     ] GC(46)   Pre Evacuate Collection Set: 0.0ms
[2019-08-30T17:10:36.766-0530][gc,phases     ] GC(46)   Evacuate Collection Set: 16.8ms
[2019-08-30T17:10:36.766-0530][gc,phases     ] GC(46)   Post Evacuate Collection Set: 0.4ms
[2019-08-30T17:10:36.766-0530][gc,phases     ] GC(46)   Other: 39.4ms
[2019-08-30T17:10:36.767-0530][gc,heap       ] GC(46) Eden regions: 81->0(82)
[2019-08-30T17:10:36.767-0530][gc,heap       ] GC(46) Survivor regions: 7->7(11)
[2019-08-30T17:10:36.767-0530][gc,heap       ] GC(46) Old regions: 93->96
[2019-08-30T17:10:36.767-0530][gc,heap       ] GC(46) Archive regions: 2->2
[2019-08-30T17:10:36.767-0530][gc,heap       ] GC(46) Humongous regions: 129->129
[2019-08-30T17:10:36.767-0530][gc,metaspace  ] GC(46) Metaspace: 34657K->34657K(1081344K)
[2019-08-30T17:10:36.767-0530][gc            ] GC(46) Pause Young (Normal) (G1 Evacuation Pause) 310M->232M(1024M) 57.359ms
[2019-08-30T17:10:36.767-0530][gc,cpu        ] GC(46) User=0.06s Sys=0.01s Real=0.05s
[2019-08-30T17:12:24.902-0530][gc,start      ] GC(47) Pause Young (Normal) (G1 Evacuation Pause)
[2019-08-30T17:12:24.944-0530][gc,task       ] GC(47) Using 4 workers of 4 for evacuation
[2019-08-30T17:12:24.957-0530][gc,phases     ] GC(47)   Pre Evacuate Collection Set: 0.0ms
[2019-08-30T17:12:24.957-0530][gc,phases     ] GC(47)   Evacuate Collection Set: 12.4ms
[2019-08-30T17:12:24.957-0530][gc,phases     ] GC(47)   Post Evacuate Collection Set: 0.3ms
[2019-08-30T17:12:24.957-0530][gc,phases     ] GC(47)   Other: 42.1ms
[2019-08-30T17:12:24.957-0530][gc,heap       ] GC(47) Eden regions: 79->0(86)
[2019-08-30T17:12:24.957-0530][gc,heap       ] GC(47) Survivor regions: 7->5(11)
[2019-08-30T17:12:24.957-0530][gc,heap       ] GC(47) Old regions: 96->99
[2019-08-30T17:12:24.957-0530][gc,heap       ] GC(47) Archive regions: 2->2
[2019-08-30T17:12:24.957-0530][gc,heap       ] GC(47) Humongous regions: 129->129
[2019-08-30T17:12:24.957-0530][gc,metaspace  ] GC(47) Metaspace: 34659K->34659K(1081344K)
[2019-08-30T17:12:24.957-0530][gc            ] GC(47) Pause Young (Normal) (G1 Evacuation Pause) 311M->233M(1024M) 55.082ms
[2019-08-30T17:12:24.957-0530][gc,cpu        ] GC(47) User=0.05s Sys=0.01s Real=0.05s
[2019-08-30T17:14:21.530-0530][gc,start      ] GC(48) Pause Young (Normal) (G1 Evacuation Pause)
[2019-08-30T17:14:21.539-0530][gc,task       ] GC(48) Using 4 workers of 4 for evacuation
[2019-08-30T17:14:21.548-0530][gc,phases     ] GC(48)   Pre Evacuate Collection Set: 0.0ms
[2019-08-30T17:14:21.548-0530][gc,phases     ] GC(48)   Evacuate Collection Set: 8.3ms
[2019-08-30T17:14:21.548-0530][gc,phases     ] GC(48)   Post Evacuate Collection Set: 0.4ms
[2019-08-30T17:14:21.548-0530][gc,phases     ] GC(48)   Other: 9.9ms
[2019-08-30T17:14:21.548-0530][gc,heap       ] GC(48) Eden regions: 85->0(92)
[2019-08-30T17:14:21.548-0530][gc,heap       ] GC(48) Survivor regions: 5->5(12)
[2019-08-30T17:14:21.548-0530][gc,heap       ] GC(48) Old regions: 99->99
[2019-08-30T17:14:21.548-0530][gc,heap       ] GC(48) Archive regions: 2->2
[2019-08-30T17:14:21.548-0530][gc,heap       ] GC(48) Humongous regions: 129->129
[2019-08-30T17:14:21.548-0530][gc,metaspace  ] GC(48) Metaspace: 34681K->34681K(1081344K)
[2019-08-30T17:14:21.548-0530][gc            ] GC(48) Pause Young (Normal) (G1 Evacuation Pause) 318M->233M(1024M) 18.801ms
[2019-08-30T17:14:21.548-0530][gc,cpu        ] GC(48) User=0.03s Sys=0.00s Real=0.01s
[2019-08-30T17:16:27.348-0530][gc,start      ] GC(49) Pause Young (Normal) (G1 Evacuation Pause)
[2019-08-30T17:16:27.358-0530][gc,task       ] GC(49) Using 4 workers of 4 for evacuation
[2019-08-30T17:16:27.367-0530][gc,phases     ] GC(49)   Pre Evacuate Collection Set: 0.0ms
[2019-08-30T17:16:27.367-0530][gc,phases     ] GC(49)   Evacuate Collection Set: 7.5ms
[2019-08-30T17:16:27.367-0530][gc,phases     ] GC(49)   Post Evacuate Collection Set: 0.7ms
[2019-08-30T17:16:27.367-0530][gc,phases     ] GC(49)   Other: 10.6ms
[2019-08-30T17:16:27.367-0530][gc,heap       ] GC(49) Eden regions: 92->0(100)
[2019-08-30T17:16:27.367-0530][gc,heap       ] GC(49) Survivor regions: 5->5(13)
[2019-08-30T17:16:27.367-0530][gc,heap       ] GC(49) Old regions: 99->99
[2019-08-30T17:16:27.367-0530][gc,heap       ] GC(49) Archive regions: 2->2
[2019-08-30T17:16:27.367-0530][gc,heap       ] GC(49) Humongous regions: 129->129
[2019-08-30T17:16:27.367-0530][gc,metaspace  ] GC(49) Metaspace: 34682K->34682K(1081344K)
[2019-08-30T17:16:27.367-0530][gc            ] GC(49) Pause Young (Normal) (G1 Evacuation Pause) 325M->232M(1024M) 19.082ms
[2019-08-30T17:16:27.367-0530][gc,cpu        ] GC(49) User=0.03s Sys=0.00s Real=0.02s
[2019-08-30T17:18:44.533-0530][gc,start      ] GC(50) Pause Young (Normal) (G1 Evacuation Pause)
[2019-08-30T17:18:44.566-0530][gc,task       ] GC(50) Using 4 workers of 4 for evacuation
[2019-08-30T17:18:44.575-0530][gc,phases     ] GC(50)   Pre Evacuate Collection Set: 0.0ms
[2019-08-30T17:18:44.575-0530][gc,phases     ] GC(50)   Evacuate Collection Set: 7.9ms
[2019-08-30T17:18:44.575-0530][gc,phases     ] GC(50)   Post Evacuate Collection Set: 0.4ms
[2019-08-30T17:18:44.575-0530][gc,phases     ] GC(50)   Other: 33.0ms
[2019-08-30T17:18:44.575-0530][gc,heap       ] GC(50) Eden regions: 100->0(108)
[2019-08-30T17:18:44.575-0530][gc,heap       ] GC(50) Survivor regions: 5->5(14)
[2019-08-30T17:18:44.575-0530][gc,heap       ] GC(50) Old regions: 99->99
[2019-08-30T17:18:44.575-0530][gc,heap       ] GC(50) Archive regions: 2->2
[2019-08-30T17:18:44.575-0530][gc,heap       ] GC(50) Humongous regions: 129->129
[2019-08-30T17:18:44.575-0530][gc,metaspace  ] GC(50) Metaspace: 34684K->34684K(1081344K)
[2019-08-30T17:18:44.575-0530][gc            ] GC(50) Pause Young (Normal) (G1 Evacuation Pause) 332M->233M(1024M) 41.498ms
[2019-08-30T17:18:44.575-0530][gc,cpu        ] GC(50) User=0.04s Sys=0.00s Real=0.04s
[2019-08-30T17:21:47.026-0530][gc,start      ] GC(51) Pause Young (Normal) (G1 Evacuation Pause)
[2019-08-30T17:21:47.031-0530][gc,task       ] GC(51) Using 4 workers of 4 for evacuation
[2019-08-30T17:21:47.040-0530][gc,phases     ] GC(51)   Pre Evacuate Collection Set: 0.0ms
[2019-08-30T17:21:47.041-0530][gc,phases     ] GC(51)   Evacuate Collection Set: 8.5ms
[2019-08-30T17:21:47.041-0530][gc,phases     ] GC(51)   Post Evacuate Collection Set: 0.3ms
[2019-08-30T17:21:47.041-0530][gc,phases     ] GC(51)   Other: 5.3ms
[2019-08-30T17:21:47.041-0530][gc,heap       ] GC(51) Eden regions: 108->0(122)
[2019-08-30T17:21:47.041-0530][gc,heap       ] GC(51) Survivor regions: 5->4(15)
[2019-08-30T17:21:47.041-0530][gc,heap       ] GC(51) Old regions: 99->99
[2019-08-30T17:21:47.041-0530][gc,heap       ] GC(51) Archive regions: 2->2
[2019-08-30T17:21:47.041-0530][gc,heap       ] GC(51) Humongous regions: 129->129
[2019-08-30T17:21:47.041-0530][gc,metaspace  ] GC(51) Metaspace: 34690K->34690K(1081344K)
[2019-08-30T17:21:47.041-0530][gc            ] GC(51) Pause Young (Normal) (G1 Evacuation Pause) 341M->232M(1024M) 14.398ms
[2019-08-30T17:21:47.041-0530][gc,cpu        ] GC(51) User=0.03s Sys=0.00s Real=0.02s
[2019-08-30T17:25:56.317-0530][gc,start      ] GC(52) Pause Young (Normal) (G1 Evacuation Pause)
[2019-08-30T17:25:56.559-0530][gc,task       ] GC(52) Using 4 workers of 4 for evacuation
[2019-08-30T17:25:56.570-0530][gc,phases     ] GC(52)   Pre Evacuate Collection Set: 0.0ms
[2019-08-30T17:25:56.570-0530][gc,phases     ] GC(52)   Evacuate Collection Set: 10.1ms
[2019-08-30T17:25:56.570-0530][gc,phases     ] GC(52)   Post Evacuate Collection Set: 0.4ms
[2019-08-30T17:25:56.570-0530][gc,phases     ] GC(52)   Other: 242.4ms
[2019-08-30T17:25:56.570-0530][gc,heap       ] GC(52) Eden regions: 122->0(123)
[2019-08-30T17:25:56.570-0530][gc,heap       ] GC(52) Survivor regions: 4->4(16)
[2019-08-30T17:25:56.570-0530][gc,heap       ] GC(52) Old regions: 99->99
[2019-08-30T17:25:56.570-0530][gc,heap       ] GC(52) Archive regions: 2->2
[2019-08-30T17:25:56.570-0530][gc,heap       ] GC(52) Humongous regions: 129->129
[2019-08-30T17:25:56.570-0530][gc,metaspace  ] GC(52) Metaspace: 34694K->34694K(1081344K)
[2019-08-30T17:25:56.570-0530][gc            ] GC(52) Pause Young (Normal) (G1 Evacuation Pause) 354M->232M(1024M) 253.166ms
[2019-08-30T17:25:56.570-0530][gc,cpu        ] GC(52) User=0.03s Sys=0.01s Real=0.26s
[2019-08-30T17:32:23.474-0530][gc,start      ] GC(53) Pause Young (Normal) (G1 Evacuation Pause)
[2019-08-30T17:32:23.496-0530][gc,task       ] GC(53) Using 4 workers of 4 for evacuation
[2019-08-30T17:32:23.509-0530][gc,phases     ] GC(53)   Pre Evacuate Collection Set: 0.0ms
[2019-08-30T17:32:23.509-0530][gc,phases     ] GC(53)   Evacuate Collection Set: 12.5ms
[2019-08-30T17:32:23.509-0530][gc,phases     ] GC(53)   Post Evacuate Collection Set: 0.5ms
[2019-08-30T17:32:23.509-0530][gc,phases     ] GC(53)   Other: 22.5ms
[2019-08-30T17:32:23.509-0530][gc,heap       ] GC(53) Eden regions: 122->0(123)
[2019-08-30T17:32:23.509-0530][gc,heap       ] GC(53) Survivor regions: 4->5(16)
[2019-08-30T17:32:23.509-0530][gc,heap       ] GC(53) Old regions: 99->99
[2019-08-30T17:32:23.509-0530][gc,heap       ] GC(53) Archive regions: 2->2
[2019-08-30T17:32:23.509-0530][gc,heap       ] GC(53) Humongous regions: 129->129
[2019-08-30T17:32:23.509-0530][gc,metaspace  ] GC(53) Metaspace: 36118K->36118K(1081344K)
[2019-08-30T17:32:23.509-0530][gc            ] GC(53) Pause Young (Normal) (G1 Evacuation Pause) 354M->233M(1024M) 35.742ms
[2019-08-30T17:32:23.509-0530][gc,cpu        ] GC(53) User=0.04s Sys=0.01s Real=0.03s
[2019-08-30T17:39:25.226-0530][gc,start      ] GC(54) Pause Young (Normal) (G1 Evacuation Pause)
[2019-08-30T17:39:25.252-0530][gc,task       ] GC(54) Using 4 workers of 4 for evacuation
[2019-08-30T17:39:25.264-0530][gc,phases     ] GC(54)   Pre Evacuate Collection Set: 0.0ms
[2019-08-30T17:39:25.264-0530][gc,phases     ] GC(54)   Evacuate Collection Set: 10.2ms
[2019-08-30T17:39:25.264-0530][gc,phases     ] GC(54)   Post Evacuate Collection Set: 0.7ms
[2019-08-30T17:39:25.264-0530][gc,phases     ] GC(54)   Other: 27.1ms
[2019-08-30T17:39:25.264-0530][gc,heap       ] GC(54) Eden regions: 122->0(126)
[2019-08-30T17:39:25.264-0530][gc,heap       ] GC(54) Survivor regions: 5->5(16)
[2019-08-30T17:39:25.264-0530][gc,heap       ] GC(54) Old regions: 99->99
[2019-08-30T17:39:25.264-0530][gc,heap       ] GC(54) Archive regions: 2->2
[2019-08-30T17:39:25.264-0530][gc,heap       ] GC(54) Humongous regions: 129->129
[2019-08-30T17:39:25.264-0530][gc,metaspace  ] GC(54) Metaspace: 36124K->36124K(1081344K)
[2019-08-30T17:39:25.264-0530][gc            ] GC(54) Pause Young (Normal) (G1 Evacuation Pause) 355M->233M(1024M) 38.530ms
[2019-08-30T17:39:25.264-0530][gc,cpu        ] GC(54) User=0.04s Sys=0.00s Real=0.04s
[2019-08-30T17:46:38.154-0530][gc,start      ] GC(55) Pause Young (Normal) (G1 Evacuation Pause)
[2019-08-30T17:46:38.172-0530][gc,task       ] GC(55) Using 4 workers of 4 for evacuation
[2019-08-30T17:46:38.183-0530][gc,phases     ] GC(55)   Pre Evacuate Collection Set: 0.0ms
[2019-08-30T17:46:38.183-0530][gc,phases     ] GC(55)   Evacuate Collection Set: 10.1ms
[2019-08-30T17:46:38.183-0530][gc,phases     ] GC(55)   Post Evacuate Collection Set: 0.4ms
[2019-08-30T17:46:38.183-0530][gc,phases     ] GC(55)   Other: 18.1ms
[2019-08-30T17:46:38.183-0530][gc,heap       ] GC(55) Eden regions: 126->0(133)
[2019-08-30T17:46:38.183-0530][gc,heap       ] GC(55) Survivor regions: 5->5(17)
[2019-08-30T17:46:38.183-0530][gc,heap       ] GC(55) Old regions: 99->99
[2019-08-30T17:46:38.183-0530][gc,heap       ] GC(55) Archive regions: 2->2
[2019-08-30T17:46:38.183-0530][gc,heap       ] GC(55) Humongous regions: 129->129
[2019-08-30T17:46:38.183-0530][gc,metaspace  ] GC(55) Metaspace: 36137K->36137K(1081344K)
[2019-08-30T17:46:38.183-0530][gc            ] GC(55) Pause Young (Normal) (G1 Evacuation Pause) 359M->233M(1024M) 28.862ms
[2019-08-30T17:46:38.183-0530][gc,cpu        ] GC(55) User=0.04s Sys=0.00s Real=0.03s
[2019-08-30T17:54:34.765-0530][gc,start      ] GC(56) Pause Young (Normal) (G1 Evacuation Pause)
[2019-08-30T17:54:34.776-0530][gc,task       ] GC(56) Using 4 workers of 4 for evacuation
[2019-08-30T17:54:34.788-0530][gc,phases     ] GC(56)   Pre Evacuate Collection Set: 0.0ms
[2019-08-30T17:54:34.788-0530][gc,phases     ] GC(56)   Evacuate Collection Set: 10.7ms
[2019-08-30T17:54:34.788-0530][gc,phases     ] GC(56)   Post Evacuate Collection Set: 0.4ms
[2019-08-30T17:54:34.788-0530][gc,phases     ] GC(56)   Other: 11.4ms
[2019-08-30T17:54:34.788-0530][gc,heap       ] GC(56) Eden regions: 133->0(147)
[2019-08-30T17:54:34.788-0530][gc,heap       ] GC(56) Survivor regions: 5->5(18)
[2019-08-30T17:54:34.788-0530][gc,heap       ] GC(56) Old regions: 99->99
[2019-08-30T17:54:34.788-0530][gc,heap       ] GC(56) Archive regions: 2->2
[2019-08-30T17:54:34.788-0530][gc,heap       ] GC(56) Humongous regions: 129->129
[2019-08-30T17:54:34.788-0530][gc,metaspace  ] GC(56) Metaspace: 36159K->36159K(1081344K)
[2019-08-30T17:54:34.788-0530][gc            ] GC(56) Pause Young (Normal) (G1 Evacuation Pause) 366M->233M(1024M) 22.794ms
[2019-08-30T17:54:34.788-0530][gc,cpu        ] GC(56) User=0.03s Sys=0.00s Real=0.02s
[2019-08-30T18:02:17.613-0530][gc,start      ] GC(57) Pause Young (Normal) (G1 Evacuation Pause)
[2019-08-30T18:02:17.673-0530][gc,task       ] GC(57) Using 4 workers of 4 for evacuation
[2019-08-30T18:02:17.686-0530][gc,phases     ] GC(57)   Pre Evacuate Collection Set: 0.0ms
[2019-08-30T18:02:17.686-0530][gc,phases     ] GC(57)   Evacuate Collection Set: 12.2ms
[2019-08-30T18:02:17.686-0530][gc,phases     ] GC(57)   Post Evacuate Collection Set: 0.6ms
[2019-08-30T18:02:17.686-0530][gc,phases     ] GC(57)   Other: 60.2ms
[2019-08-30T18:02:17.686-0530][gc,heap       ] GC(57) Eden regions: 147->0(161)
[2019-08-30T18:02:17.686-0530][gc,heap       ] GC(57) Survivor regions: 5->5(19)
[2019-08-30T18:02:17.686-0530][gc,heap       ] GC(57) Old regions: 99->99
[2019-08-30T18:02:17.686-0530][gc,heap       ] GC(57) Archive regions: 2->2
[2019-08-30T18:02:17.686-0530][gc,heap       ] GC(57) Humongous regions: 129->129
[2019-08-30T18:02:17.686-0530][gc,metaspace  ] GC(57) Metaspace: 36165K->36165K(1081344K)
[2019-08-30T18:02:17.686-0530][gc            ] GC(57) Pause Young (Normal) (G1 Evacuation Pause) 380M->233M(1024M) 73.224ms
[2019-08-30T18:02:17.686-0530][gc,cpu        ] GC(57) User=0.04s Sys=0.00s Real=0.07s
[2019-08-30T18:09:50.574-0530][gc,start      ] GC(58) Pause Young (Normal) (G1 Evacuation Pause)
[2019-08-30T18:09:50.598-0530][gc,task       ] GC(58) Using 4 workers of 4 for evacuation
[2019-08-30T18:09:50.609-0530][gc,phases     ] GC(58)   Pre Evacuate Collection Set: 0.0ms
[2019-08-30T18:09:50.610-0530][gc,phases     ] GC(58)   Evacuate Collection Set: 10.9ms
[2019-08-30T18:09:50.610-0530][gc,phases     ] GC(58)   Post Evacuate Collection Set: 0.6ms
[2019-08-30T18:09:50.610-0530][gc,phases     ] GC(58)   Other: 23.6ms
[2019-08-30T18:09:50.610-0530][gc,heap       ] GC(58) Eden regions: 161->0(168)
[2019-08-30T18:09:50.610-0530][gc,heap       ] GC(58) Survivor regions: 5->5(21)
[2019-08-30T18:09:50.610-0530][gc,heap       ] GC(58) Old regions: 99->99
[2019-08-30T18:09:50.610-0530][gc,heap       ] GC(58) Archive regions: 2->2
[2019-08-30T18:09:50.610-0530][gc,heap       ] GC(58) Humongous regions: 129->129
[2019-08-30T18:09:50.610-0530][gc,metaspace  ] GC(58) Metaspace: 36561K->36561K(1083392K)
[2019-08-30T18:09:50.610-0530][gc            ] GC(58) Pause Young (Normal) (G1 Evacuation Pause) 394M->233M(1024M) 35.524ms
[2019-08-30T18:09:50.610-0530][gc,cpu        ] GC(58) User=0.03s Sys=0.00s Real=0.04s
[2019-08-30T18:17:41.153-0530][gc,start      ] GC(59) Pause Young (Normal) (G1 Evacuation Pause)
[2019-08-30T18:17:41.184-0530][gc,task       ] GC(59) Using 4 workers of 4 for evacuation
[2019-08-30T18:17:41.197-0530][gc,phases     ] GC(59)   Pre Evacuate Collection Set: 0.1ms
[2019-08-30T18:17:41.197-0530][gc,phases     ] GC(59)   Evacuate Collection Set: 11.7ms
[2019-08-30T18:17:41.197-0530][gc,phases     ] GC(59)   Post Evacuate Collection Set: 0.5ms
[2019-08-30T18:17:41.197-0530][gc,phases     ] GC(59)   Other: 31.2ms
[2019-08-30T18:17:41.197-0530][gc,heap       ] GC(59) Eden regions: 168->0(178)
[2019-08-30T18:17:41.197-0530][gc,heap       ] GC(59) Survivor regions: 5->5(22)
[2019-08-30T18:17:41.197-0530][gc,heap       ] GC(59) Old regions: 99->99
[2019-08-30T18:17:41.197-0530][gc,heap       ] GC(59) Archive regions: 2->2
[2019-08-30T18:17:41.197-0530][gc,heap       ] GC(59) Humongous regions: 129->129
[2019-08-30T18:17:41.197-0530][gc,metaspace  ] GC(59) Metaspace: 36569K->36569K(1083392K)
[2019-08-30T18:17:41.197-0530][gc            ] GC(59) Pause Young (Normal) (G1 Evacuation Pause) 401M->233M(1024M) 43.775ms
[2019-08-30T18:17:41.197-0530][gc,cpu        ] GC(59) User=0.04s Sys=0.00s Real=0.04s
[2019-09-01T01:05:08.500-0530][gc,start      ] GC(60) Pause Young (Normal) (G1 Evacuation Pause)
[2019-09-01T01:05:08.537-0530][gc,task       ] GC(60) Using 4 workers of 4 for evacuation
[2019-09-01T01:05:08.560-0530][gc,mmu        ] GC(60) MMU target violated: 21.0ms (20.0ms/21.0ms)
[2019-09-01T01:05:08.560-0530][gc,phases     ] GC(60)   Pre Evacuate Collection Set: 0.0ms
[2019-09-01T01:05:08.560-0530][gc,phases     ] GC(60)   Evacuate Collection Set: 21.9ms
[2019-09-01T01:05:08.560-0530][gc,phases     ] GC(60)   Post Evacuate Collection Set: 0.7ms
[2019-09-01T01:05:08.560-0530][gc,phases     ] GC(60)   Other: 37.2ms
[2019-09-01T01:05:08.560-0530][gc,heap       ] GC(60) Eden regions: 174->0(171)
[2019-09-01T01:05:08.560-0530][gc,heap       ] GC(60) Survivor regions: 5->5(23)
[2019-09-01T01:05:08.560-0530][gc,heap       ] GC(60) Old regions: 99->99
[2019-09-01T01:05:08.560-0530][gc,heap       ] GC(60) Archive regions: 2->2
[2019-09-01T01:05:08.560-0530][gc,heap       ] GC(60) Humongous regions: 129->129
[2019-09-01T01:05:08.560-0530][gc,metaspace  ] GC(60) Metaspace: 36736K->36736K(1083392K)
[2019-09-01T01:05:08.560-0530][gc            ] GC(60) Pause Young (Normal) (G1 Evacuation Pause) 407M->233M(1024M) 60.007ms
[2019-09-01T01:05:08.560-0530][gc,cpu        ] GC(60) User=0.05s Sys=0.02s Real=0.06s
[2019-09-01T11:24:27.132-0530][gc,start      ] GC(61) Pause Young (Normal) (G1 Evacuation Pause)
[2019-09-01T11:24:27.132-0530][gc,task       ] GC(61) Using 4 workers of 4 for evacuation
[2019-09-01T11:24:27.156-0530][gc,mmu        ] GC(61) MMU target violated: 21.0ms (20.0ms/21.0ms)
[2019-09-01T11:24:27.156-0530][gc,phases     ] GC(61)   Pre Evacuate Collection Set: 1.5ms
[2019-09-01T11:24:27.156-0530][gc,phases     ] GC(61)   Evacuate Collection Set: 20.4ms
[2019-09-01T11:24:27.156-0530][gc,phases     ] GC(61)   Post Evacuate Collection Set: 1.0ms
[2019-09-01T11:24:27.156-0530][gc,phases     ] GC(61)   Other: 0.7ms
[2019-09-01T11:24:27.156-0530][gc,heap       ] GC(61) Eden regions: 97->0(101)
[2019-09-01T11:24:27.156-0530][gc,heap       ] GC(61) Survivor regions: 5->4(13)
[2019-09-01T11:24:27.156-0530][gc,heap       ] GC(61) Old regions: 99->101
[2019-09-01T11:24:27.156-0530][gc,heap       ] GC(61) Archive regions: 2->2
[2019-09-01T11:24:27.156-0530][gc,heap       ] GC(61) Humongous regions: 129->129
[2019-09-01T11:24:27.156-0530][gc,metaspace  ] GC(61) Metaspace: 36771K->36771K(1083392K)
[2019-09-01T11:24:27.156-0530][gc            ] GC(61) Pause Young (Normal) (G1 Evacuation Pause) 330M->233M(1024M) 23.801ms
[2019-09-01T11:24:27.156-0530][gc,cpu        ] GC(61) User=0.04s Sys=0.03s Real=0.02s
[2019-09-01T12:25:28.621-0530][gc,start      ] GC(62) Pause Young (Normal) (G1 Evacuation Pause)
[2019-09-01T12:25:28.689-0530][gc,task       ] GC(62) Using 4 workers of 4 for evacuation
[2019-09-01T12:25:28.834-0530][gc,mmu        ] GC(62) MMU target violated: 21.0ms (20.0ms/21.0ms)
[2019-09-01T12:25:28.834-0530][gc,phases     ] GC(62)   Pre Evacuate Collection Set: 0.0ms
[2019-09-01T12:25:28.834-0530][gc,phases     ] GC(62)   Evacuate Collection Set: 144.2ms
[2019-09-01T12:25:28.834-0530][gc,phases     ] GC(62)   Post Evacuate Collection Set: 0.4ms
[2019-09-01T12:25:28.835-0530][gc,phases     ] GC(62)   Other: 69.0ms
[2019-09-01T12:25:28.835-0530][gc,heap       ] GC(62) Eden regions: 101->0(48)
[2019-09-01T12:25:28.835-0530][gc,heap       ] GC(62) Survivor regions: 4->3(14)
[2019-09-01T12:25:28.835-0530][gc,heap       ] GC(62) Old regions: 101->101
[2019-09-01T12:25:28.835-0530][gc,heap       ] GC(62) Archive regions: 2->2
[2019-09-01T12:25:28.835-0530][gc,heap       ] GC(62) Humongous regions: 129->129
[2019-09-01T12:25:28.835-0530][gc,metaspace  ] GC(62) Metaspace: 36774K->36774K(1083392K)
[2019-09-01T12:25:28.835-0530][gc            ] GC(62) Pause Young (Normal) (G1 Evacuation Pause) 334M->233M(1024M) 213.862ms
[2019-09-01T12:25:28.835-0530][gc,cpu        ] GC(62) User=0.10s Sys=0.01s Real=0.21s
[2019-09-01T12:43:28.562-0530][gc,start      ] GC(63) Pause Young (Normal) (G1 Evacuation Pause)
[2019-09-01T12:43:28.597-0530][gc,task       ] GC(63) Using 4 workers of 4 for evacuation
[2019-09-01T12:43:28.602-0530][gc,phases     ] GC(63)   Pre Evacuate Collection Set: 0.0ms
[2019-09-01T12:43:28.602-0530][gc,phases     ] GC(63)   Evacuate Collection Set: 4.7ms
[2019-09-01T12:43:28.602-0530][gc,phases     ] GC(63)   Post Evacuate Collection Set: 0.4ms
[2019-09-01T12:43:28.602-0530][gc,phases     ] GC(63)   Other: 34.6ms
[2019-09-01T12:43:28.602-0530][gc,heap       ] GC(63) Eden regions: 48->0(47)
[2019-09-01T12:43:28.602-0530][gc,heap       ] GC(63) Survivor regions: 3->4(7)
[2019-09-01T12:43:28.602-0530][gc,heap       ] GC(63) Old regions: 101->101
[2019-09-01T12:43:28.602-0530][gc,heap       ] GC(63) Archive regions: 2->2
[2019-09-01T12:43:28.602-0530][gc,heap       ] GC(63) Humongous regions: 129->129
[2019-09-01T12:43:28.602-0530][gc,metaspace  ] GC(63) Metaspace: 36774K->36774K(1083392K)
[2019-09-01T12:43:28.602-0530][gc            ] GC(63) Pause Young (Normal) (G1 Evacuation Pause) 281M->233M(1024M) 39.966ms
[2019-09-01T12:43:28.602-0530][gc,cpu        ] GC(63) User=0.02s Sys=0.00s Real=0.04s
[2019-09-03T10:40:17.275-0530][gc,start      ] GC(64) Pause Young (Normal) (G1 Evacuation Pause)
[2019-09-03T10:40:19.271-0530][gc,task       ] GC(64) Using 4 workers of 4 for evacuation
[2019-09-03T10:40:19.434-0530][gc,mmu        ] GC(64) MMU target violated: 21.0ms (20.0ms/21.0ms)
[2019-09-03T10:40:19.434-0530][gc,phases     ] GC(64)   Pre Evacuate Collection Set: 0.0ms
[2019-09-03T10:40:19.434-0530][gc,phases     ] GC(64)   Evacuate Collection Set: 27.0ms
[2019-09-03T10:40:19.434-0530][gc,phases     ] GC(64)   Post Evacuate Collection Set: 12.8ms
[2019-09-03T10:40:19.434-0530][gc,phases     ] GC(64)   Other: 2119.5ms
[2019-09-03T10:40:19.434-0530][gc,heap       ] GC(64) Eden regions: 47->0(47)
[2019-09-03T10:40:19.434-0530][gc,heap       ] GC(64) Survivor regions: 4->4(7)
[2019-09-03T10:40:19.434-0530][gc,heap       ] GC(64) Old regions: 101->101
[2019-09-03T10:40:19.434-0530][gc,heap       ] GC(64) Archive regions: 2->2
[2019-09-03T10:40:19.434-0530][gc,heap       ] GC(64) Humongous regions: 129->129
[2019-09-03T10:40:19.434-0530][gc,metaspace  ] GC(64) Metaspace: 36775K->36775K(1083392K)
[2019-09-03T10:40:19.434-0530][gc            ] GC(64) Pause Young (Normal) (G1 Evacuation Pause) 280M->233M(1024M) 2159.597ms
[2019-09-03T10:40:19.434-0530][gc,cpu        ] GC(64) User=0.02s Sys=0.01s Real=2.16s
