[2019-08-30T16:01:16.420-0530][gc,heap] Heap region size: 1M
[2019-08-30T16:01:16.446-0530][gc     ] Using G1
[2019-08-30T16:01:16.446-0530][gc,heap,coops] Heap address: 0x00000007c0000000, size: 1024 MB, Compressed Oops mode: Zero based, Oop shift amount: 3
[2019-08-30T16:01:16.447-0530][gc,cds       ] Mark closed archive regions in map: [0x00000007fff00000, 0x00000007fff6fff8]
[2019-08-30T16:01:16.447-0530][gc,cds       ] Mark open archive regions in map: [0x00000007ffe00000, 0x00000007ffe47ff8]
[2019-08-30T16:01:16.477-0530][gc           ] Periodic GC disabled
[2019-08-30T16:01:20.796-0530][gc,start     ] GC(0) Pause Young (Normal) (G1 Evacuation Pause)
[2019-08-30T16:01:20.796-0530][gc,task      ] GC(0) Using 4 workers of 4 for evacuation
[2019-08-30T16:01:20.811-0530][gc,phases    ] GC(0)   Pre Evacuate Collection Set: 0.0ms
[2019-08-30T16:01:20.811-0530][gc,phases    ] GC(0)   Evacuate Collection Set: 14.1ms
[2019-08-30T16:01:20.811-0530][gc,phases    ] GC(0)   Post Evacuate Collection Set: 0.4ms
[2019-08-30T16:01:20.811-0530][gc,phases    ] GC(0)   Other: 0.6ms
[2019-08-30T16:01:20.811-0530][gc,heap      ] GC(0) Eden regions: 51->0(45)
[2019-08-30T16:01:20.811-0530][gc,heap      ] GC(0) Survivor regions: 0->6(7)
[2019-08-30T16:01:20.811-0530][gc,heap      ] GC(0) Old regions: 0->0
[2019-08-30T16:01:20.811-0530][gc,heap      ] GC(0) Archive regions: 2->2
[2019-08-30T16:01:20.811-0530][gc,heap      ] GC(0) Humongous regions: 0->0
[2019-08-30T16:01:20.811-0530][gc,metaspace ] GC(0) Metaspace: 16972K->16972K(1064960K)
[2019-08-30T16:01:20.811-0530][gc           ] GC(0) Pause Young (Normal) (G1 Evacuation Pause) 51M->6M(1024M) 15.430ms
[2019-08-30T16:01:20.811-0530][gc,cpu       ] GC(0) User=0.04s Sys=0.00s Real=0.02s
[2019-08-30T16:01:21.404-0530][gc,start     ] GC(1) Pause Young (Concurrent Start) (Metadata GC Threshold)
[2019-08-30T16:01:21.404-0530][gc,task      ] GC(1) Using 4 workers of 4 for evacuation
[2019-08-30T16:01:21.421-0530][gc,phases    ] GC(1)   Pre Evacuate Collection Set: 0.1ms
[2019-08-30T16:01:21.421-0530][gc,phases    ] GC(1)   Evacuate Collection Set: 16.3ms
[2019-08-30T16:01:21.421-0530][gc,phases    ] GC(1)   Post Evacuate Collection Set: 0.6ms
[2019-08-30T16:01:21.421-0530][gc,phases    ] GC(1)   Other: 0.3ms
[2019-08-30T16:01:21.421-0530][gc,heap      ] GC(1) Eden regions: 14->0(50)
[2019-08-30T16:01:21.421-0530][gc,heap      ] GC(1) Survivor regions: 6->1(7)
[2019-08-30T16:01:21.421-0530][gc,heap      ] GC(1) Old regions: 0->6
[2019-08-30T16:01:21.421-0530][gc,heap      ] GC(1) Archive regions: 2->2
[2019-08-30T16:01:21.422-0530][gc,heap      ] GC(1) Humongous regions: 0->0
[2019-08-30T16:01:21.422-0530][gc,metaspace ] GC(1) Metaspace: 20491K->20491K(1067008K)
[2019-08-30T16:01:21.422-0530][gc           ] GC(1) Pause Young (Concurrent Start) (Metadata GC Threshold) 20M->7M(1024M) 17.723ms
[2019-08-30T16:01:21.422-0530][gc,cpu       ] GC(1) User=0.04s Sys=0.01s Real=0.02s
[2019-08-30T16:01:21.422-0530][gc           ] GC(2) Concurrent Cycle
[2019-08-30T16:01:21.422-0530][gc,marking   ] GC(2) Concurrent Clear Claimed Marks
[2019-08-30T16:01:21.423-0530][gc,marking   ] GC(2) Concurrent Clear Claimed Marks 0.093ms
[2019-08-30T16:01:21.423-0530][gc,marking   ] GC(2) Concurrent Scan Root Regions
[2019-08-30T16:01:21.432-0530][gc,marking   ] GC(2) Concurrent Scan Root Regions 9.256ms
[2019-08-30T16:01:21.432-0530][gc,marking   ] GC(2) Concurrent Mark (5.069s)
[2019-08-30T16:01:21.432-0530][gc,marking   ] GC(2) Concurrent Mark From Roots
[2019-08-30T16:01:21.432-0530][gc,task      ] GC(2) Using 1 workers of 1 for marking
[2019-08-30T16:01:21.437-0530][gc,marking   ] GC(2) Concurrent Mark From Roots 5.411ms
[2019-08-30T16:01:21.437-0530][gc,marking   ] GC(2) Concurrent Preclean
[2019-08-30T16:01:21.438-0530][gc,marking   ] GC(2) Concurrent Preclean 0.073ms
[2019-08-30T16:01:21.438-0530][gc,marking   ] GC(2) Concurrent Mark (5.069s, 5.075s) 5.652ms
[2019-08-30T16:01:21.438-0530][gc,start     ] GC(2) Pause Remark
[2019-08-30T16:01:21.440-0530][gc,stringtable] GC(2) Cleaned string table, strings: 4720 processed, 0 removed
[2019-08-30T16:01:21.441-0530][gc            ] GC(2) Pause Remark 8M->8M(1024M) 2.896ms
[2019-08-30T16:01:21.441-0530][gc,cpu        ] GC(2) User=0.00s Sys=0.00s Real=0.01s
[2019-08-30T16:01:21.441-0530][gc,marking    ] GC(2) Concurrent Rebuild Remembered Sets
[2019-08-30T16:01:21.450-0530][gc,marking    ] GC(2) Concurrent Rebuild Remembered Sets 9.279ms
[2019-08-30T16:01:21.580-0530][gc,start      ] GC(2) Pause Cleanup
[2019-08-30T16:01:21.580-0530][gc            ] GC(2) Pause Cleanup 8M->8M(1024M) 0.185ms
[2019-08-30T16:01:21.580-0530][gc,cpu        ] GC(2) User=0.00s Sys=0.00s Real=0.01s
[2019-08-30T16:01:21.580-0530][gc,marking    ] GC(2) Concurrent Cleanup for Next Mark
[2019-08-30T16:01:21.592-0530][gc,marking    ] GC(2) Concurrent Cleanup for Next Mark 12.688ms
[2019-08-30T16:01:21.657-0530][gc            ] GC(2) Concurrent Cycle 235.450ms
[2019-08-30T16:01:33.001-0530][gc,start      ] GC(3) Pause Young (Normal) (G1 Evacuation Pause)
[2019-08-30T16:01:33.002-0530][gc,task       ] GC(3) Using 4 workers of 4 for evacuation
[2019-08-30T16:01:33.012-0530][gc,phases     ] GC(3)   Pre Evacuate Collection Set: 0.0ms
[2019-08-30T16:01:33.012-0530][gc,phases     ] GC(3)   Evacuate Collection Set: 9.9ms
[2019-08-30T16:01:33.012-0530][gc,phases     ] GC(3)   Post Evacuate Collection Set: 0.6ms
[2019-08-30T16:01:33.012-0530][gc,phases     ] GC(3)   Other: 0.3ms
[2019-08-30T16:01:33.012-0530][gc,heap       ] GC(3) Eden regions: 50->0(46)
[2019-08-30T16:01:33.012-0530][gc,heap       ] GC(3) Survivor regions: 1->5(7)
[2019-08-30T16:01:33.012-0530][gc,heap       ] GC(3) Old regions: 6->6
[2019-08-30T16:01:33.012-0530][gc,heap       ] GC(3) Archive regions: 2->2
[2019-08-30T16:01:33.012-0530][gc,heap       ] GC(3) Humongous regions: 129->129
[2019-08-30T16:01:33.013-0530][gc,metaspace  ] GC(3) Metaspace: 28095K->28095K(1075200K)
[2019-08-30T16:01:33.013-0530][gc            ] GC(3) Pause Young (Normal) (G1 Evacuation Pause) 186M->140M(1024M) 11.055ms
[2019-08-30T16:01:33.013-0530][gc,cpu        ] GC(3) User=0.03s Sys=0.01s Real=0.01s
[2019-08-30T16:01:37.263-0530][gc,start      ] GC(4) Pause Young (Normal) (G1 Evacuation Pause)
[2019-08-30T16:01:37.263-0530][gc,task       ] GC(4) Using 4 workers of 4 for evacuation
[2019-08-30T16:01:37.275-0530][gc,phases     ] GC(4)   Pre Evacuate Collection Set: 0.0ms
[2019-08-30T16:01:37.275-0530][gc,phases     ] GC(4)   Evacuate Collection Set: 10.5ms
[2019-08-30T16:01:37.275-0530][gc,phases     ] GC(4)   Post Evacuate Collection Set: 0.5ms
[2019-08-30T16:01:37.275-0530][gc,phases     ] GC(4)   Other: 0.3ms
[2019-08-30T16:01:37.275-0530][gc,heap       ] GC(4) Eden regions: 46->0(48)
[2019-08-30T16:01:37.275-0530][gc,heap       ] GC(4) Survivor regions: 5->3(7)
[2019-08-30T16:01:37.275-0530][gc,heap       ] GC(4) Old regions: 6->11
[2019-08-30T16:01:37.275-0530][gc,heap       ] GC(4) Archive regions: 2->2
[2019-08-30T16:01:37.275-0530][gc,heap       ] GC(4) Humongous regions: 135->135
[2019-08-30T16:01:37.275-0530][gc,metaspace  ] GC(4) Metaspace: 32702K->32702K(1079296K)
[2019-08-30T16:01:37.275-0530][gc            ] GC(4) Pause Young (Normal) (G1 Evacuation Pause) 192M->148M(1024M) 11.794ms
[2019-08-30T16:01:37.275-0530][gc,cpu        ] GC(4) User=0.04s Sys=0.01s Real=0.01s
[2019-08-30T16:01:50.202-0530][gc,start      ] GC(5) Pause Young (Concurrent Start) (Metadata GC Threshold)
[2019-08-30T16:01:50.202-0530][gc,task       ] GC(5) Using 4 workers of 4 for evacuation
[2019-08-30T16:01:50.213-0530][gc,phases     ] GC(5)   Pre Evacuate Collection Set: 0.2ms
[2019-08-30T16:01:50.213-0530][gc,phases     ] GC(5)   Evacuate Collection Set: 9.9ms
[2019-08-30T16:01:50.213-0530][gc,phases     ] GC(5)   Post Evacuate Collection Set: 0.5ms
[2019-08-30T16:01:50.213-0530][gc,phases     ] GC(5)   Other: 0.4ms
[2019-08-30T16:01:50.213-0530][gc,heap       ] GC(5) Eden regions: 25->0(49)
[2019-08-30T16:01:50.213-0530][gc,heap       ] GC(5) Survivor regions: 3->2(7)
[2019-08-30T16:01:50.213-0530][gc,heap       ] GC(5) Old regions: 11->11
[2019-08-30T16:01:50.213-0530][gc,heap       ] GC(5) Archive regions: 2->2
[2019-08-30T16:01:50.213-0530][gc,heap       ] GC(5) Humongous regions: 189->129
[2019-08-30T16:01:50.213-0530][gc,metaspace  ] GC(5) Metaspace: 33792K->33792K(1079296K)
[2019-08-30T16:01:50.213-0530][gc            ] GC(5) Pause Young (Concurrent Start) (Metadata GC Threshold) 227M->142M(1024M) 11.347ms
[2019-08-30T16:01:50.213-0530][gc,cpu        ] GC(5) User=0.01s Sys=0.00s Real=0.01s
[2019-08-30T16:01:50.213-0530][gc            ] GC(6) Concurrent Cycle
[2019-08-30T16:01:50.213-0530][gc,marking    ] GC(6) Concurrent Clear Claimed Marks
[2019-08-30T16:01:50.213-0530][gc,marking    ] GC(6) Concurrent Clear Claimed Marks 0.152ms
[2019-08-30T16:01:50.214-0530][gc,marking    ] GC(6) Concurrent Scan Root Regions
[2019-08-30T16:01:50.218-0530][gc,marking    ] GC(6) Concurrent Scan Root Regions 4.016ms
[2019-08-30T16:01:50.218-0530][gc,marking    ] GC(6) Concurrent Mark (33.856s)
[2019-08-30T16:01:50.218-0530][gc,marking    ] GC(6) Concurrent Mark From Roots
[2019-08-30T16:01:50.218-0530][gc,task       ] GC(6) Using 1 workers of 1 for marking
[2019-08-30T16:01:50.252-0530][gc,marking    ] GC(6) Concurrent Mark From Roots 33.927ms
[2019-08-30T16:01:50.252-0530][gc,marking    ] GC(6) Concurrent Preclean
[2019-08-30T16:01:50.252-0530][gc,marking    ] GC(6) Concurrent Preclean 0.156ms
[2019-08-30T16:01:50.252-0530][gc,marking    ] GC(6) Concurrent Mark (33.856s, 33.890s) 34.232ms
[2019-08-30T16:01:50.252-0530][gc,start      ] GC(6) Pause Remark
[2019-08-30T16:01:50.262-0530][gc,stringtable] GC(6) Cleaned string table, strings: 9022 processed, 13 removed
[2019-08-30T16:01:50.263-0530][gc            ] GC(6) Pause Remark 142M->142M(1024M) 10.468ms
[2019-08-30T16:01:50.263-0530][gc,cpu        ] GC(6) User=0.03s Sys=0.00s Real=0.01s
[2019-08-30T16:01:50.263-0530][gc,marking    ] GC(6) Concurrent Rebuild Remembered Sets
[2019-08-30T16:01:50.285-0530][gc,marking    ] GC(6) Concurrent Rebuild Remembered Sets 21.947ms
[2019-08-30T16:01:50.287-0530][gc,start      ] GC(6) Pause Cleanup
[2019-08-30T16:01:50.288-0530][gc            ] GC(6) Pause Cleanup 142M->142M(1024M) 0.503ms
[2019-08-30T16:01:50.288-0530][gc,cpu        ] GC(6) User=0.00s Sys=0.00s Real=0.00s
[2019-08-30T16:01:50.288-0530][gc,marking    ] GC(6) Concurrent Cleanup for Next Mark
[2019-08-30T16:01:50.317-0530][gc,marking    ] GC(6) Concurrent Cleanup for Next Mark 29.282ms
[2019-08-30T16:01:50.317-0530][gc            ] GC(6) Concurrent Cycle 103.963ms
[2019-08-30T16:01:54.724-0530][gc,start      ] GC(7) Pause Young (Normal) (G1 Evacuation Pause)
[2019-08-30T16:01:54.724-0530][gc,task       ] GC(7) Using 4 workers of 4 for evacuation
[2019-08-30T16:01:54.730-0530][gc,phases     ] GC(7)   Pre Evacuate Collection Set: 0.0ms
[2019-08-30T16:01:54.730-0530][gc,phases     ] GC(7)   Evacuate Collection Set: 5.8ms
[2019-08-30T16:01:54.730-0530][gc,phases     ] GC(7)   Post Evacuate Collection Set: 0.6ms
[2019-08-30T16:01:54.730-0530][gc,phases     ] GC(7)   Other: 0.3ms
[2019-08-30T16:01:54.730-0530][gc,heap       ] GC(7) Eden regions: 49->0(48)
[2019-08-30T16:01:54.730-0530][gc,heap       ] GC(7) Survivor regions: 2->3(7)
[2019-08-30T16:01:54.730-0530][gc,heap       ] GC(7) Old regions: 11->11
[2019-08-30T16:01:54.730-0530][gc,heap       ] GC(7) Archive regions: 2->2
[2019-08-30T16:01:54.730-0530][gc,heap       ] GC(7) Humongous regions: 129->129
[2019-08-30T16:01:54.731-0530][gc,metaspace  ] GC(7) Metaspace: 35003K->35003K(1081344K)
[2019-08-30T16:01:54.731-0530][gc            ] GC(7) Pause Young (Normal) (G1 Evacuation Pause) 191M->142M(1024M) 6.940ms
[2019-08-30T16:01:54.731-0530][gc,cpu        ] GC(7) User=0.02s Sys=0.01s Real=0.01s
[2019-08-30T16:02:02.548-0530][gc,start      ] GC(8) Pause Young (Normal) (G1 Evacuation Pause)
[2019-08-30T16:02:02.616-0530][gc,task       ] GC(8) Using 4 workers of 4 for evacuation
[2019-08-30T16:02:02.636-0530][gc,mmu        ] GC(8) MMU target violated: 20.4ms (20.0ms/21.0ms)
[2019-08-30T16:02:02.636-0530][gc,phases     ] GC(8)   Pre Evacuate Collection Set: 0.0ms
[2019-08-30T16:02:02.636-0530][gc,phases     ] GC(8)   Evacuate Collection Set: 18.8ms
[2019-08-30T16:02:02.636-0530][gc,phases     ] GC(8)   Post Evacuate Collection Set: 1.2ms
[2019-08-30T16:02:02.637-0530][gc,phases     ] GC(8)   Other: 68.1ms
[2019-08-30T16:02:02.637-0530][gc,heap       ] GC(8) Eden regions: 48->0(48)
[2019-08-30T16:02:02.637-0530][gc,heap       ] GC(8) Survivor regions: 3->3(7)
[2019-08-30T16:02:02.637-0530][gc,heap       ] GC(8) Old regions: 11->11
[2019-08-30T16:02:02.637-0530][gc,heap       ] GC(8) Archive regions: 2->2
[2019-08-30T16:02:02.637-0530][gc,heap       ] GC(8) Humongous regions: 129->129
[2019-08-30T16:02:02.637-0530][gc,metaspace  ] GC(8) Metaspace: 35477K->35477K(1081344K)
[2019-08-30T16:02:02.637-0530][gc            ] GC(8) Pause Young (Normal) (G1 Evacuation Pause) 190M->142M(1024M) 88.654ms
[2019-08-30T16:02:02.637-0530][gc,cpu        ] GC(8) User=0.06s Sys=0.00s Real=0.09s
[2019-08-30T16:02:06.813-0530][gc,start      ] GC(9) Pause Young (Normal) (G1 Evacuation Pause)
[2019-08-30T16:02:06.813-0530][gc,task       ] GC(9) Using 4 workers of 4 for evacuation
[2019-08-30T16:02:06.820-0530][gc,phases     ] GC(9)   Pre Evacuate Collection Set: 0.0ms
[2019-08-30T16:02:06.820-0530][gc,phases     ] GC(9)   Evacuate Collection Set: 6.2ms
[2019-08-30T16:02:06.820-0530][gc,phases     ] GC(9)   Post Evacuate Collection Set: 0.5ms
[2019-08-30T16:02:06.820-0530][gc,phases     ] GC(9)   Other: 0.3ms
[2019-08-30T16:02:06.820-0530][gc,heap       ] GC(9) Eden regions: 48->0(48)
[2019-08-30T16:02:06.820-0530][gc,heap       ] GC(9) Survivor regions: 3->3(7)
[2019-08-30T16:02:06.820-0530][gc,heap       ] GC(9) Old regions: 11->11
[2019-08-30T16:02:06.820-0530][gc,heap       ] GC(9) Archive regions: 2->2
[2019-08-30T16:02:06.820-0530][gc,heap       ] GC(9) Humongous regions: 129->129
[2019-08-30T16:02:06.820-0530][gc,metaspace  ] GC(9) Metaspace: 35494K->35494K(1081344K)
[2019-08-30T16:02:06.820-0530][gc            ] GC(9) Pause Young (Normal) (G1 Evacuation Pause) 190M->142M(1024M) 7.236ms
[2019-08-30T16:02:06.820-0530][gc,cpu        ] GC(9) User=0.02s Sys=0.00s Real=0.01s
[2019-08-30T16:02:08.114-0530][gc,start      ] GC(10) Pause Young (Normal) (G1 Evacuation Pause)
[2019-08-30T16:02:08.114-0530][gc,task       ] GC(10) Using 4 workers of 4 for evacuation
[2019-08-30T16:02:08.120-0530][gc,phases     ] GC(10)   Pre Evacuate Collection Set: 0.0ms
[2019-08-30T16:02:08.121-0530][gc,phases     ] GC(10)   Evacuate Collection Set: 5.7ms
[2019-08-30T16:02:08.121-0530][gc,phases     ] GC(10)   Post Evacuate Collection Set: 0.5ms
[2019-08-30T16:02:08.121-0530][gc,phases     ] GC(10)   Other: 0.2ms
[2019-08-30T16:02:08.121-0530][gc,heap       ] GC(10) Eden regions: 48->0(48)
[2019-08-30T16:02:08.121-0530][gc,heap       ] GC(10) Survivor regions: 3->3(7)
[2019-08-30T16:02:08.121-0530][gc,heap       ] GC(10) Old regions: 11->11
[2019-08-30T16:02:08.121-0530][gc,heap       ] GC(10) Archive regions: 2->2
[2019-08-30T16:02:08.121-0530][gc,heap       ] GC(10) Humongous regions: 129->129
[2019-08-30T16:02:08.121-0530][gc,metaspace  ] GC(10) Metaspace: 35497K->35497K(1081344K)
[2019-08-30T16:02:08.121-0530][gc            ] GC(10) Pause Young (Normal) (G1 Evacuation Pause) 190M->142M(1024M) 6.719ms
[2019-08-30T16:02:08.121-0530][gc,cpu        ] GC(10) User=0.02s Sys=0.00s Real=0.01s
[2019-08-30T16:02:09.172-0530][gc,start      ] GC(11) Pause Young (Normal) (G1 Evacuation Pause)
[2019-08-30T16:02:09.173-0530][gc,task       ] GC(11) Using 4 workers of 4 for evacuation
[2019-08-30T16:02:09.179-0530][gc,phases     ] GC(11)   Pre Evacuate Collection Set: 0.0ms
[2019-08-30T16:02:09.179-0530][gc,phases     ] GC(11)   Evacuate Collection Set: 5.9ms
[2019-08-30T16:02:09.179-0530][gc,phases     ] GC(11)   Post Evacuate Collection Set: 0.4ms
[2019-08-30T16:02:09.179-0530][gc,phases     ] GC(11)   Other: 0.3ms
[2019-08-30T16:02:09.179-0530][gc,heap       ] GC(11) Eden regions: 48->0(50)
[2019-08-30T16:02:09.179-0530][gc,heap       ] GC(11) Survivor regions: 3->3(7)
[2019-08-30T16:02:09.179-0530][gc,heap       ] GC(11) Old regions: 11->11
[2019-08-30T16:02:09.179-0530][gc,heap       ] GC(11) Archive regions: 2->2
[2019-08-30T16:02:09.179-0530][gc,heap       ] GC(11) Humongous regions: 129->129
[2019-08-30T16:02:09.179-0530][gc,metaspace  ] GC(11) Metaspace: 35503K->35503K(1081344K)
[2019-08-30T16:02:09.179-0530][gc            ] GC(11) Pause Young (Normal) (G1 Evacuation Pause) 190M->142M(1024M) 6.874ms
[2019-08-30T16:02:09.179-0530][gc,cpu        ] GC(11) User=0.01s Sys=0.00s Real=0.00s
[2019-08-30T16:02:09.783-0530][gc,start      ] GC(12) Pause Young (Normal) (G1 Evacuation Pause)
[2019-08-30T16:02:09.783-0530][gc,task       ] GC(12) Using 4 workers of 4 for evacuation
[2019-08-30T16:02:09.790-0530][gc,phases     ] GC(12)   Pre Evacuate Collection Set: 0.0ms
[2019-08-30T16:02:09.791-0530][gc,phases     ] GC(12)   Evacuate Collection Set: 6.4ms
[2019-08-30T16:02:09.791-0530][gc,phases     ] GC(12)   Post Evacuate Collection Set: 0.5ms
[2019-08-30T16:02:09.791-0530][gc,phases     ] GC(12)   Other: 0.3ms
[2019-08-30T16:02:09.791-0530][gc,heap       ] GC(12) Eden regions: 50->0(55)
[2019-08-30T16:02:09.791-0530][gc,heap       ] GC(12) Survivor regions: 3->3(7)
[2019-08-30T16:02:09.791-0530][gc,heap       ] GC(12) Old regions: 11->11
[2019-08-30T16:02:09.791-0530][gc,heap       ] GC(12) Archive regions: 2->2
[2019-08-30T16:02:09.791-0530][gc,heap       ] GC(12) Humongous regions: 129->129
[2019-08-30T16:02:09.791-0530][gc,metaspace  ] GC(12) Metaspace: 35504K->35504K(1081344K)
[2019-08-30T16:02:09.791-0530][gc            ] GC(12) Pause Young (Normal) (G1 Evacuation Pause) 192M->142M(1024M) 7.508ms
[2019-08-30T16:02:09.791-0530][gc,cpu        ] GC(12) User=0.01s Sys=0.00s Real=0.01s
[2019-08-30T16:02:10.583-0530][gc,start      ] GC(13) Pause Young (Normal) (G1 Evacuation Pause)
[2019-08-30T16:02:10.583-0530][gc,task       ] GC(13) Using 4 workers of 4 for evacuation
[2019-08-30T16:02:10.589-0530][gc,phases     ] GC(13)   Pre Evacuate Collection Set: 0.0ms
[2019-08-30T16:02:10.589-0530][gc,phases     ] GC(13)   Evacuate Collection Set: 5.2ms
[2019-08-30T16:02:10.589-0530][gc,phases     ] GC(13)   Post Evacuate Collection Set: 0.3ms
[2019-08-30T16:02:10.589-0530][gc,phases     ] GC(13)   Other: 0.2ms
[2019-08-30T16:02:10.589-0530][gc,heap       ] GC(13) Eden regions: 55->0(59)
[2019-08-30T16:02:10.589-0530][gc,heap       ] GC(13) Survivor regions: 3->3(8)
[2019-08-30T16:02:10.589-0530][gc,heap       ] GC(13) Old regions: 11->11
[2019-08-30T16:02:10.589-0530][gc,heap       ] GC(13) Archive regions: 2->2
[2019-08-30T16:02:10.589-0530][gc,heap       ] GC(13) Humongous regions: 129->129
[2019-08-30T16:02:10.589-0530][gc,metaspace  ] GC(13) Metaspace: 35505K->35505K(1081344K)
[2019-08-30T16:02:10.589-0530][gc            ] GC(13) Pause Young (Normal) (G1 Evacuation Pause) 197M->142M(1024M) 5.976ms
[2019-08-30T16:02:10.589-0530][gc,cpu        ] GC(13) User=0.01s Sys=0.01s Real=0.00s
[2019-08-30T16:02:11.620-0530][gc,start      ] GC(14) Pause Young (Normal) (G1 Evacuation Pause)
[2019-08-30T16:02:11.620-0530][gc,task       ] GC(14) Using 4 workers of 4 for evacuation
[2019-08-30T16:02:11.630-0530][gc,phases     ] GC(14)   Pre Evacuate Collection Set: 0.1ms
[2019-08-30T16:02:11.630-0530][gc,phases     ] GC(14)   Evacuate Collection Set: 8.8ms
[2019-08-30T16:02:11.630-0530][gc,phases     ] GC(14)   Post Evacuate Collection Set: 0.5ms
[2019-08-30T16:02:11.630-0530][gc,phases     ] GC(14)   Other: 0.3ms
[2019-08-30T16:02:11.630-0530][gc,heap       ] GC(14) Eden regions: 59->0(63)
[2019-08-30T16:02:11.630-0530][gc,heap       ] GC(14) Survivor regions: 3->3(8)
[2019-08-30T16:02:11.630-0530][gc,heap       ] GC(14) Old regions: 11->11
[2019-08-30T16:02:11.630-0530][gc,heap       ] GC(14) Archive regions: 2->2
[2019-08-30T16:02:11.630-0530][gc,heap       ] GC(14) Humongous regions: 129->129
[2019-08-30T16:02:11.630-0530][gc,metaspace  ] GC(14) Metaspace: 35532K->35532K(1081344K)
[2019-08-30T16:02:11.630-0530][gc            ] GC(14) Pause Young (Normal) (G1 Evacuation Pause) 201M->142M(1024M) 9.920ms
[2019-08-30T16:02:11.630-0530][gc,cpu        ] GC(14) User=0.02s Sys=0.00s Real=0.01s
[2019-08-30T16:02:12.510-0530][gc,start      ] GC(15) Pause Young (Normal) (G1 Evacuation Pause)
[2019-08-30T16:02:12.510-0530][gc,task       ] GC(15) Using 4 workers of 4 for evacuation
[2019-08-30T16:02:12.521-0530][gc,phases     ] GC(15)   Pre Evacuate Collection Set: 0.0ms
[2019-08-30T16:02:12.521-0530][gc,phases     ] GC(15)   Evacuate Collection Set: 10.2ms
[2019-08-30T16:02:12.522-0530][gc,phases     ] GC(15)   Post Evacuate Collection Set: 0.5ms
[2019-08-30T16:02:12.522-0530][gc,phases     ] GC(15)   Other: 0.3ms
[2019-08-30T16:02:12.522-0530][gc,heap       ] GC(15) Eden regions: 63->0(67)
[2019-08-30T16:02:12.522-0530][gc,heap       ] GC(15) Survivor regions: 3->3(9)
[2019-08-30T16:02:12.522-0530][gc,heap       ] GC(15) Old regions: 11->11
[2019-08-30T16:02:12.522-0530][gc,heap       ] GC(15) Archive regions: 2->2
[2019-08-30T16:02:12.522-0530][gc,heap       ] GC(15) Humongous regions: 129->129
[2019-08-30T16:02:12.522-0530][gc,metaspace  ] GC(15) Metaspace: 35555K->35555K(1081344K)
[2019-08-30T16:02:12.522-0530][gc            ] GC(15) Pause Young (Normal) (G1 Evacuation Pause) 205M->142M(1024M) 11.292ms
[2019-08-30T16:02:12.522-0530][gc,cpu        ] GC(15) User=0.02s Sys=0.00s Real=0.01s
[2019-08-30T16:02:13.387-0530][gc,start      ] GC(16) Pause Young (Normal) (G1 Evacuation Pause)
[2019-08-30T16:02:13.440-0530][gc,task       ] GC(16) Using 4 workers of 4 for evacuation
[2019-08-30T16:02:13.446-0530][gc,phases     ] GC(16)   Pre Evacuate Collection Set: 0.0ms
[2019-08-30T16:02:13.446-0530][gc,phases     ] GC(16)   Evacuate Collection Set: 5.9ms
[2019-08-30T16:02:13.446-0530][gc,phases     ] GC(16)   Post Evacuate Collection Set: 0.4ms
[2019-08-30T16:02:13.446-0530][gc,phases     ] GC(16)   Other: 52.8ms
[2019-08-30T16:02:13.446-0530][gc,heap       ] GC(16) Eden regions: 67->0(71)
[2019-08-30T16:02:13.446-0530][gc,heap       ] GC(16) Survivor regions: 3->3(9)
[2019-08-30T16:02:13.446-0530][gc,heap       ] GC(16) Old regions: 11->11
[2019-08-30T16:02:13.446-0530][gc,heap       ] GC(16) Archive regions: 2->2
[2019-08-30T16:02:13.446-0530][gc,heap       ] GC(16) Humongous regions: 129->129
[2019-08-30T16:02:13.446-0530][gc,metaspace  ] GC(16) Metaspace: 35564K->35564K(1081344K)
[2019-08-30T16:02:13.446-0530][gc            ] GC(16) Pause Young (Normal) (G1 Evacuation Pause) 209M->142M(1024M) 59.384ms
[2019-08-30T16:02:13.447-0530][gc,cpu        ] GC(16) User=0.02s Sys=0.00s Real=0.06s
[2019-08-30T16:02:14.403-0530][gc,start      ] GC(17) Pause Young (Normal) (G1 Evacuation Pause)
[2019-08-30T16:02:14.403-0530][gc,task       ] GC(17) Using 4 workers of 4 for evacuation
[2019-08-30T16:02:14.411-0530][gc,phases     ] GC(17)   Pre Evacuate Collection Set: 0.1ms
[2019-08-30T16:02:14.411-0530][gc,phases     ] GC(17)   Evacuate Collection Set: 6.4ms
[2019-08-30T16:02:14.411-0530][gc,phases     ] GC(17)   Post Evacuate Collection Set: 0.6ms
[2019-08-30T16:02:14.411-0530][gc,phases     ] GC(17)   Other: 0.3ms
[2019-08-30T16:02:14.411-0530][gc,heap       ] GC(17) Eden regions: 71->0(77)
[2019-08-30T16:02:14.411-0530][gc,heap       ] GC(17) Survivor regions: 3->3(10)
[2019-08-30T16:02:14.411-0530][gc,heap       ] GC(17) Old regions: 11->11
[2019-08-30T16:02:14.411-0530][gc,heap       ] GC(17) Archive regions: 2->2
[2019-08-30T16:02:14.411-0530][gc,heap       ] GC(17) Humongous regions: 129->129
[2019-08-30T16:02:14.411-0530][gc,metaspace  ] GC(17) Metaspace: 35572K->35572K(1081344K)
[2019-08-30T16:02:14.411-0530][gc            ] GC(17) Pause Young (Normal) (G1 Evacuation Pause) 213M->142M(1024M) 7.595ms
[2019-08-30T16:02:14.411-0530][gc,cpu        ] GC(17) User=0.02s Sys=0.01s Real=0.01s
[2019-08-30T16:08:06.309-0530][gc,start      ] GC(18) Pause Young (Normal) (G1 Evacuation Pause)
[2019-08-30T16:08:06.348-0530][gc,task       ] GC(18) Using 4 workers of 4 for evacuation
[2019-08-30T16:08:06.357-0530][gc,phases     ] GC(18)   Pre Evacuate Collection Set: 0.1ms
[2019-08-30T16:08:06.357-0530][gc,phases     ] GC(18)   Evacuate Collection Set: 7.9ms
[2019-08-30T16:08:06.357-0530][gc,phases     ] GC(18)   Post Evacuate Collection Set: 0.6ms
[2019-08-30T16:08:06.357-0530][gc,phases     ] GC(18)   Other: 39.8ms
[2019-08-30T16:08:06.357-0530][gc,heap       ] GC(18) Eden regions: 77->0(83)
[2019-08-30T16:08:06.357-0530][gc,heap       ] GC(18) Survivor regions: 3->4(10)
[2019-08-30T16:08:06.357-0530][gc,heap       ] GC(18) Old regions: 11->11
[2019-08-30T16:08:06.357-0530][gc,heap       ] GC(18) Archive regions: 2->2
[2019-08-30T16:08:06.357-0530][gc,heap       ] GC(18) Humongous regions: 129->129
[2019-08-30T16:08:06.357-0530][gc,metaspace  ] GC(18) Metaspace: 37073K->37073K(1083392K)
[2019-08-30T16:08:06.357-0530][gc            ] GC(18) Pause Young (Normal) (G1 Evacuation Pause) 219M->143M(1024M) 48.632ms
[2019-08-30T16:08:06.357-0530][gc,cpu        ] GC(18) User=0.03s Sys=0.00s Real=0.05s
[2019-08-30T16:08:30.731-0530][gc,heap,exit  ] Heap
[2019-08-30T16:08:30.731-0530][gc,heap,exit  ]  garbage-first heap   total 1048576K, used 162610K [0x00000007c0000000, 0x0000000800000000)
[2019-08-30T16:08:30.731-0530][gc,heap,exit  ]   region size 1024K, 20 young (20480K), 4 survivors (4096K)
[2019-08-30T16:08:30.731-0530][gc,heap,exit  ]  Metaspace       used 37884K, capacity 40672K, committed 40960K, reserved 1083392K
[2019-08-30T16:08:30.731-0530][gc,heap,exit  ]   class space    used 5526K, capacity 6824K, committed 6912K, reserved 1048576K
