[2019-08-30T16:08:39.172-0530][gc,heap] Heap region size: 1M
[2019-08-30T16:08:39.188-0530][gc     ] Using G1
[2019-08-30T16:08:39.188-0530][gc,heap,coops] Heap address: 0x00000007c0000000, size: 1024 MB, Compressed Oops mode: Zero based, Oop shift amount: 3
[2019-08-30T16:08:39.189-0530][gc,cds       ] Mark closed archive regions in map: [0x00000007fff00000, 0x00000007fff6fff8]
[2019-08-30T16:08:39.189-0530][gc,cds       ] Mark open archive regions in map: [0x00000007ffe00000, 0x00000007ffe47ff8]
[2019-08-30T16:08:39.211-0530][gc           ] Periodic GC disabled
[2019-08-30T16:08:47.712-0530][gc,start     ] GC(0) Pause Young (Normal) (G1 Evacuation Pause)
[2019-08-30T16:08:47.794-0530][gc,task      ] GC(0) Using 4 workers of 4 for evacuation
[2019-08-30T16:08:47.814-0530][gc,mmu       ] GC(0) MMU target violated: 20.3ms (20.0ms/21.0ms)
[2019-08-30T16:08:47.814-0530][gc,phases    ] GC(0)   Pre Evacuate Collection Set: 0.0ms
[2019-08-30T16:08:47.814-0530][gc,phases    ] GC(0)   Evacuate Collection Set: 19.4ms
[2019-08-30T16:08:47.814-0530][gc,phases    ] GC(0)   Post Evacuate Collection Set: 0.7ms
[2019-08-30T16:08:47.814-0530][gc,phases    ] GC(0)   Other: 81.9ms
[2019-08-30T16:08:47.814-0530][gc,heap      ] GC(0) Eden regions: 51->0(45)
[2019-08-30T16:08:47.814-0530][gc,heap      ] GC(0) Survivor regions: 0->6(7)
[2019-08-30T16:08:47.814-0530][gc,heap      ] GC(0) Old regions: 0->0
[2019-08-30T16:08:47.814-0530][gc,heap      ] GC(0) Archive regions: 2->2
[2019-08-30T16:08:47.814-0530][gc,heap      ] GC(0) Humongous regions: 0->0
[2019-08-30T16:08:47.814-0530][gc,metaspace ] GC(0) Metaspace: 16976K->16976K(1064960K)
[2019-08-30T16:08:47.815-0530][gc           ] GC(0) Pause Young (Normal) (G1 Evacuation Pause) 51M->6M(1024M) 102.371ms
[2019-08-30T16:08:47.815-0530][gc,cpu       ] GC(0) User=0.04s Sys=0.00s Real=0.10s
[2019-08-30T16:08:50.213-0530][gc,start     ] GC(1) Pause Young (Concurrent Start) (Metadata GC Threshold)
[2019-08-30T16:08:50.449-0530][gc,task      ] GC(1) Using 4 workers of 4 for evacuation
[2019-08-30T16:08:50.487-0530][gc,mmu       ] GC(1) MMU target violated: 21.0ms (20.0ms/21.0ms)
[2019-08-30T16:08:50.487-0530][gc,phases    ] GC(1)   Pre Evacuate Collection Set: 0.1ms
[2019-08-30T16:08:50.487-0530][gc,phases    ] GC(1)   Evacuate Collection Set: 36.3ms
[2019-08-30T16:08:50.487-0530][gc,phases    ] GC(1)   Post Evacuate Collection Set: 0.9ms
[2019-08-30T16:08:50.487-0530][gc,phases    ] GC(1)   Other: 236.4ms
[2019-08-30T16:08:50.487-0530][gc,heap      ] GC(1) Eden regions: 15->0(50)
[2019-08-30T16:08:50.487-0530][gc,heap      ] GC(1) Survivor regions: 6->1(7)
[2019-08-30T16:08:50.487-0530][gc,heap      ] GC(1) Old regions: 0->6
[2019-08-30T16:08:50.487-0530][gc,heap      ] GC(1) Archive regions: 2->2
[2019-08-30T16:08:50.487-0530][gc,heap      ] GC(1) Humongous regions: 0->0
[2019-08-30T16:08:50.487-0530][gc,metaspace ] GC(1) Metaspace: 20516K->20516K(1067008K)
[2019-08-30T16:08:50.487-0530][gc           ] GC(1) Pause Young (Concurrent Start) (Metadata GC Threshold) 20M->7M(1024M) 274.056ms
[2019-08-30T16:08:50.487-0530][gc,cpu       ] GC(1) User=0.04s Sys=0.01s Real=0.27s
[2019-08-30T16:08:50.487-0530][gc           ] GC(2) Concurrent Cycle
[2019-08-30T16:08:50.487-0530][gc,marking   ] GC(2) Concurrent Clear Claimed Marks
[2019-08-30T16:08:50.487-0530][gc,marking   ] GC(2) Concurrent Clear Claimed Marks 0.085ms
[2019-08-30T16:08:50.488-0530][gc,marking   ] GC(2) Concurrent Scan Root Regions
[2019-08-30T16:08:50.498-0530][gc,marking   ] GC(2) Concurrent Scan Root Regions 10.474ms
[2019-08-30T16:08:50.498-0530][gc,marking   ] GC(2) Concurrent Mark (11.573s)
[2019-08-30T16:08:50.498-0530][gc,marking   ] GC(2) Concurrent Mark From Roots
[2019-08-30T16:08:50.498-0530][gc,task      ] GC(2) Using 1 workers of 1 for marking
[2019-08-30T16:08:50.506-0530][gc,marking   ] GC(2) Concurrent Mark From Roots 7.384ms
[2019-08-30T16:08:50.506-0530][gc,marking   ] GC(2) Concurrent Preclean
[2019-08-30T16:08:50.506-0530][gc,marking   ] GC(2) Concurrent Preclean 0.087ms
[2019-08-30T16:08:50.506-0530][gc,marking   ] GC(2) Concurrent Mark (11.573s, 11.581s) 7.711ms
[2019-08-30T16:08:50.510-0530][gc,start     ] GC(2) Pause Remark
[2019-08-30T16:08:50.516-0530][gc,stringtable] GC(2) Cleaned string table, strings: 4720 processed, 0 removed
[2019-08-30T16:08:50.517-0530][gc            ] GC(2) Pause Remark 8M->8M(1024M) 6.418ms
[2019-08-30T16:08:50.517-0530][gc,cpu        ] GC(2) User=0.01s Sys=0.00s Real=0.00s
[2019-08-30T16:08:50.517-0530][gc,marking    ] GC(2) Concurrent Rebuild Remembered Sets
[2019-08-30T16:08:50.527-0530][gc,marking    ] GC(2) Concurrent Rebuild Remembered Sets 9.977ms
[2019-08-30T16:08:50.530-0530][gc,start      ] GC(2) Pause Cleanup
[2019-08-30T16:08:50.531-0530][gc            ] GC(2) Pause Cleanup 8M->8M(1024M) 0.817ms
[2019-08-30T16:08:50.532-0530][gc,cpu        ] GC(2) User=0.00s Sys=0.00s Real=0.00s
[2019-08-30T16:08:50.532-0530][gc,marking    ] GC(2) Concurrent Cleanup for Next Mark
[2019-08-30T16:08:50.552-0530][gc,marking    ] GC(2) Concurrent Cleanup for Next Mark 20.098ms
[2019-08-30T16:08:50.552-0530][gc            ] GC(2) Concurrent Cycle 64.770ms
[2019-08-30T16:09:03.372-0530][gc,start      ] GC(3) Pause Young (Normal) (G1 Evacuation Pause)
[2019-08-30T16:09:03.372-0530][gc,task       ] GC(3) Using 4 workers of 4 for evacuation
[2019-08-30T16:09:03.390-0530][gc,phases     ] GC(3)   Pre Evacuate Collection Set: 0.1ms
[2019-08-30T16:09:03.390-0530][gc,phases     ] GC(3)   Evacuate Collection Set: 17.0ms
[2019-08-30T16:09:03.390-0530][gc,phases     ] GC(3)   Post Evacuate Collection Set: 0.6ms
[2019-08-30T16:09:03.390-0530][gc,phases     ] GC(3)   Other: 0.3ms
[2019-08-30T16:09:03.390-0530][gc,heap       ] GC(3) Eden regions: 50->0(46)
[2019-08-30T16:09:03.390-0530][gc,heap       ] GC(3) Survivor regions: 1->5(7)
[2019-08-30T16:09:03.390-0530][gc,heap       ] GC(3) Old regions: 6->6
[2019-08-30T16:09:03.390-0530][gc,heap       ] GC(3) Archive regions: 2->2
[2019-08-30T16:09:03.390-0530][gc,heap       ] GC(3) Humongous regions: 129->129
[2019-08-30T16:09:03.390-0530][gc,metaspace  ] GC(3) Metaspace: 28125K->28125K(1075200K)
[2019-08-30T16:09:03.390-0530][gc            ] GC(3) Pause Young (Normal) (G1 Evacuation Pause) 186M->140M(1024M) 18.535ms
[2019-08-30T16:09:03.390-0530][gc,cpu        ] GC(3) User=0.04s Sys=0.00s Real=0.02s
[2019-08-30T16:09:12.684-0530][gc,start      ] GC(4) Pause Young (Normal) (G1 Evacuation Pause)
[2019-08-30T16:09:12.684-0530][gc,task       ] GC(4) Using 4 workers of 4 for evacuation
[2019-08-30T16:09:12.699-0530][gc,phases     ] GC(4)   Pre Evacuate Collection Set: 0.0ms
[2019-08-30T16:09:12.699-0530][gc,phases     ] GC(4)   Evacuate Collection Set: 13.9ms
[2019-08-30T16:09:12.699-0530][gc,phases     ] GC(4)   Post Evacuate Collection Set: 0.6ms
[2019-08-30T16:09:12.699-0530][gc,phases     ] GC(4)   Other: 0.4ms
[2019-08-30T16:09:12.699-0530][gc,heap       ] GC(4) Eden regions: 46->0(49)
[2019-08-30T16:09:12.699-0530][gc,heap       ] GC(4) Survivor regions: 5->2(7)
[2019-08-30T16:09:12.699-0530][gc,heap       ] GC(4) Old regions: 6->11
[2019-08-30T16:09:12.699-0530][gc,heap       ] GC(4) Archive regions: 2->2
[2019-08-30T16:09:12.699-0530][gc,heap       ] GC(4) Humongous regions: 135->135
[2019-08-30T16:09:12.699-0530][gc,metaspace  ] GC(4) Metaspace: 32751K->32751K(1079296K)
[2019-08-30T16:09:12.699-0530][gc            ] GC(4) Pause Young (Normal) (G1 Evacuation Pause) 192M->148M(1024M) 15.225ms
[2019-08-30T16:09:12.699-0530][gc,cpu        ] GC(4) User=0.04s Sys=0.01s Real=0.01s
[2019-08-30T16:09:24.032-0530][gc,start      ] GC(5) Pause Young (Concurrent Start) (Metadata GC Threshold)
[2019-08-30T16:09:24.032-0530][gc,task       ] GC(5) Using 4 workers of 4 for evacuation
[2019-08-30T16:09:24.041-0530][gc,phases     ] GC(5)   Pre Evacuate Collection Set: 0.2ms
[2019-08-30T16:09:24.041-0530][gc,phases     ] GC(5)   Evacuate Collection Set: 8.2ms
[2019-08-30T16:09:24.041-0530][gc,phases     ] GC(5)   Post Evacuate Collection Set: 0.6ms
[2019-08-30T16:09:24.041-0530][gc,phases     ] GC(5)   Other: 0.4ms
[2019-08-30T16:09:24.041-0530][gc,heap       ] GC(5) Eden regions: 27->0(49)
[2019-08-30T16:09:24.041-0530][gc,heap       ] GC(5) Survivor regions: 2->2(7)
[2019-08-30T16:09:24.041-0530][gc,heap       ] GC(5) Old regions: 11->11
[2019-08-30T16:09:24.041-0530][gc,heap       ] GC(5) Archive regions: 2->2
[2019-08-30T16:09:24.041-0530][gc,heap       ] GC(5) Humongous regions: 189->129
[2019-08-30T16:09:24.041-0530][gc,metaspace  ] GC(5) Metaspace: 33819K->33819K(1079296K)
[2019-08-30T16:09:24.041-0530][gc            ] GC(5) Pause Young (Concurrent Start) (Metadata GC Threshold) 228M->142M(1024M) 9.590ms
[2019-08-30T16:09:24.042-0530][gc,cpu        ] GC(5) User=0.01s Sys=0.00s Real=0.01s
[2019-08-30T16:09:24.042-0530][gc            ] GC(6) Concurrent Cycle
[2019-08-30T16:09:24.042-0530][gc,marking    ] GC(6) Concurrent Clear Claimed Marks
[2019-08-30T16:09:24.042-0530][gc,marking    ] GC(6) Concurrent Clear Claimed Marks 0.157ms
[2019-08-30T16:09:24.042-0530][gc,marking    ] GC(6) Concurrent Scan Root Regions
[2019-08-30T16:09:24.046-0530][gc,marking    ] GC(6) Concurrent Scan Root Regions 4.618ms
[2019-08-30T16:09:24.047-0530][gc,marking    ] GC(6) Concurrent Mark (45.122s)
[2019-08-30T16:09:24.047-0530][gc,marking    ] GC(6) Concurrent Mark From Roots
[2019-08-30T16:09:24.047-0530][gc,task       ] GC(6) Using 1 workers of 1 for marking
[2019-08-30T16:09:24.074-0530][gc,marking    ] GC(6) Concurrent Mark From Roots 27.846ms
[2019-08-30T16:09:24.075-0530][gc,marking    ] GC(6) Concurrent Preclean
[2019-08-30T16:09:24.075-0530][gc,marking    ] GC(6) Concurrent Preclean 0.128ms
[2019-08-30T16:09:24.075-0530][gc,marking    ] GC(6) Concurrent Mark (45.122s, 45.151s) 28.162ms
[2019-08-30T16:09:24.075-0530][gc,start      ] GC(6) Pause Remark
[2019-08-30T16:09:24.079-0530][gc,stringtable] GC(6) Cleaned string table, strings: 8978 processed, 14 removed
[2019-08-30T16:09:24.079-0530][gc            ] GC(6) Pause Remark 142M->142M(1024M) 4.563ms
[2019-08-30T16:09:24.080-0530][gc,cpu        ] GC(6) User=0.01s Sys=0.00s Real=0.01s
[2019-08-30T16:09:24.080-0530][gc,marking    ] GC(6) Concurrent Rebuild Remembered Sets
[2019-08-30T16:09:24.092-0530][gc,marking    ] GC(6) Concurrent Rebuild Remembered Sets 12.065ms
[2019-08-30T16:09:24.092-0530][gc,start      ] GC(6) Pause Cleanup
[2019-08-30T16:09:24.092-0530][gc            ] GC(6) Pause Cleanup 142M->142M(1024M) 0.158ms
[2019-08-30T16:09:24.092-0530][gc,cpu        ] GC(6) User=0.00s Sys=0.00s Real=0.00s
[2019-08-30T16:09:24.092-0530][gc,marking    ] GC(6) Concurrent Cleanup for Next Mark
[2019-08-30T16:09:24.108-0530][gc,marking    ] GC(6) Concurrent Cleanup for Next Mark 15.527ms
[2019-08-30T16:09:24.261-0530][gc            ] GC(6) Concurrent Cycle 218.962ms
[2019-08-30T16:13:25.650-0530][gc,start      ] GC(7) Pause Young (Normal) (G1 Evacuation Pause)
[2019-08-30T16:13:25.686-0530][gc,task       ] GC(7) Using 4 workers of 4 for evacuation
[2019-08-30T16:13:25.694-0530][gc,phases     ] GC(7)   Pre Evacuate Collection Set: 0.0ms
[2019-08-30T16:13:25.694-0530][gc,phases     ] GC(7)   Evacuate Collection Set: 7.2ms
[2019-08-30T16:13:25.694-0530][gc,phases     ] GC(7)   Post Evacuate Collection Set: 0.8ms
[2019-08-30T16:13:25.694-0530][gc,phases     ] GC(7)   Other: 36.2ms
[2019-08-30T16:13:25.694-0530][gc,heap       ] GC(7) Eden regions: 49->0(47)
[2019-08-30T16:13:25.694-0530][gc,heap       ] GC(7) Survivor regions: 2->4(7)
[2019-08-30T16:13:25.694-0530][gc,heap       ] GC(7) Old regions: 11->11
[2019-08-30T16:13:25.694-0530][gc,heap       ] GC(7) Archive regions: 2->2
[2019-08-30T16:13:25.694-0530][gc,heap       ] GC(7) Humongous regions: 129->129
[2019-08-30T16:13:25.694-0530][gc,metaspace  ] GC(7) Metaspace: 36787K->36787K(1083392K)
[2019-08-30T16:13:25.694-0530][gc            ] GC(7) Pause Young (Normal) (G1 Evacuation Pause) 191M->143M(1024M) 44.545ms
[2019-08-30T16:13:25.694-0530][gc,cpu        ] GC(7) User=0.03s Sys=0.00s Real=0.04s
[2019-08-30T16:18:24.032-0530][gc,start      ] GC(8) Pause Young (Normal) (G1 Evacuation Pause)
[2019-08-30T16:18:24.069-0530][gc,task       ] GC(8) Using 4 workers of 4 for evacuation
[2019-08-30T16:18:24.078-0530][gc,phases     ] GC(8)   Pre Evacuate Collection Set: 0.0ms
[2019-08-30T16:18:24.078-0530][gc,phases     ] GC(8)   Evacuate Collection Set: 7.9ms
[2019-08-30T16:18:24.078-0530][gc,phases     ] GC(8)   Post Evacuate Collection Set: 0.6ms
[2019-08-30T16:18:24.078-0530][gc,phases     ] GC(8)   Other: 37.3ms
[2019-08-30T16:18:24.078-0530][gc,heap       ] GC(8) Eden regions: 47->0(46)
[2019-08-30T16:18:24.078-0530][gc,heap       ] GC(8) Survivor regions: 4->5(7)
[2019-08-30T16:18:24.078-0530][gc,heap       ] GC(8) Old regions: 11->11
[2019-08-30T16:18:24.078-0530][gc,heap       ] GC(8) Archive regions: 2->2
[2019-08-30T16:18:24.078-0530][gc,heap       ] GC(8) Humongous regions: 129->129
[2019-08-30T16:18:24.078-0530][gc,metaspace  ] GC(8) Metaspace: 37421K->37421K(1083392K)
[2019-08-30T16:18:24.078-0530][gc            ] GC(8) Pause Young (Normal) (G1 Evacuation Pause) 190M->144M(1024M) 46.156ms
[2019-08-30T16:18:24.078-0530][gc,cpu        ] GC(8) User=0.02s Sys=0.00s Real=0.04s
[2019-08-30T16:23:36.355-0530][gc,start      ] GC(9) Pause Young (Normal) (G1 Evacuation Pause)
[2019-08-30T16:23:36.381-0530][gc,task       ] GC(9) Using 4 workers of 4 for evacuation
[2019-08-30T16:23:36.391-0530][gc,phases     ] GC(9)   Pre Evacuate Collection Set: 0.0ms
[2019-08-30T16:23:36.391-0530][gc,phases     ] GC(9)   Evacuate Collection Set: 9.6ms
[2019-08-30T16:23:36.391-0530][gc,phases     ] GC(9)   Post Evacuate Collection Set: 0.6ms
[2019-08-30T16:23:36.391-0530][gc,phases     ] GC(9)   Other: 25.7ms
[2019-08-30T16:23:36.391-0530][gc,heap       ] GC(9) Eden regions: 46->0(47)
[2019-08-30T16:23:36.391-0530][gc,heap       ] GC(9) Survivor regions: 5->4(7)
[2019-08-30T16:23:36.391-0530][gc,heap       ] GC(9) Old regions: 11->13
[2019-08-30T16:23:36.391-0530][gc,heap       ] GC(9) Archive regions: 2->2
[2019-08-30T16:23:36.391-0530][gc,heap       ] GC(9) Humongous regions: 129->129
[2019-08-30T16:23:36.391-0530][gc,metaspace  ] GC(9) Metaspace: 37735K->37735K(1083392K)
[2019-08-30T16:23:36.391-0530][gc            ] GC(9) Pause Young (Normal) (G1 Evacuation Pause) 190M->145M(1024M) 36.115ms
[2019-08-30T16:23:36.391-0530][gc,cpu        ] GC(9) User=0.03s Sys=0.00s Real=0.04s
[2019-08-30T16:29:04.588-0530][gc,start      ] GC(10) Pause Young (Normal) (G1 Evacuation Pause)
[2019-08-30T16:29:04.588-0530][gc,task       ] GC(10) Using 4 workers of 4 for evacuation
[2019-08-30T16:29:04.595-0530][gc,phases     ] GC(10)   Pre Evacuate Collection Set: 0.0ms
[2019-08-30T16:29:04.595-0530][gc,phases     ] GC(10)   Evacuate Collection Set: 6.6ms
[2019-08-30T16:29:04.595-0530][gc,phases     ] GC(10)   Post Evacuate Collection Set: 0.6ms
[2019-08-30T16:29:04.595-0530][gc,phases     ] GC(10)   Other: 0.3ms
[2019-08-30T16:29:04.595-0530][gc,heap       ] GC(10) Eden regions: 47->0(47)
[2019-08-30T16:29:04.595-0530][gc,heap       ] GC(10) Survivor regions: 4->4(7)
[2019-08-30T16:29:04.595-0530][gc,heap       ] GC(10) Old regions: 13->13
[2019-08-30T16:29:04.595-0530][gc,heap       ] GC(10) Archive regions: 2->2
[2019-08-30T16:29:04.595-0530][gc,heap       ] GC(10) Humongous regions: 129->129
[2019-08-30T16:29:04.595-0530][gc,metaspace  ] GC(10) Metaspace: 37770K->37770K(1083392K)
[2019-08-30T16:29:04.595-0530][gc            ] GC(10) Pause Young (Normal) (G1 Evacuation Pause) 192M->145M(1024M) 7.787ms
[2019-08-30T16:29:04.595-0530][gc,cpu        ] GC(10) User=0.03s Sys=0.00s Real=0.01s
[2019-08-30T16:34:32.110-0530][gc,start      ] GC(11) Pause Young (Normal) (G1 Evacuation Pause)
[2019-08-30T16:34:32.110-0530][gc,task       ] GC(11) Using 4 workers of 4 for evacuation
[2019-08-30T16:34:32.117-0530][gc,phases     ] GC(11)   Pre Evacuate Collection Set: 0.0ms
[2019-08-30T16:34:32.118-0530][gc,phases     ] GC(11)   Evacuate Collection Set: 7.1ms
[2019-08-30T16:34:32.118-0530][gc,phases     ] GC(11)   Post Evacuate Collection Set: 0.6ms
[2019-08-30T16:34:32.118-0530][gc,phases     ] GC(11)   Other: 0.3ms
[2019-08-30T16:34:32.118-0530][gc,heap       ] GC(11) Eden regions: 47->0(47)
[2019-08-30T16:34:32.118-0530][gc,heap       ] GC(11) Survivor regions: 4->4(7)
[2019-08-30T16:34:32.118-0530][gc,heap       ] GC(11) Old regions: 13->13
[2019-08-30T16:34:32.118-0530][gc,heap       ] GC(11) Archive regions: 2->2
[2019-08-30T16:34:32.118-0530][gc,heap       ] GC(11) Humongous regions: 129->129
[2019-08-30T16:34:32.118-0530][gc,metaspace  ] GC(11) Metaspace: 37799K->37799K(1083392K)
[2019-08-30T16:34:32.118-0530][gc            ] GC(11) Pause Young (Normal) (G1 Evacuation Pause) 192M->145M(1024M) 8.277ms
[2019-08-30T16:34:32.118-0530][gc,cpu        ] GC(11) User=0.02s Sys=0.00s Real=0.01s
[2019-08-30T16:40:11.939-0530][gc,start      ] GC(12) Pause Young (Normal) (G1 Evacuation Pause)
[2019-08-30T16:40:11.939-0530][gc,task       ] GC(12) Using 4 workers of 4 for evacuation
[2019-08-30T16:40:11.947-0530][gc,phases     ] GC(12)   Pre Evacuate Collection Set: 0.0ms
[2019-08-30T16:40:11.947-0530][gc,phases     ] GC(12)   Evacuate Collection Set: 6.5ms
[2019-08-30T16:40:11.947-0530][gc,phases     ] GC(12)   Post Evacuate Collection Set: 0.8ms
[2019-08-30T16:40:11.947-0530][gc,phases     ] GC(12)   Other: 0.3ms
[2019-08-30T16:40:11.947-0530][gc,heap       ] GC(12) Eden regions: 47->0(47)
[2019-08-30T16:40:11.947-0530][gc,heap       ] GC(12) Survivor regions: 4->4(7)
[2019-08-30T16:40:11.947-0530][gc,heap       ] GC(12) Old regions: 13->13
[2019-08-30T16:40:11.947-0530][gc,heap       ] GC(12) Archive regions: 2->2
[2019-08-30T16:40:11.947-0530][gc,heap       ] GC(12) Humongous regions: 129->129
[2019-08-30T16:40:11.947-0530][gc,metaspace  ] GC(12) Metaspace: 37820K->37820K(1083392K)
[2019-08-30T16:40:11.947-0530][gc            ] GC(12) Pause Young (Normal) (G1 Evacuation Pause) 192M->145M(1024M) 7.839ms
[2019-08-30T16:40:11.947-0530][gc,cpu        ] GC(12) User=0.02s Sys=0.00s Real=0.01s
[2019-08-30T16:45:51.930-0530][gc,start      ] GC(13) Pause Young (Normal) (G1 Evacuation Pause)
[2019-08-30T16:45:51.999-0530][gc,task       ] GC(13) Using 4 workers of 4 for evacuation
[2019-08-30T16:45:52.006-0530][gc,phases     ] GC(13)   Pre Evacuate Collection Set: 0.0ms
[2019-08-30T16:45:52.007-0530][gc,phases     ] GC(13)   Evacuate Collection Set: 6.4ms
[2019-08-30T16:45:52.007-0530][gc,phases     ] GC(13)   Post Evacuate Collection Set: 0.5ms
[2019-08-30T16:45:52.007-0530][gc,phases     ] GC(13)   Other: 69.2ms
[2019-08-30T16:45:52.007-0530][gc,heap       ] GC(13) Eden regions: 47->0(52)
[2019-08-30T16:45:52.007-0530][gc,heap       ] GC(13) Survivor regions: 4->4(7)
[2019-08-30T16:45:52.007-0530][gc,heap       ] GC(13) Old regions: 13->13
[2019-08-30T16:45:52.007-0530][gc,heap       ] GC(13) Archive regions: 2->2
[2019-08-30T16:45:52.007-0530][gc,heap       ] GC(13) Humongous regions: 129->129
[2019-08-30T16:45:52.007-0530][gc,metaspace  ] GC(13) Metaspace: 37833K->37833K(1083392K)
[2019-08-30T16:45:52.007-0530][gc            ] GC(13) Pause Young (Normal) (G1 Evacuation Pause) 192M->145M(1024M) 76.352ms
[2019-08-30T16:45:52.007-0530][gc,cpu        ] GC(13) User=0.03s Sys=0.00s Real=0.07s
[2019-08-30T16:52:11.640-0530][gc,start      ] GC(14) Pause Young (Normal) (G1 Evacuation Pause)
[2019-08-30T16:52:11.642-0530][gc,task       ] GC(14) Using 4 workers of 4 for evacuation
[2019-08-30T16:52:11.655-0530][gc,phases     ] GC(14)   Pre Evacuate Collection Set: 0.0ms
[2019-08-30T16:52:11.655-0530][gc,phases     ] GC(14)   Evacuate Collection Set: 11.2ms
[2019-08-30T16:52:11.655-0530][gc,phases     ] GC(14)   Post Evacuate Collection Set: 1.2ms
[2019-08-30T16:52:11.655-0530][gc,phases     ] GC(14)   Other: 2.9ms
[2019-08-30T16:52:11.655-0530][gc,heap       ] GC(14) Eden regions: 52->0(54)
[2019-08-30T16:52:11.655-0530][gc,heap       ] GC(14) Survivor regions: 4->4(7)
[2019-08-30T16:52:11.655-0530][gc,heap       ] GC(14) Old regions: 13->13
[2019-08-30T16:52:11.655-0530][gc,heap       ] GC(14) Archive regions: 2->2
[2019-08-30T16:52:11.655-0530][gc,heap       ] GC(14) Humongous regions: 129->129
[2019-08-30T16:52:11.655-0530][gc,metaspace  ] GC(14) Metaspace: 37849K->37849K(1083392K)
[2019-08-30T16:52:11.655-0530][gc            ] GC(14) Pause Young (Normal) (G1 Evacuation Pause) 197M->145M(1024M) 15.614ms
[2019-08-30T16:52:11.655-0530][gc,cpu        ] GC(14) User=0.03s Sys=0.00s Real=0.01s
[2019-08-30T16:58:42.834-0530][gc,start      ] GC(15) Pause Young (Normal) (G1 Evacuation Pause)
[2019-08-30T16:58:42.871-0530][gc,task       ] GC(15) Using 4 workers of 4 for evacuation
[2019-08-30T16:58:42.880-0530][gc,phases     ] GC(15)   Pre Evacuate Collection Set: 0.0ms
[2019-08-30T16:58:42.880-0530][gc,phases     ] GC(15)   Evacuate Collection Set: 7.9ms
[2019-08-30T16:58:42.880-0530][gc,phases     ] GC(15)   Post Evacuate Collection Set: 0.5ms
[2019-08-30T16:58:42.880-0530][gc,phases     ] GC(15)   Other: 37.5ms
[2019-08-30T16:58:42.880-0530][gc,heap       ] GC(15) Eden regions: 54->0(58)
[2019-08-30T16:58:42.880-0530][gc,heap       ] GC(15) Survivor regions: 4->4(8)
[2019-08-30T16:58:42.880-0530][gc,heap       ] GC(15) Old regions: 13->13
[2019-08-30T16:58:42.880-0530][gc,heap       ] GC(15) Archive regions: 2->2
[2019-08-30T16:58:42.880-0530][gc,heap       ] GC(15) Humongous regions: 129->129
[2019-08-30T16:58:42.880-0530][gc,metaspace  ] GC(15) Metaspace: 37858K->37858K(1083392K)
[2019-08-30T16:58:42.880-0530][gc            ] GC(15) Pause Young (Normal) (G1 Evacuation Pause) 199M->145M(1024M) 46.201ms
[2019-08-30T16:58:42.880-0530][gc,cpu        ] GC(15) User=0.02s Sys=0.00s Real=0.05s
[2019-08-30T17:05:40.730-0530][gc,start      ] GC(16) Pause Young (Normal) (G1 Evacuation Pause)
[2019-08-30T17:05:40.761-0530][gc,task       ] GC(16) Using 4 workers of 4 for evacuation
[2019-08-30T17:05:40.769-0530][gc,phases     ] GC(16)   Pre Evacuate Collection Set: 0.0ms
[2019-08-30T17:05:40.769-0530][gc,phases     ] GC(16)   Evacuate Collection Set: 7.6ms
[2019-08-30T17:05:40.769-0530][gc,phases     ] GC(16)   Post Evacuate Collection Set: 0.6ms
[2019-08-30T17:05:40.769-0530][gc,phases     ] GC(16)   Other: 31.6ms
[2019-08-30T17:05:40.770-0530][gc,heap       ] GC(16) Eden regions: 58->0(65)
[2019-08-30T17:05:40.770-0530][gc,heap       ] GC(16) Survivor regions: 4->4(8)
[2019-08-30T17:05:40.770-0530][gc,heap       ] GC(16) Old regions: 13->13
[2019-08-30T17:05:40.770-0530][gc,heap       ] GC(16) Archive regions: 2->2
[2019-08-30T17:05:40.770-0530][gc,heap       ] GC(16) Humongous regions: 129->129
[2019-08-30T17:05:40.770-0530][gc,metaspace  ] GC(16) Metaspace: 37871K->37871K(1083392K)
[2019-08-30T17:05:40.770-0530][gc            ] GC(16) Pause Young (Normal) (G1 Evacuation Pause) 203M->145M(1024M) 40.016ms
[2019-08-30T17:05:40.770-0530][gc,cpu        ] GC(16) User=0.02s Sys=0.00s Real=0.04s
[2019-08-30T17:13:05.274-0530][gc,start      ] GC(17) Pause Young (Normal) (G1 Evacuation Pause)
[2019-08-30T17:13:05.341-0530][gc,task       ] GC(17) Using 4 workers of 4 for evacuation
[2019-08-30T17:13:05.356-0530][gc,phases     ] GC(17)   Pre Evacuate Collection Set: 0.1ms
[2019-08-30T17:13:05.356-0530][gc,phases     ] GC(17)   Evacuate Collection Set: 13.6ms
[2019-08-30T17:13:05.356-0530][gc,phases     ] GC(17)   Post Evacuate Collection Set: 0.8ms
[2019-08-30T17:13:05.357-0530][gc,phases     ] GC(17)   Other: 68.2ms
[2019-08-30T17:13:05.357-0530][gc,heap       ] GC(17) Eden regions: 65->0(99)
[2019-08-30T17:13:05.357-0530][gc,heap       ] GC(17) Survivor regions: 4->4(9)
[2019-08-30T17:13:05.357-0530][gc,heap       ] GC(17) Old regions: 13->13
[2019-08-30T17:13:05.357-0530][gc,heap       ] GC(17) Archive regions: 2->2
[2019-08-30T17:13:05.357-0530][gc,heap       ] GC(17) Humongous regions: 129->129
[2019-08-30T17:13:05.357-0530][gc,metaspace  ] GC(17) Metaspace: 37940K->37940K(1083392K)
[2019-08-30T17:13:05.357-0530][gc            ] GC(17) Pause Young (Normal) (G1 Evacuation Pause) 210M->145M(1024M) 83.036ms
[2019-08-30T17:13:05.357-0530][gc,cpu        ] GC(17) User=0.03s Sys=0.01s Real=0.08s
[2019-08-30T17:24:38.523-0530][gc,start      ] GC(18) Pause Young (Normal) (G1 Evacuation Pause)
[2019-08-30T17:24:38.590-0530][gc,task       ] GC(18) Using 4 workers of 4 for evacuation
[2019-08-30T17:24:38.602-0530][gc,phases     ] GC(18)   Pre Evacuate Collection Set: 0.0ms
[2019-08-30T17:24:38.602-0530][gc,phases     ] GC(18)   Evacuate Collection Set: 10.8ms
[2019-08-30T17:24:38.602-0530][gc,phases     ] GC(18)   Post Evacuate Collection Set: 0.8ms
[2019-08-30T17:24:38.602-0530][gc,phases     ] GC(18)   Other: 67.8ms
[2019-08-30T17:24:38.602-0530][gc,heap       ] GC(18) Eden regions: 99->0(104)
[2019-08-30T17:24:38.602-0530][gc,heap       ] GC(18) Survivor regions: 4->4(13)
[2019-08-30T17:24:38.603-0530][gc,heap       ] GC(18) Old regions: 13->13
[2019-08-30T17:24:38.603-0530][gc,heap       ] GC(18) Archive regions: 2->2
[2019-08-30T17:24:38.603-0530][gc,heap       ] GC(18) Humongous regions: 129->129
[2019-08-30T17:24:38.603-0530][gc,metaspace  ] GC(18) Metaspace: 38368K->38368K(1083392K)
[2019-08-30T17:24:38.603-0530][gc            ] GC(18) Pause Young (Normal) (G1 Evacuation Pause) 244M->145M(1024M) 79.975ms
[2019-08-30T17:24:38.603-0530][gc,cpu        ] GC(18) User=0.03s Sys=0.00s Real=0.08s
[2019-08-30T17:29:53.925-0530][gc,start      ] GC(19) Pause Young (Normal) (G1 Evacuation Pause)
[2019-08-30T17:29:53.962-0530][gc,task       ] GC(19) Using 4 workers of 4 for evacuation
[2019-08-30T17:29:53.979-0530][gc,phases     ] GC(19)   Pre Evacuate Collection Set: 0.0ms
[2019-08-30T17:29:53.979-0530][gc,phases     ] GC(19)   Evacuate Collection Set: 15.9ms
[2019-08-30T17:29:53.979-0530][gc,phases     ] GC(19)   Post Evacuate Collection Set: 0.7ms
[2019-08-30T17:29:53.979-0530][gc,phases     ] GC(19)   Other: 37.3ms
[2019-08-30T17:29:53.979-0530][gc,heap       ] GC(19) Eden regions: 104->0(104)
[2019-08-30T17:29:53.979-0530][gc,heap       ] GC(19) Survivor regions: 4->7(14)
[2019-08-30T17:29:53.979-0530][gc,heap       ] GC(19) Old regions: 13->13
[2019-08-30T17:29:53.979-0530][gc,heap       ] GC(19) Archive regions: 2->2
[2019-08-30T17:29:53.979-0530][gc,heap       ] GC(19) Humongous regions: 129->129
[2019-08-30T17:29:53.979-0530][gc,metaspace  ] GC(19) Metaspace: 39753K->39753K(1085440K)
[2019-08-30T17:29:53.979-0530][gc            ] GC(19) Pause Young (Normal) (G1 Evacuation Pause) 249M->148M(1024M) 54.255ms
[2019-08-30T17:29:53.979-0530][gc,cpu        ] GC(19) User=0.09s Sys=0.01s Real=0.05s
[2019-08-30T17:35:07.348-0530][gc,start      ] GC(20) Pause Young (Normal) (G1 Evacuation Pause)
[2019-08-30T17:35:07.452-0530][gc,task       ] GC(20) Using 4 workers of 4 for evacuation
[2019-08-30T17:35:07.465-0530][gc,phases     ] GC(20)   Pre Evacuate Collection Set: 0.0ms
[2019-08-30T17:35:07.465-0530][gc,phases     ] GC(20)   Evacuate Collection Set: 11.3ms
[2019-08-30T17:35:07.465-0530][gc,phases     ] GC(20)   Post Evacuate Collection Set: 0.7ms
[2019-08-30T17:35:07.465-0530][gc,phases     ] GC(20)   Other: 104.4ms
[2019-08-30T17:35:07.465-0530][gc,heap       ] GC(20) Eden regions: 104->0(106)
[2019-08-30T17:35:07.465-0530][gc,heap       ] GC(20) Survivor regions: 7->7(14)
[2019-08-30T17:35:07.465-0530][gc,heap       ] GC(20) Old regions: 13->13
[2019-08-30T17:35:07.465-0530][gc,heap       ] GC(20) Archive regions: 2->2
[2019-08-30T17:35:07.465-0530][gc,heap       ] GC(20) Humongous regions: 129->129
[2019-08-30T17:35:07.465-0530][gc,metaspace  ] GC(20) Metaspace: 39784K->39784K(1085440K)
[2019-08-30T17:35:07.465-0530][gc            ] GC(20) Pause Young (Normal) (G1 Evacuation Pause) 252M->148M(1024M) 116.701ms
[2019-08-30T17:35:07.465-0530][gc,cpu        ] GC(20) User=0.04s Sys=0.01s Real=0.12s
[2019-08-30T17:40:25.697-0530][gc,start      ] GC(21) Pause Young (Normal) (G1 Evacuation Pause)
[2019-08-30T17:40:25.802-0530][gc,task       ] GC(21) Using 4 workers of 4 for evacuation
[2019-08-30T17:40:25.815-0530][gc,phases     ] GC(21)   Pre Evacuate Collection Set: 0.0ms
[2019-08-30T17:40:25.815-0530][gc,phases     ] GC(21)   Evacuate Collection Set: 11.8ms
[2019-08-30T17:40:25.815-0530][gc,phases     ] GC(21)   Post Evacuate Collection Set: 0.7ms
[2019-08-30T17:40:25.815-0530][gc,phases     ] GC(21)   Other: 105.5ms
[2019-08-30T17:40:25.815-0530][gc,heap       ] GC(21) Eden regions: 106->0(116)
[2019-08-30T17:40:25.815-0530][gc,heap       ] GC(21) Survivor regions: 7->7(15)
[2019-08-30T17:40:25.815-0530][gc,heap       ] GC(21) Old regions: 13->13
[2019-08-30T17:40:25.815-0530][gc,heap       ] GC(21) Archive regions: 2->2
[2019-08-30T17:40:25.815-0530][gc,heap       ] GC(21) Humongous regions: 129->129
[2019-08-30T17:40:25.816-0530][gc,metaspace  ] GC(21) Metaspace: 39804K->39804K(1085440K)
[2019-08-30T17:40:25.816-0530][gc            ] GC(21) Pause Young (Normal) (G1 Evacuation Pause) 254M->149M(1024M) 118.323ms
[2019-08-30T17:40:25.816-0530][gc,cpu        ] GC(21) User=0.05s Sys=0.00s Real=0.12s
[2019-08-30T17:46:10.295-0530][gc,start      ] GC(22) Pause Young (Normal) (G1 Evacuation Pause)
[2019-08-30T17:46:10.335-0530][gc,task       ] GC(22) Using 4 workers of 4 for evacuation
[2019-08-30T17:46:10.352-0530][gc,phases     ] GC(22)   Pre Evacuate Collection Set: 0.0ms
[2019-08-30T17:46:10.352-0530][gc,phases     ] GC(22)   Evacuate Collection Set: 15.4ms
[2019-08-30T17:46:10.352-0530][gc,phases     ] GC(22)   Post Evacuate Collection Set: 0.6ms
[2019-08-30T17:46:10.352-0530][gc,phases     ] GC(22)   Other: 41.1ms
[2019-08-30T17:46:10.352-0530][gc,heap       ] GC(22) Eden regions: 116->0(119)
[2019-08-30T17:46:10.352-0530][gc,heap       ] GC(22) Survivor regions: 7->7(16)
[2019-08-30T17:46:10.352-0530][gc,heap       ] GC(22) Old regions: 13->13
[2019-08-30T17:46:10.352-0530][gc,heap       ] GC(22) Archive regions: 2->2
[2019-08-30T17:46:10.352-0530][gc,heap       ] GC(22) Humongous regions: 129->129
[2019-08-30T17:46:10.352-0530][gc,metaspace  ] GC(22) Metaspace: 39806K->39806K(1085440K)
[2019-08-30T17:46:10.352-0530][gc            ] GC(22) Pause Young (Normal) (G1 Evacuation Pause) 265M->149M(1024M) 57.311ms
[2019-08-30T17:46:10.352-0530][gc,cpu        ] GC(22) User=0.05s Sys=0.00s Real=0.06s
[2019-08-30T17:52:34.813-0530][gc,start      ] GC(23) Pause Young (Normal) (G1 Evacuation Pause)
[2019-08-30T17:52:34.861-0530][gc,task       ] GC(23) Using 4 workers of 4 for evacuation
[2019-08-30T17:52:34.872-0530][gc,phases     ] GC(23)   Pre Evacuate Collection Set: 0.0ms
[2019-08-30T17:52:34.872-0530][gc,phases     ] GC(23)   Evacuate Collection Set: 10.5ms
[2019-08-30T17:52:34.872-0530][gc,phases     ] GC(23)   Post Evacuate Collection Set: 0.4ms
[2019-08-30T17:52:34.872-0530][gc,phases     ] GC(23)   Other: 48.3ms
[2019-08-30T17:52:34.872-0530][gc,heap       ] GC(23) Eden regions: 119->0(132)
[2019-08-30T17:52:34.872-0530][gc,heap       ] GC(23) Survivor regions: 7->6(16)
[2019-08-30T17:52:34.872-0530][gc,heap       ] GC(23) Old regions: 13->14
[2019-08-30T17:52:34.872-0530][gc,heap       ] GC(23) Archive regions: 2->2
[2019-08-30T17:52:34.872-0530][gc,heap       ] GC(23) Humongous regions: 129->129
[2019-08-30T17:52:34.872-0530][gc,metaspace  ] GC(23) Metaspace: 39813K->39813K(1085440K)
[2019-08-30T17:52:34.872-0530][gc            ] GC(23) Pause Young (Normal) (G1 Evacuation Pause) 268M->148M(1024M) 59.455ms
[2019-08-30T17:52:34.872-0530][gc,cpu        ] GC(23) User=0.04s Sys=0.00s Real=0.06s
[2019-08-30T17:59:17.110-0530][gc,start      ] GC(24) Pause Young (Normal) (G1 Evacuation Pause)
[2019-08-30T17:59:17.145-0530][gc,task       ] GC(24) Using 4 workers of 4 for evacuation
[2019-08-30T17:59:17.159-0530][gc,phases     ] GC(24)   Pre Evacuate Collection Set: 0.1ms
[2019-08-30T17:59:17.159-0530][gc,phases     ] GC(24)   Evacuate Collection Set: 12.6ms
[2019-08-30T17:59:17.159-0530][gc,phases     ] GC(24)   Post Evacuate Collection Set: 0.5ms
[2019-08-30T17:59:17.159-0530][gc,phases     ] GC(24)   Other: 35.2ms
[2019-08-30T17:59:17.159-0530][gc,heap       ] GC(24) Eden regions: 132->0(142)
[2019-08-30T17:59:17.159-0530][gc,heap       ] GC(24) Survivor regions: 6->6(18)
[2019-08-30T17:59:17.159-0530][gc,heap       ] GC(24) Old regions: 14->14
[2019-08-30T17:59:17.159-0530][gc,heap       ] GC(24) Archive regions: 2->2
[2019-08-30T17:59:17.159-0530][gc,heap       ] GC(24) Humongous regions: 129->129
[2019-08-30T17:59:17.159-0530][gc,metaspace  ] GC(24) Metaspace: 39819K->39819K(1085440K)
[2019-08-30T17:59:17.159-0530][gc            ] GC(24) Pause Young (Normal) (G1 Evacuation Pause) 280M->148M(1024M) 48.664ms
[2019-08-30T17:59:17.159-0530][gc,cpu        ] GC(24) User=0.04s Sys=0.01s Real=0.04s
[2019-08-30T18:05:12.117-0530][gc,start      ] GC(25) Pause Young (Normal) (G1 Evacuation Pause)
[2019-08-30T18:05:12.117-0530][gc,task       ] GC(25) Using 4 workers of 4 for evacuation
[2019-08-30T18:05:12.130-0530][gc,phases     ] GC(25)   Pre Evacuate Collection Set: 0.0ms
[2019-08-30T18:05:12.130-0530][gc,phases     ] GC(25)   Evacuate Collection Set: 11.9ms
[2019-08-30T18:05:12.130-0530][gc,phases     ] GC(25)   Post Evacuate Collection Set: 0.5ms
[2019-08-30T18:05:12.130-0530][gc,phases     ] GC(25)   Other: 0.3ms
[2019-08-30T18:05:12.130-0530][gc,heap       ] GC(25) Eden regions: 142->0(163)
[2019-08-30T18:05:12.130-0530][gc,heap       ] GC(25) Survivor regions: 6->6(19)
[2019-08-30T18:05:12.130-0530][gc,heap       ] GC(25) Old regions: 14->14
[2019-08-30T18:05:12.130-0530][gc,heap       ] GC(25) Archive regions: 2->2
[2019-08-30T18:05:12.130-0530][gc,heap       ] GC(25) Humongous regions: 129->129
[2019-08-30T18:05:12.130-0530][gc,metaspace  ] GC(25) Metaspace: 39825K->39825K(1085440K)
[2019-08-30T18:05:12.130-0530][gc            ] GC(25) Pause Young (Normal) (G1 Evacuation Pause) 290M->148M(1024M) 13.004ms
[2019-08-30T18:05:12.130-0530][gc,cpu        ] GC(25) User=0.03s Sys=0.01s Real=0.02s
[2019-08-30T18:11:45.583-0530][gc,start      ] GC(26) Pause Young (Normal) (G1 Evacuation Pause)
[2019-08-30T18:11:45.648-0530][gc,task       ] GC(26) Using 4 workers of 4 for evacuation
[2019-08-30T18:11:45.661-0530][gc,phases     ] GC(26)   Pre Evacuate Collection Set: 0.0ms
[2019-08-30T18:11:45.661-0530][gc,phases     ] GC(26)   Evacuate Collection Set: 12.6ms
[2019-08-30T18:11:45.661-0530][gc,phases     ] GC(26)   Post Evacuate Collection Set: 0.5ms
[2019-08-30T18:11:45.661-0530][gc,phases     ] GC(26)   Other: 64.9ms
[2019-08-30T18:11:45.661-0530][gc,heap       ] GC(26) Eden regions: 163->0(492)
[2019-08-30T18:11:45.661-0530][gc,heap       ] GC(26) Survivor regions: 6->7(22)
[2019-08-30T18:11:45.661-0530][gc,heap       ] GC(26) Old regions: 14->14
[2019-08-30T18:11:45.661-0530][gc,heap       ] GC(26) Archive regions: 2->2
[2019-08-30T18:11:45.661-0530][gc,heap       ] GC(26) Humongous regions: 129->129
[2019-08-30T18:11:45.661-0530][gc,metaspace  ] GC(26) Metaspace: 39846K->39846K(1085440K)
[2019-08-30T18:11:45.661-0530][gc            ] GC(26) Pause Young (Normal) (G1 Evacuation Pause) 311M->149M(1024M) 78.301ms
[2019-08-30T18:11:45.661-0530][gc,cpu        ] GC(26) User=0.05s Sys=0.01s Real=0.08s
[2019-09-01T01:20:41.747-0530][gc,start      ] GC(27) Pause Young (Normal) (G1 Evacuation Pause)
[2019-09-01T01:20:41.808-0530][gc,task       ] GC(27) Using 4 workers of 4 for evacuation
[2019-09-01T01:20:41.846-0530][gc,mmu        ] GC(27) MMU target violated: 21.0ms (20.0ms/21.0ms)
[2019-09-01T01:20:41.846-0530][gc,phases     ] GC(27)   Pre Evacuate Collection Set: 0.1ms
[2019-09-01T01:20:41.846-0530][gc,phases     ] GC(27)   Evacuate Collection Set: 35.6ms
[2019-09-01T01:20:41.846-0530][gc,phases     ] GC(27)   Post Evacuate Collection Set: 1.5ms
[2019-09-01T01:20:41.847-0530][gc,phases     ] GC(27)   Other: 62.7ms
[2019-09-01T01:20:41.847-0530][gc,heap       ] GC(27) Eden regions: 492->0(44)
[2019-09-01T01:20:41.847-0530][gc,heap       ] GC(27) Survivor regions: 7->7(63)
[2019-09-01T01:20:41.847-0530][gc,heap       ] GC(27) Old regions: 14->14
[2019-09-01T01:20:41.847-0530][gc,heap       ] GC(27) Archive regions: 2->2
[2019-09-01T01:20:41.847-0530][gc,heap       ] GC(27) Humongous regions: 129->129
[2019-09-01T01:20:41.847-0530][gc,metaspace  ] GC(27) Metaspace: 40192K->40192K(1085440K)
[2019-09-01T01:20:41.847-0530][gc            ] GC(27) Pause Young (Normal) (G1 Evacuation Pause) 641M->149M(1024M) 100.055ms
[2019-09-01T01:20:41.847-0530][gc,cpu        ] GC(27) User=0.06s Sys=0.06s Real=0.10s
[2019-09-01T01:34:54.668-0530][gc,start      ] GC(28) Pause Young (Normal) (G1 Evacuation Pause)
[2019-09-01T01:34:54.720-0530][gc,task       ] GC(28) Using 4 workers of 4 for evacuation
[2019-09-01T01:34:54.734-0530][gc,phases     ] GC(28)   Pre Evacuate Collection Set: 0.1ms
[2019-09-01T01:34:54.734-0530][gc,phases     ] GC(28)   Evacuate Collection Set: 12.6ms
[2019-09-01T01:34:54.734-0530][gc,phases     ] GC(28)   Post Evacuate Collection Set: 1.2ms
[2019-09-01T01:34:54.734-0530][gc,phases     ] GC(28)   Other: 52.8ms
[2019-09-01T01:34:54.734-0530][gc,heap       ] GC(28) Eden regions: 44->0(115)
[2019-09-01T01:34:54.734-0530][gc,heap       ] GC(28) Survivor regions: 7->4(7)
[2019-09-01T01:34:54.735-0530][gc,heap       ] GC(28) Old regions: 14->17
[2019-09-01T01:34:54.735-0530][gc,heap       ] GC(28) Archive regions: 2->2
[2019-09-01T01:34:54.735-0530][gc,heap       ] GC(28) Humongous regions: 129->129
[2019-09-01T01:34:54.735-0530][gc,metaspace  ] GC(28) Metaspace: 40198K->40198K(1085440K)
[2019-09-01T01:34:54.735-0530][gc            ] GC(28) Pause Young (Normal) (G1 Evacuation Pause) 193M->149M(1024M) 66.953ms
[2019-09-01T01:34:54.735-0530][gc,cpu        ] GC(28) User=0.04s Sys=0.00s Real=0.07s
[2019-09-01T11:27:12.664-0530][gc,start      ] GC(29) Pause Young (Normal) (G1 Evacuation Pause)
[2019-09-01T11:27:12.814-0530][gc,task       ] GC(29) Using 4 workers of 4 for evacuation
[2019-09-01T11:27:12.825-0530][gc,phases     ] GC(29)   Pre Evacuate Collection Set: 0.0ms
[2019-09-01T11:27:12.825-0530][gc,phases     ] GC(29)   Evacuate Collection Set: 10.3ms
[2019-09-01T11:27:12.826-0530][gc,phases     ] GC(29)   Post Evacuate Collection Set: 0.4ms
[2019-09-01T11:27:12.826-0530][gc,phases     ] GC(29)   Other: 150.5ms
[2019-09-01T11:27:12.826-0530][gc,heap       ] GC(29) Eden regions: 115->0(123)
[2019-09-01T11:27:12.826-0530][gc,heap       ] GC(29) Survivor regions: 4->4(15)
[2019-09-01T11:27:12.826-0530][gc,heap       ] GC(29) Old regions: 17->17
[2019-09-01T11:27:12.826-0530][gc,heap       ] GC(29) Archive regions: 2->2
[2019-09-01T11:27:12.826-0530][gc,heap       ] GC(29) Humongous regions: 129->129
[2019-09-01T11:27:12.826-0530][gc,metaspace  ] GC(29) Metaspace: 40244K->40244K(1085440K)
[2019-09-01T11:27:12.826-0530][gc            ] GC(29) Pause Young (Normal) (G1 Evacuation Pause) 264M->149M(1024M) 161.572ms
[2019-09-01T11:27:12.826-0530][gc,cpu        ] GC(29) User=0.02s Sys=0.01s Real=0.16s
[2019-09-01T12:02:53.655-0530][gc,start      ] GC(30) Pause Young (Normal) (G1 Evacuation Pause)
[2019-09-01T12:02:53.688-0530][gc,task       ] GC(30) Using 4 workers of 4 for evacuation
[2019-09-01T12:02:53.707-0530][gc,phases     ] GC(30)   Pre Evacuate Collection Set: 0.0ms
[2019-09-01T12:02:53.707-0530][gc,phases     ] GC(30)   Evacuate Collection Set: 18.8ms
[2019-09-01T12:02:53.707-0530][gc,phases     ] GC(30)   Post Evacuate Collection Set: 0.3ms
[2019-09-01T12:02:53.707-0530][gc,phases     ] GC(30)   Other: 33.3ms
[2019-09-01T12:02:53.707-0530][gc,heap       ] GC(30) Eden regions: 123->0(142)
[2019-09-01T12:02:53.707-0530][gc,heap       ] GC(30) Survivor regions: 4->4(16)
[2019-09-01T12:02:53.708-0530][gc,heap       ] GC(30) Old regions: 17->17
[2019-09-01T12:02:53.708-0530][gc,heap       ] GC(30) Archive regions: 2->2
[2019-09-01T12:02:53.708-0530][gc,heap       ] GC(30) Humongous regions: 129->129
[2019-09-01T12:02:53.708-0530][gc,metaspace  ] GC(30) Metaspace: 40246K->40246K(1085440K)
[2019-09-01T12:02:53.708-0530][gc            ] GC(30) Pause Young (Normal) (G1 Evacuation Pause) 272M->149M(1024M) 52.725ms
[2019-09-01T12:02:53.708-0530][gc,cpu        ] GC(30) User=0.03s Sys=0.01s Real=0.05s
[2019-09-01T12:19:59.593-0530][gc,start      ] GC(31) Pause Young (Normal) (G1 Evacuation Pause)
[2019-09-01T12:19:59.640-0530][gc,task       ] GC(31) Using 4 workers of 4 for evacuation
[2019-09-01T12:19:59.650-0530][gc,phases     ] GC(31)   Pre Evacuate Collection Set: 0.0ms
[2019-09-01T12:19:59.650-0530][gc,phases     ] GC(31)   Evacuate Collection Set: 9.5ms
[2019-09-01T12:19:59.650-0530][gc,phases     ] GC(31)   Post Evacuate Collection Set: 0.4ms
[2019-09-01T12:19:59.650-0530][gc,phases     ] GC(31)   Other: 46.7ms
[2019-09-01T12:19:59.650-0530][gc,heap       ] GC(31) Eden regions: 142->0(146)
[2019-09-01T12:19:59.650-0530][gc,heap       ] GC(31) Survivor regions: 4->4(19)
[2019-09-01T12:19:59.650-0530][gc,heap       ] GC(31) Old regions: 17->17
[2019-09-01T12:19:59.650-0530][gc,heap       ] GC(31) Archive regions: 2->2
[2019-09-01T12:19:59.650-0530][gc,heap       ] GC(31) Humongous regions: 129->129
[2019-09-01T12:19:59.650-0530][gc,metaspace  ] GC(31) Metaspace: 40246K->40246K(1085440K)
[2019-09-01T12:19:59.650-0530][gc            ] GC(31) Pause Young (Normal) (G1 Evacuation Pause) 291M->149M(1024M) 56.843ms
[2019-09-01T12:19:59.650-0530][gc,cpu        ] GC(31) User=0.02s Sys=0.02s Real=0.06s
[2019-09-01T12:29:26.123-0530][gc,start      ] GC(32) Pause Young (Normal) (G1 Evacuation Pause)
[2019-09-01T12:29:26.179-0530][gc,task       ] GC(32) Using 4 workers of 4 for evacuation
[2019-09-01T12:29:26.187-0530][gc,phases     ] GC(32)   Pre Evacuate Collection Set: 0.0ms
[2019-09-01T12:29:26.187-0530][gc,phases     ] GC(32)   Evacuate Collection Set: 7.3ms
[2019-09-01T12:29:26.187-0530][gc,phases     ] GC(32)   Post Evacuate Collection Set: 0.4ms
[2019-09-01T12:29:26.187-0530][gc,phases     ] GC(32)   Other: 55.9ms
[2019-09-01T12:29:26.187-0530][gc,heap       ] GC(32) Eden regions: 146->0(155)
[2019-09-01T12:29:26.187-0530][gc,heap       ] GC(32) Survivor regions: 4->4(19)
[2019-09-01T12:29:26.187-0530][gc,heap       ] GC(32) Old regions: 17->17
[2019-09-01T12:29:26.187-0530][gc,heap       ] GC(32) Archive regions: 2->2
[2019-09-01T12:29:26.187-0530][gc,heap       ] GC(32) Humongous regions: 129->129
[2019-09-01T12:29:26.187-0530][gc,metaspace  ] GC(32) Metaspace: 40246K->40246K(1085440K)
[2019-09-01T12:29:26.187-0530][gc            ] GC(32) Pause Young (Normal) (G1 Evacuation Pause) 295M->149M(1024M) 63.936ms
[2019-09-01T12:29:26.187-0530][gc,cpu        ] GC(32) User=0.02s Sys=0.00s Real=0.06s
[2019-09-01T12:32:59.939-0530][gc,start      ] GC(33) Pause Young (Normal) (G1 Evacuation Pause)
[2019-09-01T12:32:59.997-0530][gc,task       ] GC(33) Using 4 workers of 4 for evacuation
[2019-09-01T12:33:00.008-0530][gc,phases     ] GC(33)   Pre Evacuate Collection Set: 0.1ms
[2019-09-01T12:33:00.008-0530][gc,phases     ] GC(33)   Evacuate Collection Set: 10.5ms
[2019-09-01T12:33:00.008-0530][gc,phases     ] GC(33)   Post Evacuate Collection Set: 0.4ms
[2019-09-01T12:33:00.008-0530][gc,phases     ] GC(33)   Other: 58.2ms
[2019-09-01T12:33:00.008-0530][gc,heap       ] GC(33) Eden regions: 155->0(160)
[2019-09-01T12:33:00.008-0530][gc,heap       ] GC(33) Survivor regions: 4->4(20)
[2019-09-01T12:33:00.008-0530][gc,heap       ] GC(33) Old regions: 17->17
[2019-09-01T12:33:00.008-0530][gc,heap       ] GC(33) Archive regions: 2->2
[2019-09-01T12:33:00.009-0530][gc,heap       ] GC(33) Humongous regions: 129->129
[2019-09-01T12:33:00.009-0530][gc,metaspace  ] GC(33) Metaspace: 40250K->40250K(1085440K)
[2019-09-01T12:33:00.009-0530][gc            ] GC(33) Pause Young (Normal) (G1 Evacuation Pause) 304M->148M(1024M) 69.527ms
[2019-09-01T12:33:00.009-0530][gc,cpu        ] GC(33) User=0.02s Sys=0.02s Real=0.07s
[2019-09-01T12:41:27.069-0530][gc,start      ] GC(34) Pause Young (Normal) (G1 Evacuation Pause)
[2019-09-01T12:41:27.164-0530][gc,task       ] GC(34) Using 4 workers of 4 for evacuation
[2019-09-01T12:41:27.175-0530][gc,phases     ] GC(34)   Pre Evacuate Collection Set: 0.0ms
[2019-09-01T12:41:27.175-0530][gc,phases     ] GC(34)   Evacuate Collection Set: 10.1ms
[2019-09-01T12:41:27.175-0530][gc,phases     ] GC(34)   Post Evacuate Collection Set: 0.3ms
[2019-09-01T12:41:27.175-0530][gc,phases     ] GC(34)   Other: 95.2ms
[2019-09-01T12:41:27.175-0530][gc,heap       ] GC(34) Eden regions: 160->0(166)
[2019-09-01T12:41:27.175-0530][gc,heap       ] GC(34) Survivor regions: 4->4(21)
[2019-09-01T12:41:27.175-0530][gc,heap       ] GC(34) Old regions: 17->17
[2019-09-01T12:41:27.175-0530][gc,heap       ] GC(34) Archive regions: 2->2
[2019-09-01T12:41:27.175-0530][gc,heap       ] GC(34) Humongous regions: 129->129
[2019-09-01T12:41:27.175-0530][gc,metaspace  ] GC(34) Metaspace: 40250K->40250K(1085440K)
[2019-09-01T12:41:27.175-0530][gc            ] GC(34) Pause Young (Normal) (G1 Evacuation Pause) 308M->149M(1024M) 105.953ms
[2019-09-01T12:41:27.175-0530][gc,cpu        ] GC(34) User=0.02s Sys=0.02s Real=0.11s
[2019-09-01T13:00:35.057-0530][gc,start      ] GC(35) Pause Young (Normal) (G1 Evacuation Pause)
[2019-09-01T13:00:35.115-0530][gc,task       ] GC(35) Using 4 workers of 4 for evacuation
[2019-09-01T13:00:35.124-0530][gc,phases     ] GC(35)   Pre Evacuate Collection Set: 0.0ms
[2019-09-01T13:00:35.124-0530][gc,phases     ] GC(35)   Evacuate Collection Set: 8.4ms
[2019-09-01T13:00:35.124-0530][gc,phases     ] GC(35)   Post Evacuate Collection Set: 0.4ms
[2019-09-01T13:00:35.124-0530][gc,phases     ] GC(35)   Other: 57.9ms
[2019-09-01T13:00:35.124-0530][gc,heap       ] GC(35) Eden regions: 166->0(177)
[2019-09-01T13:00:35.124-0530][gc,heap       ] GC(35) Survivor regions: 4->4(22)
[2019-09-01T13:00:35.124-0530][gc,heap       ] GC(35) Old regions: 17->17
[2019-09-01T13:00:35.124-0530][gc,heap       ] GC(35) Archive regions: 2->2
[2019-09-01T13:00:35.124-0530][gc,heap       ] GC(35) Humongous regions: 129->129
[2019-09-01T13:00:35.124-0530][gc,metaspace  ] GC(35) Metaspace: 40251K->40251K(1085440K)
[2019-09-01T13:00:35.124-0530][gc            ] GC(35) Pause Young (Normal) (G1 Evacuation Pause) 315M->149M(1024M) 66.902ms
[2019-09-01T13:00:35.124-0530][gc,cpu        ] GC(35) User=0.02s Sys=0.01s Real=0.07s
