[2019-08-30T15:27:08.726-0530][gc,heap] Heap region size: 1M
[2019-08-30T15:27:08.938-0530][gc     ] Using G1
[2019-08-30T15:27:08.987-0530][gc,heap,coops] Heap address: 0x00000007c0000000, size: 1024 MB, Compressed Oops mode: Zero based, Oop shift amount: 3
[2019-08-30T15:27:08.987-0530][gc,cds       ] Mark closed archive regions in map: [0x00000007fff00000, 0x00000007fff6fff8]
[2019-08-30T15:27:09.086-0530][gc,cds       ] Mark open archive regions in map: [0x00000007ffe00000, 0x00000007ffe47ff8]
[2019-08-30T15:27:09.113-0530][gc           ] Periodic GC disabled
[2019-08-30T15:27:13.847-0530][gc,start     ] GC(0) Pause Young (Normal) (G1 Evacuation Pause)
[2019-08-30T15:27:13.848-0530][gc,task      ] GC(0) Using 4 workers of 4 for evacuation
[2019-08-30T15:27:13.863-0530][gc,phases    ] GC(0)   Pre Evacuate Collection Set: 0.0ms
[2019-08-30T15:27:13.863-0530][gc,phases    ] GC(0)   Evacuate Collection Set: 14.1ms
[2019-08-30T15:27:13.863-0530][gc,phases    ] GC(0)   Post Evacuate Collection Set: 0.4ms
[2019-08-30T15:27:13.863-0530][gc,phases    ] GC(0)   Other: 0.6ms
[2019-08-30T15:27:13.863-0530][gc,heap      ] GC(0) Eden regions: 51->0(45)
[2019-08-30T15:27:13.863-0530][gc,heap      ] GC(0) Survivor regions: 0->6(7)
[2019-08-30T15:27:13.863-0530][gc,heap      ] GC(0) Old regions: 0->0
[2019-08-30T15:27:13.863-0530][gc,heap      ] GC(0) Archive regions: 2->2
[2019-08-30T15:27:13.863-0530][gc,heap      ] GC(0) Humongous regions: 0->0
[2019-08-30T15:27:13.863-0530][gc,metaspace ] GC(0) Metaspace: 16984K->16984K(1064960K)
[2019-08-30T15:27:13.863-0530][gc           ] GC(0) Pause Young (Normal) (G1 Evacuation Pause) 51M->6M(1024M) 15.364ms
[2019-08-30T15:27:13.863-0530][gc,cpu       ] GC(0) User=0.04s Sys=0.00s Real=0.02s
[2019-08-30T15:27:14.450-0530][gc,start     ] GC(1) Pause Young (Concurrent Start) (Metadata GC Threshold)
[2019-08-30T15:27:14.450-0530][gc,task      ] GC(1) Using 4 workers of 4 for evacuation
[2019-08-30T15:27:14.471-0530][gc,mmu       ] GC(1) MMU target violated: 21.0ms (20.0ms/21.0ms)
[2019-08-30T15:27:14.472-0530][gc,phases    ] GC(1)   Pre Evacuate Collection Set: 0.1ms
[2019-08-30T15:27:14.472-0530][gc,phases    ] GC(1)   Evacuate Collection Set: 20.9ms
[2019-08-30T15:27:14.472-0530][gc,phases    ] GC(1)   Post Evacuate Collection Set: 0.4ms
[2019-08-30T15:27:14.472-0530][gc,phases    ] GC(1)   Other: 0.4ms
[2019-08-30T15:27:14.472-0530][gc,heap      ] GC(1) Eden regions: 13->0(50)
[2019-08-30T15:27:14.472-0530][gc,heap      ] GC(1) Survivor regions: 6->1(7)
[2019-08-30T15:27:14.472-0530][gc,heap      ] GC(1) Old regions: 0->6
[2019-08-30T15:27:14.472-0530][gc,heap      ] GC(1) Archive regions: 2->2
[2019-08-30T15:27:14.472-0530][gc,heap      ] GC(1) Humongous regions: 0->0
[2019-08-30T15:27:14.472-0530][gc,metaspace ] GC(1) Metaspace: 20249K->20249K(1067008K)
[2019-08-30T15:27:14.472-0530][gc           ] GC(1) Pause Young (Concurrent Start) (Metadata GC Threshold) 19M->7M(1024M) 22.041ms
[2019-08-30T15:27:14.472-0530][gc,cpu       ] GC(1) User=0.05s Sys=0.01s Real=0.02s
[2019-08-30T15:27:14.472-0530][gc           ] GC(2) Concurrent Cycle
[2019-08-30T15:27:14.472-0530][gc,marking   ] GC(2) Concurrent Clear Claimed Marks
[2019-08-30T15:27:14.472-0530][gc,marking   ] GC(2) Concurrent Clear Claimed Marks 0.069ms
[2019-08-30T15:27:14.472-0530][gc,marking   ] GC(2) Concurrent Scan Root Regions
[2019-08-30T15:27:14.480-0530][gc,marking   ] GC(2) Concurrent Scan Root Regions 8.170ms
[2019-08-30T15:27:14.480-0530][gc,marking   ] GC(2) Concurrent Mark (6.119s)
[2019-08-30T15:27:14.480-0530][gc,marking   ] GC(2) Concurrent Mark From Roots
[2019-08-30T15:27:14.480-0530][gc,task      ] GC(2) Using 1 workers of 1 for marking
[2019-08-30T15:27:14.482-0530][gc,marking   ] GC(2) Concurrent Mark From Roots 1.744ms
[2019-08-30T15:27:14.482-0530][gc,marking   ] GC(2) Concurrent Preclean
[2019-08-30T15:27:14.482-0530][gc,marking   ] GC(2) Concurrent Preclean 0.047ms
[2019-08-30T15:27:14.482-0530][gc,marking   ] GC(2) Concurrent Mark (6.119s, 6.121s) 1.989ms
[2019-08-30T15:27:14.482-0530][gc,start     ] GC(2) Pause Remark
[2019-08-30T15:27:14.484-0530][gc,stringtable] GC(2) Cleaned string table, strings: 4661 processed, 0 removed
[2019-08-30T15:27:14.485-0530][gc            ] GC(2) Pause Remark 7M->7M(1024M) 2.259ms
[2019-08-30T15:27:14.485-0530][gc,cpu        ] GC(2) User=0.00s Sys=0.00s Real=0.00s
[2019-08-30T15:27:14.485-0530][gc,marking    ] GC(2) Concurrent Rebuild Remembered Sets
[2019-08-30T15:27:14.491-0530][gc,marking    ] GC(2) Concurrent Rebuild Remembered Sets 5.818ms
[2019-08-30T15:27:14.492-0530][gc,start      ] GC(2) Pause Cleanup
[2019-08-30T15:27:14.492-0530][gc            ] GC(2) Pause Cleanup 7M->7M(1024M) 0.411ms
[2019-08-30T15:27:14.492-0530][gc,cpu        ] GC(2) User=0.01s Sys=0.00s Real=0.00s
[2019-08-30T15:27:14.493-0530][gc,marking    ] GC(2) Concurrent Cleanup for Next Mark
[2019-08-30T15:27:14.510-0530][gc,marking    ] GC(2) Concurrent Cleanup for Next Mark 17.432ms
[2019-08-30T15:27:14.510-0530][gc            ] GC(2) Concurrent Cycle 38.173ms
[2019-08-30T15:27:18.332-0530][gc,start      ] GC(3) Pause Young (Normal) (G1 Evacuation Pause)
[2019-08-30T15:27:18.332-0530][gc,task       ] GC(3) Using 4 workers of 4 for evacuation
[2019-08-30T15:27:18.340-0530][gc,phases     ] GC(3)   Pre Evacuate Collection Set: 0.0ms
[2019-08-30T15:27:18.340-0530][gc,phases     ] GC(3)   Evacuate Collection Set: 7.6ms
[2019-08-30T15:27:18.341-0530][gc,phases     ] GC(3)   Post Evacuate Collection Set: 0.4ms
[2019-08-30T15:27:18.341-0530][gc,phases     ] GC(3)   Other: 0.2ms
[2019-08-30T15:27:18.341-0530][gc,heap       ] GC(3) Eden regions: 50->0(46)
[2019-08-30T15:27:18.341-0530][gc,heap       ] GC(3) Survivor regions: 1->5(7)
[2019-08-30T15:27:18.341-0530][gc,heap       ] GC(3) Old regions: 6->6
[2019-08-30T15:27:18.341-0530][gc,heap       ] GC(3) Archive regions: 2->2
[2019-08-30T15:27:18.341-0530][gc,heap       ] GC(3) Humongous regions: 129->129
[2019-08-30T15:27:18.341-0530][gc,metaspace  ] GC(3) Metaspace: 27850K->27850K(1075200K)
[2019-08-30T15:27:18.341-0530][gc            ] GC(3) Pause Young (Normal) (G1 Evacuation Pause) 186M->140M(1024M) 8.514ms
[2019-08-30T15:27:18.341-0530][gc,cpu        ] GC(3) User=0.03s Sys=0.00s Real=0.01s
[2019-08-30T15:27:21.652-0530][gc,start      ] GC(4) Pause Young (Normal) (G1 Evacuation Pause)
[2019-08-30T15:27:21.652-0530][gc,task       ] GC(4) Using 4 workers of 4 for evacuation
[2019-08-30T15:27:21.664-0530][gc,phases     ] GC(4)   Pre Evacuate Collection Set: 0.0ms
[2019-08-30T15:27:21.664-0530][gc,phases     ] GC(4)   Evacuate Collection Set: 11.9ms
[2019-08-30T15:27:21.664-0530][gc,phases     ] GC(4)   Post Evacuate Collection Set: 0.6ms
[2019-08-30T15:27:21.664-0530][gc,phases     ] GC(4)   Other: 0.3ms
[2019-08-30T15:27:21.664-0530][gc,heap       ] GC(4) Eden regions: 46->0(49)
[2019-08-30T15:27:21.664-0530][gc,heap       ] GC(4) Survivor regions: 5->2(7)
[2019-08-30T15:27:21.664-0530][gc,heap       ] GC(4) Old regions: 6->11
[2019-08-30T15:27:21.664-0530][gc,heap       ] GC(4) Archive regions: 2->2
[2019-08-30T15:27:21.665-0530][gc,heap       ] GC(4) Humongous regions: 147->135
[2019-08-30T15:27:21.665-0530][gc,metaspace  ] GC(4) Metaspace: 32682K->32682K(1079296K)
[2019-08-30T15:27:21.665-0530][gc            ] GC(4) Pause Young (Normal) (G1 Evacuation Pause) 204M->148M(1024M) 12.981ms
[2019-08-30T15:27:21.665-0530][gc,cpu        ] GC(4) User=0.03s Sys=0.00s Real=0.01s
[2019-08-30T15:27:29.232-0530][gc,start      ] GC(5) Pause Young (Concurrent Start) (Metadata GC Threshold)
[2019-08-30T15:27:29.243-0530][gc,task       ] GC(5) Using 4 workers of 4 for evacuation
[2019-08-30T15:27:29.254-0530][gc,phases     ] GC(5)   Pre Evacuate Collection Set: 0.2ms
[2019-08-30T15:27:29.254-0530][gc,phases     ] GC(5)   Evacuate Collection Set: 9.1ms
[2019-08-30T15:27:29.254-0530][gc,phases     ] GC(5)   Post Evacuate Collection Set: 0.5ms
[2019-08-30T15:27:29.254-0530][gc,phases     ] GC(5)   Other: 12.1ms
[2019-08-30T15:27:29.254-0530][gc,heap       ] GC(5) Eden regions: 22->0(48)
[2019-08-30T15:27:29.254-0530][gc,heap       ] GC(5) Survivor regions: 2->3(7)
[2019-08-30T15:27:29.254-0530][gc,heap       ] GC(5) Old regions: 11->11
[2019-08-30T15:27:29.254-0530][gc,heap       ] GC(5) Archive regions: 2->2
[2019-08-30T15:27:29.254-0530][gc,heap       ] GC(5) Humongous regions: 171->129
[2019-08-30T15:27:29.254-0530][gc,metaspace  ] GC(5) Metaspace: 33643K->33643K(1079296K)
[2019-08-30T15:27:29.254-0530][gc            ] GC(5) Pause Young (Concurrent Start) (Metadata GC Threshold) 205M->142M(1024M) 22.272ms
[2019-08-30T15:27:29.254-0530][gc,cpu        ] GC(5) User=0.02s Sys=0.00s Real=0.02s
[2019-08-30T15:27:29.254-0530][gc            ] GC(6) Concurrent Cycle
[2019-08-30T15:27:29.254-0530][gc,marking    ] GC(6) Concurrent Clear Claimed Marks
[2019-08-30T15:27:29.254-0530][gc,marking    ] GC(6) Concurrent Clear Claimed Marks 0.156ms
[2019-08-30T15:27:29.254-0530][gc,marking    ] GC(6) Concurrent Scan Root Regions
[2019-08-30T15:27:29.259-0530][gc,marking    ] GC(6) Concurrent Scan Root Regions 4.437ms
[2019-08-30T15:27:29.259-0530][gc,marking    ] GC(6) Concurrent Mark (20.898s)
[2019-08-30T15:27:29.259-0530][gc,marking    ] GC(6) Concurrent Mark From Roots
[2019-08-30T15:27:29.259-0530][gc,task       ] GC(6) Using 1 workers of 1 for marking
[2019-08-30T15:27:29.299-0530][gc,marking    ] GC(6) Concurrent Mark From Roots 40.125ms
[2019-08-30T15:27:29.299-0530][gc,marking    ] GC(6) Concurrent Preclean
[2019-08-30T15:27:29.299-0530][gc,marking    ] GC(6) Concurrent Preclean 0.160ms
[2019-08-30T15:27:29.299-0530][gc,marking    ] GC(6) Concurrent Mark (20.898s, 20.938s) 40.433ms
[2019-08-30T15:27:29.299-0530][gc,start      ] GC(6) Pause Remark
[2019-08-30T15:27:29.311-0530][gc,stringtable] GC(6) Cleaned string table, strings: 8969 processed, 13 removed
[2019-08-30T15:27:29.311-0530][gc            ] GC(6) Pause Remark 142M->142M(1024M) 11.618ms
[2019-08-30T15:27:29.311-0530][gc,cpu        ] GC(6) User=0.03s Sys=0.00s Real=0.02s
[2019-08-30T15:27:29.311-0530][gc,marking    ] GC(6) Concurrent Rebuild Remembered Sets
[2019-08-30T15:27:29.330-0530][gc,marking    ] GC(6) Concurrent Rebuild Remembered Sets 19.185ms
[2019-08-30T15:27:29.331-0530][gc,start      ] GC(6) Pause Cleanup
[2019-08-30T15:27:29.331-0530][gc            ] GC(6) Pause Cleanup 142M->142M(1024M) 0.279ms
[2019-08-30T15:27:29.332-0530][gc,cpu        ] GC(6) User=0.01s Sys=0.00s Real=0.00s
[2019-08-30T15:27:29.332-0530][gc,marking    ] GC(6) Concurrent Cleanup for Next Mark
[2019-08-30T15:27:29.353-0530][gc,marking    ] GC(6) Concurrent Cleanup for Next Mark 21.758ms
[2019-08-30T15:27:29.353-0530][gc            ] GC(6) Concurrent Cycle 99.398ms
[2019-08-30T15:30:56.523-0530][gc,start      ] GC(7) Pause Young (Normal) (G1 Evacuation Pause)
[2019-08-30T15:30:56.530-0530][gc,task       ] GC(7) Using 4 workers of 4 for evacuation
[2019-08-30T15:30:56.539-0530][gc,phases     ] GC(7)   Pre Evacuate Collection Set: 0.1ms
[2019-08-30T15:30:56.539-0530][gc,phases     ] GC(7)   Evacuate Collection Set: 8.0ms
[2019-08-30T15:30:56.539-0530][gc,phases     ] GC(7)   Post Evacuate Collection Set: 0.6ms
[2019-08-30T15:30:56.539-0530][gc,phases     ] GC(7)   Other: 7.7ms
[2019-08-30T15:30:56.539-0530][gc,heap       ] GC(7) Eden regions: 48->0(46)
[2019-08-30T15:30:56.539-0530][gc,heap       ] GC(7) Survivor regions: 3->5(7)
[2019-08-30T15:30:56.539-0530][gc,heap       ] GC(7) Old regions: 11->11
[2019-08-30T15:30:56.539-0530][gc,heap       ] GC(7) Archive regions: 2->2
[2019-08-30T15:30:56.539-0530][gc,heap       ] GC(7) Humongous regions: 129->129
[2019-08-30T15:30:56.539-0530][gc,metaspace  ] GC(7) Metaspace: 37574K->37574K(1083392K)
[2019-08-30T15:30:56.539-0530][gc            ] GC(7) Pause Young (Normal) (G1 Evacuation Pause) 190M->144M(1024M) 16.673ms
[2019-08-30T15:30:56.539-0530][gc,cpu        ] GC(7) User=0.03s Sys=0.00s Real=0.01s
[2019-08-30T15:33:55.821-0530][gc,start      ] GC(8) Pause Young (Normal) (G1 Evacuation Pause)
[2019-08-30T15:33:55.862-0530][gc,task       ] GC(8) Using 4 workers of 4 for evacuation
[2019-08-30T15:33:55.875-0530][gc,phases     ] GC(8)   Pre Evacuate Collection Set: 0.0ms
[2019-08-30T15:33:55.875-0530][gc,phases     ] GC(8)   Evacuate Collection Set: 11.3ms
[2019-08-30T15:33:55.875-0530][gc,phases     ] GC(8)   Post Evacuate Collection Set: 1.1ms
[2019-08-30T15:33:55.875-0530][gc,phases     ] GC(8)   Other: 41.2ms
[2019-08-30T15:33:55.875-0530][gc,heap       ] GC(8) Eden regions: 46->0(47)
[2019-08-30T15:33:55.875-0530][gc,heap       ] GC(8) Survivor regions: 5->4(7)
[2019-08-30T15:33:55.875-0530][gc,heap       ] GC(8) Old regions: 11->12
[2019-08-30T15:33:55.875-0530][gc,heap       ] GC(8) Archive regions: 2->2
[2019-08-30T15:33:55.875-0530][gc,heap       ] GC(8) Humongous regions: 129->129
[2019-08-30T15:33:55.875-0530][gc,metaspace  ] GC(8) Metaspace: 37777K->37777K(1083392K)
[2019-08-30T15:33:55.875-0530][gc            ] GC(8) Pause Young (Normal) (G1 Evacuation Pause) 190M->144M(1024M) 53.956ms
[2019-08-30T15:33:55.875-0530][gc,cpu        ] GC(8) User=0.04s Sys=0.01s Real=0.05s
[2019-08-30T15:40:31.095-0530][gc,start      ] GC(9) Pause Young (Normal) (G1 Evacuation Pause)
[2019-08-30T15:40:31.138-0530][gc,task       ] GC(9) Using 4 workers of 4 for evacuation
[2019-08-30T15:40:31.146-0530][gc,phases     ] GC(9)   Pre Evacuate Collection Set: 0.0ms
[2019-08-30T15:40:31.146-0530][gc,phases     ] GC(9)   Evacuate Collection Set: 7.3ms
[2019-08-30T15:40:31.146-0530][gc,phases     ] GC(9)   Post Evacuate Collection Set: 0.4ms
[2019-08-30T15:40:31.146-0530][gc,phases     ] GC(9)   Other: 43.2ms
[2019-08-30T15:40:31.147-0530][gc,heap       ] GC(9) Eden regions: 47->0(46)
[2019-08-30T15:40:31.147-0530][gc,heap       ] GC(9) Survivor regions: 4->5(7)
[2019-08-30T15:40:31.147-0530][gc,heap       ] GC(9) Old regions: 12->12
[2019-08-30T15:40:31.147-0530][gc,heap       ] GC(9) Archive regions: 2->2
[2019-08-30T15:40:31.147-0530][gc,heap       ] GC(9) Humongous regions: 129->129
[2019-08-30T15:40:31.147-0530][gc,metaspace  ] GC(9) Metaspace: 37949K->37949K(1083392K)
[2019-08-30T15:40:31.147-0530][gc            ] GC(9) Pause Young (Normal) (G1 Evacuation Pause) 191M->145M(1024M) 51.263ms
[2019-08-30T15:40:31.147-0530][gc,cpu        ] GC(9) User=0.03s Sys=0.00s Real=0.05s
[2019-08-30T15:43:57.837-0530][gc,start      ] GC(10) Pause Young (Normal) (G1 Evacuation Pause)
[2019-08-30T15:43:57.883-0530][gc,task       ] GC(10) Using 4 workers of 4 for evacuation
[2019-08-30T15:43:57.891-0530][gc,phases     ] GC(10)   Pre Evacuate Collection Set: 0.0ms
[2019-08-30T15:43:57.891-0530][gc,phases     ] GC(10)   Evacuate Collection Set: 7.2ms
[2019-08-30T15:43:57.891-0530][gc,phases     ] GC(10)   Post Evacuate Collection Set: 0.4ms
[2019-08-30T15:43:57.891-0530][gc,phases     ] GC(10)   Other: 47.0ms
[2019-08-30T15:43:57.891-0530][gc,heap       ] GC(10) Eden regions: 46->0(48)
[2019-08-30T15:43:57.891-0530][gc,heap       ] GC(10) Survivor regions: 5->3(7)
[2019-08-30T15:43:57.891-0530][gc,heap       ] GC(10) Old regions: 12->14
[2019-08-30T15:43:57.891-0530][gc,heap       ] GC(10) Archive regions: 2->2
[2019-08-30T15:43:57.891-0530][gc,heap       ] GC(10) Humongous regions: 129->129
[2019-08-30T15:43:57.891-0530][gc,metaspace  ] GC(10) Metaspace: 38126K->38126K(1083392K)
[2019-08-30T15:43:57.891-0530][gc            ] GC(10) Pause Young (Normal) (G1 Evacuation Pause) 191M->145M(1024M) 54.863ms
[2019-08-30T15:43:57.891-0530][gc,cpu        ] GC(10) User=0.03s Sys=0.01s Real=0.06s
[2019-08-30T15:46:25.803-0530][gc,start      ] GC(11) Pause Young (Normal) (G1 Evacuation Pause)
[2019-08-30T15:46:25.836-0530][gc,task       ] GC(11) Using 4 workers of 4 for evacuation
[2019-08-30T15:46:25.844-0530][gc,phases     ] GC(11)   Pre Evacuate Collection Set: 0.1ms
[2019-08-30T15:46:25.844-0530][gc,phases     ] GC(11)   Evacuate Collection Set: 7.7ms
[2019-08-30T15:46:25.844-0530][gc,phases     ] GC(11)   Post Evacuate Collection Set: 0.4ms
[2019-08-30T15:46:25.844-0530][gc,phases     ] GC(11)   Other: 33.2ms
[2019-08-30T15:46:25.844-0530][gc,heap       ] GC(11) Eden regions: 48->0(47)
[2019-08-30T15:46:25.844-0530][gc,heap       ] GC(11) Survivor regions: 3->4(7)
[2019-08-30T15:46:25.844-0530][gc,heap       ] GC(11) Old regions: 14->14
[2019-08-30T15:46:25.844-0530][gc,heap       ] GC(11) Archive regions: 2->2
[2019-08-30T15:46:25.844-0530][gc,heap       ] GC(11) Humongous regions: 129->129
[2019-08-30T15:46:25.844-0530][gc,metaspace  ] GC(11) Metaspace: 38225K->38225K(1083392K)
[2019-08-30T15:46:25.844-0530][gc            ] GC(11) Pause Young (Normal) (G1 Evacuation Pause) 193M->146M(1024M) 41.694ms
[2019-08-30T15:46:25.844-0530][gc,cpu        ] GC(11) User=0.03s Sys=0.01s Real=0.04s
[2019-08-30T15:50:04.560-0530][gc,start      ] GC(12) Pause Young (Normal) (G1 Evacuation Pause)
[2019-08-30T15:50:04.579-0530][gc,task       ] GC(12) Using 4 workers of 4 for evacuation
[2019-08-30T15:50:04.585-0530][gc,phases     ] GC(12)   Pre Evacuate Collection Set: 0.0ms
[2019-08-30T15:50:04.585-0530][gc,phases     ] GC(12)   Evacuate Collection Set: 5.1ms
[2019-08-30T15:50:04.585-0530][gc,phases     ] GC(12)   Post Evacuate Collection Set: 0.4ms
[2019-08-30T15:50:04.585-0530][gc,phases     ] GC(12)   Other: 19.7ms
[2019-08-30T15:50:04.585-0530][gc,heap       ] GC(12) Eden regions: 47->0(47)
[2019-08-30T15:50:04.585-0530][gc,heap       ] GC(12) Survivor regions: 4->4(7)
[2019-08-30T15:50:04.585-0530][gc,heap       ] GC(12) Old regions: 14->14
[2019-08-30T15:50:04.585-0530][gc,heap       ] GC(12) Archive regions: 2->2
[2019-08-30T15:50:04.585-0530][gc,heap       ] GC(12) Humongous regions: 129->129
[2019-08-30T15:50:04.585-0530][gc,metaspace  ] GC(12) Metaspace: 38405K->38405K(1083392K)
[2019-08-30T15:50:04.585-0530][gc            ] GC(12) Pause Young (Normal) (G1 Evacuation Pause) 193M->146M(1024M) 25.496ms
[2019-08-30T15:50:04.585-0530][gc,cpu        ] GC(12) User=0.02s Sys=0.00s Real=0.02s
[2019-08-30T15:56:47.202-0530][gc,start      ] GC(13) Pause Young (Normal) (G1 Evacuation Pause)
[2019-08-30T15:56:47.202-0530][gc,task       ] GC(13) Using 4 workers of 4 for evacuation
[2019-08-30T15:56:47.209-0530][gc,phases     ] GC(13)   Pre Evacuate Collection Set: 0.0ms
[2019-08-30T15:56:47.209-0530][gc,phases     ] GC(13)   Evacuate Collection Set: 6.1ms
[2019-08-30T15:56:47.209-0530][gc,phases     ] GC(13)   Post Evacuate Collection Set: 0.4ms
[2019-08-30T15:56:47.209-0530][gc,phases     ] GC(13)   Other: 0.3ms
[2019-08-30T15:56:47.209-0530][gc,heap       ] GC(13) Eden regions: 47->0(55)
[2019-08-30T15:56:47.209-0530][gc,heap       ] GC(13) Survivor regions: 4->4(7)
[2019-08-30T15:56:47.209-0530][gc,heap       ] GC(13) Old regions: 14->14
[2019-08-30T15:56:47.209-0530][gc,heap       ] GC(13) Archive regions: 2->2
[2019-08-30T15:56:47.209-0530][gc,heap       ] GC(13) Humongous regions: 129->129
[2019-08-30T15:56:47.209-0530][gc,metaspace  ] GC(13) Metaspace: 38726K->38726K(1083392K)
[2019-08-30T15:56:47.209-0530][gc            ] GC(13) Pause Young (Normal) (G1 Evacuation Pause) 193M->146M(1024M) 7.037ms
[2019-08-30T15:56:47.209-0530][gc,cpu        ] GC(13) User=0.02s Sys=0.00s Real=0.00s
[2019-08-30T16:01:12.621-0530][gc,heap,exit  ] Heap
[2019-08-30T16:01:12.705-0530][gc,heap,exit  ]  garbage-first heap   total 1048576K, used 194496K [0x00000007c0000000, 0x0000000800000000)
[2019-08-30T16:01:12.705-0530][gc,heap,exit  ]   region size 1024K, 49 young (50176K), 4 survivors (4096K)
[2019-08-30T16:01:12.705-0530][gc,heap,exit  ]  Metaspace       used 39736K, capacity 42834K, committed 43052K, reserved 1085440K
[2019-08-30T16:01:12.705-0530][gc,heap,exit  ]   class space    used 5823K, capacity 7263K, committed 7296K, reserved 1048576K
