[2019-08-30T16:01:34.600-0530][gc,heap] Heap region size: 1M
[2019-08-30T16:01:34.628-0530][gc     ] Using G1
[2019-08-30T16:01:34.628-0530][gc,heap,coops] Heap address: 0x00000007c0000000, size: 1024 MB, Compressed Oops mode: Zero based, Oop shift amount: 3
[2019-08-30T16:01:34.629-0530][gc,cds       ] Mark closed archive regions in map: [0x00000007fff00000, 0x00000007fff6fff8]
[2019-08-30T16:01:34.629-0530][gc,cds       ] Mark open archive regions in map: [0x00000007ffe00000, 0x00000007ffe47ff8]
[2019-08-30T16:01:34.724-0530][gc           ] Periodic GC disabled
[2019-08-30T16:01:39.767-0530][gc,start     ] GC(0) Pause Young (Normal) (G1 Evacuation Pause)
[2019-08-30T16:01:39.768-0530][gc,task      ] GC(0) Using 4 workers of 4 for evacuation
[2019-08-30T16:01:39.791-0530][gc,mmu       ] GC(0) MMU target violated: 21.0ms (20.0ms/21.0ms)
[2019-08-30T16:01:39.791-0530][gc,phases    ] GC(0)   Pre Evacuate Collection Set: 0.0ms
[2019-08-30T16:01:39.791-0530][gc,phases    ] GC(0)   Evacuate Collection Set: 22.0ms
[2019-08-30T16:01:39.791-0530][gc,phases    ] GC(0)   Post Evacuate Collection Set: 0.7ms
[2019-08-30T16:01:39.791-0530][gc,phases    ] GC(0)   Other: 1.3ms
[2019-08-30T16:01:39.791-0530][gc,heap      ] GC(0) Eden regions: 51->0(45)
[2019-08-30T16:01:39.791-0530][gc,heap      ] GC(0) Survivor regions: 0->6(7)
[2019-08-30T16:01:39.791-0530][gc,heap      ] GC(0) Old regions: 0->0
[2019-08-30T16:01:39.791-0530][gc,heap      ] GC(0) Archive regions: 2->2
[2019-08-30T16:01:39.791-0530][gc,heap      ] GC(0) Humongous regions: 0->0
[2019-08-30T16:01:39.791-0530][gc,metaspace ] GC(0) Metaspace: 16978K->16978K(1064960K)
[2019-08-30T16:01:39.791-0530][gc           ] GC(0) Pause Young (Normal) (G1 Evacuation Pause) 51M->6M(1024M) 24.313ms
[2019-08-30T16:01:39.791-0530][gc,cpu       ] GC(0) User=0.03s Sys=0.00s Real=0.03s
[2019-08-30T16:01:40.598-0530][gc,start     ] GC(1) Pause Young (Concurrent Start) (Metadata GC Threshold)
[2019-08-30T16:01:40.598-0530][gc,task      ] GC(1) Using 4 workers of 4 for evacuation
[2019-08-30T16:01:40.619-0530][gc,mmu       ] GC(1) MMU target violated: 20.8ms (20.0ms/21.0ms)
[2019-08-30T16:01:40.619-0530][gc,phases    ] GC(1)   Pre Evacuate Collection Set: 0.1ms
[2019-08-30T16:01:40.619-0530][gc,phases    ] GC(1)   Evacuate Collection Set: 20.1ms
[2019-08-30T16:01:40.619-0530][gc,phases    ] GC(1)   Post Evacuate Collection Set: 0.5ms
[2019-08-30T16:01:40.619-0530][gc,phases    ] GC(1)   Other: 0.4ms
[2019-08-30T16:01:40.619-0530][gc,heap      ] GC(1) Eden regions: 13->0(50)
[2019-08-30T16:01:40.619-0530][gc,heap      ] GC(1) Survivor regions: 6->1(7)
[2019-08-30T16:01:40.619-0530][gc,heap      ] GC(1) Old regions: 0->6
[2019-08-30T16:01:40.619-0530][gc,heap      ] GC(1) Archive regions: 2->2
[2019-08-30T16:01:40.619-0530][gc,heap      ] GC(1) Humongous regions: 0->0
[2019-08-30T16:01:40.619-0530][gc,metaspace ] GC(1) Metaspace: 20299K->20299K(1067008K)
[2019-08-30T16:01:40.619-0530][gc           ] GC(1) Pause Young (Concurrent Start) (Metadata GC Threshold) 19M->7M(1024M) 21.227ms
[2019-08-30T16:01:40.619-0530][gc,cpu       ] GC(1) User=0.05s Sys=0.01s Real=0.02s
[2019-08-30T16:01:40.619-0530][gc           ] GC(2) Concurrent Cycle
[2019-08-30T16:01:40.619-0530][gc,marking   ] GC(2) Concurrent Clear Claimed Marks
[2019-08-30T16:01:40.619-0530][gc,marking   ] GC(2) Concurrent Clear Claimed Marks 0.065ms
[2019-08-30T16:01:40.619-0530][gc,marking   ] GC(2) Concurrent Scan Root Regions
[2019-08-30T16:01:40.627-0530][gc,marking   ] GC(2) Concurrent Scan Root Regions 7.387ms
[2019-08-30T16:01:40.627-0530][gc,marking   ] GC(2) Concurrent Mark (6.061s)
[2019-08-30T16:01:40.627-0530][gc,marking   ] GC(2) Concurrent Mark From Roots
[2019-08-30T16:01:40.627-0530][gc,task      ] GC(2) Using 1 workers of 1 for marking
[2019-08-30T16:01:40.630-0530][gc,marking   ] GC(2) Concurrent Mark From Roots 3.424ms
[2019-08-30T16:01:40.630-0530][gc,marking   ] GC(2) Concurrent Preclean
[2019-08-30T16:01:40.630-0530][gc,marking   ] GC(2) Concurrent Preclean 0.086ms
[2019-08-30T16:01:40.630-0530][gc,marking   ] GC(2) Concurrent Mark (6.061s, 6.064s) 3.720ms
[2019-08-30T16:01:40.631-0530][gc,start     ] GC(2) Pause Remark
[2019-08-30T16:01:40.632-0530][gc,stringtable] GC(2) Cleaned string table, strings: 4662 processed, 0 removed
[2019-08-30T16:01:40.632-0530][gc            ] GC(2) Pause Remark 7M->7M(1024M) 1.511ms
[2019-08-30T16:01:40.632-0530][gc,cpu        ] GC(2) User=0.01s Sys=0.00s Real=0.00s
[2019-08-30T16:01:40.632-0530][gc,marking    ] GC(2) Concurrent Rebuild Remembered Sets
[2019-08-30T16:01:40.639-0530][gc,marking    ] GC(2) Concurrent Rebuild Remembered Sets 7.279ms
[2019-08-30T16:01:40.641-0530][gc,start      ] GC(2) Pause Cleanup
[2019-08-30T16:01:40.641-0530][gc            ] GC(2) Pause Cleanup 7M->7M(1024M) 0.213ms
[2019-08-30T16:01:40.641-0530][gc,cpu        ] GC(2) User=0.00s Sys=0.00s Real=0.00s
[2019-08-30T16:01:40.641-0530][gc,marking    ] GC(2) Concurrent Cleanup for Next Mark
[2019-08-30T16:01:40.658-0530][gc,marking    ] GC(2) Concurrent Cleanup for Next Mark 16.871ms
[2019-08-30T16:01:40.658-0530][gc            ] GC(2) Concurrent Cycle 39.010ms
[2019-08-30T16:01:48.267-0530][gc,start      ] GC(3) Pause Young (Normal) (G1 Evacuation Pause)
[2019-08-30T16:01:48.285-0530][gc,task       ] GC(3) Using 4 workers of 4 for evacuation
[2019-08-30T16:01:48.293-0530][gc,phases     ] GC(3)   Pre Evacuate Collection Set: 0.0ms
[2019-08-30T16:01:48.293-0530][gc,phases     ] GC(3)   Evacuate Collection Set: 7.0ms
[2019-08-30T16:01:48.293-0530][gc,phases     ] GC(3)   Post Evacuate Collection Set: 0.5ms
[2019-08-30T16:01:48.293-0530][gc,phases     ] GC(3)   Other: 18.8ms
[2019-08-30T16:01:48.293-0530][gc,heap       ] GC(3) Eden regions: 50->0(46)
[2019-08-30T16:01:48.293-0530][gc,heap       ] GC(3) Survivor regions: 1->5(7)
[2019-08-30T16:01:48.293-0530][gc,heap       ] GC(3) Old regions: 6->6
[2019-08-30T16:01:48.293-0530][gc,heap       ] GC(3) Archive regions: 2->2
[2019-08-30T16:01:48.293-0530][gc,heap       ] GC(3) Humongous regions: 129->129
[2019-08-30T16:01:48.293-0530][gc,metaspace  ] GC(3) Metaspace: 29078K->29078K(1075200K)
[2019-08-30T16:01:48.293-0530][gc            ] GC(3) Pause Young (Normal) (G1 Evacuation Pause) 186M->140M(1024M) 26.543ms
[2019-08-30T16:01:48.293-0530][gc,cpu        ] GC(3) User=0.03s Sys=0.00s Real=0.03s
[2019-08-30T16:02:35.453-0530][gc,start      ] GC(4) Pause Young (Concurrent Start) (Metadata GC Threshold)
[2019-08-30T16:02:35.466-0530][gc,task       ] GC(4) Using 4 workers of 4 for evacuation
[2019-08-30T16:02:35.482-0530][gc,phases     ] GC(4)   Pre Evacuate Collection Set: 0.1ms
[2019-08-30T16:02:35.482-0530][gc,phases     ] GC(4)   Evacuate Collection Set: 15.2ms
[2019-08-30T16:02:35.482-0530][gc,phases     ] GC(4)   Post Evacuate Collection Set: 0.9ms
[2019-08-30T16:02:35.483-0530][gc,phases     ] GC(4)   Other: 13.1ms
[2019-08-30T16:02:35.483-0530][gc,heap       ] GC(4) Eden regions: 30->0(49)
[2019-08-30T16:02:35.483-0530][gc,heap       ] GC(4) Survivor regions: 5->2(7)
[2019-08-30T16:02:35.483-0530][gc,heap       ] GC(4) Old regions: 6->11
[2019-08-30T16:02:35.483-0530][gc,heap       ] GC(4) Archive regions: 2->2
[2019-08-30T16:02:35.483-0530][gc,heap       ] GC(4) Humongous regions: 129->129
[2019-08-30T16:02:35.483-0530][gc,metaspace  ] GC(4) Metaspace: 33640K->33640K(1079296K)
[2019-08-30T16:02:35.483-0530][gc            ] GC(4) Pause Young (Concurrent Start) (Metadata GC Threshold) 169M->141M(1024M) 29.695ms
[2019-08-30T16:02:35.483-0530][gc,cpu        ] GC(4) User=0.03s Sys=0.00s Real=0.03s
[2019-08-30T16:02:35.483-0530][gc            ] GC(5) Concurrent Cycle
[2019-08-30T16:02:35.483-0530][gc,marking    ] GC(5) Concurrent Clear Claimed Marks
[2019-08-30T16:02:35.483-0530][gc,marking    ] GC(5) Concurrent Clear Claimed Marks 0.151ms
[2019-08-30T16:02:35.483-0530][gc,marking    ] GC(5) Concurrent Scan Root Regions
[2019-08-30T16:02:35.493-0530][gc,marking    ] GC(5) Concurrent Scan Root Regions 9.721ms
[2019-08-30T16:02:35.493-0530][gc,marking    ] GC(5) Concurrent Mark (60.928s)
[2019-08-30T16:02:35.493-0530][gc,marking    ] GC(5) Concurrent Mark From Roots
[2019-08-30T16:02:35.493-0530][gc,task       ] GC(5) Using 1 workers of 1 for marking
[2019-08-30T16:02:35.505-0530][gc,marking    ] GC(5) Concurrent Mark From Roots 12.001ms
[2019-08-30T16:02:35.505-0530][gc,marking    ] GC(5) Concurrent Preclean
[2019-08-30T16:02:35.505-0530][gc,marking    ] GC(5) Concurrent Preclean 0.088ms
[2019-08-30T16:02:35.505-0530][gc,marking    ] GC(5) Concurrent Mark (60.928s, 60.940s) 12.212ms
[2019-08-30T16:02:35.505-0530][gc,start      ] GC(5) Pause Remark
[2019-08-30T16:02:35.508-0530][gc,stringtable] GC(5) Cleaned string table, strings: 8257 processed, 9 removed
[2019-08-30T16:02:35.508-0530][gc            ] GC(5) Pause Remark 142M->142M(1024M) 2.918ms
[2019-08-30T16:02:35.508-0530][gc,cpu        ] GC(5) User=0.01s Sys=0.00s Real=0.00s
[2019-08-30T16:02:35.508-0530][gc,marking    ] GC(5) Concurrent Rebuild Remembered Sets
[2019-08-30T16:02:35.527-0530][gc,marking    ] GC(5) Concurrent Rebuild Remembered Sets 18.688ms
[2019-08-30T16:02:35.527-0530][gc,start      ] GC(5) Pause Cleanup
[2019-08-30T16:02:35.528-0530][gc            ] GC(5) Pause Cleanup 142M->142M(1024M) 0.217ms
[2019-08-30T16:02:35.528-0530][gc,cpu        ] GC(5) User=0.00s Sys=0.00s Real=0.00s
[2019-08-30T16:02:35.528-0530][gc,marking    ] GC(5) Concurrent Cleanup for Next Mark
[2019-08-30T16:02:35.550-0530][gc,marking    ] GC(5) Concurrent Cleanup for Next Mark 21.855ms
[2019-08-30T16:02:35.550-0530][gc            ] GC(5) Concurrent Cycle 66.748ms
[2019-08-30T16:04:17.595-0530][gc,start      ] GC(6) Pause Young (Normal) (G1 Evacuation Pause)
[2019-08-30T16:04:17.631-0530][gc,task       ] GC(6) Using 4 workers of 4 for evacuation
[2019-08-30T16:04:17.642-0530][gc,phases     ] GC(6)   Pre Evacuate Collection Set: 0.1ms
[2019-08-30T16:04:17.642-0530][gc,phases     ] GC(6)   Evacuate Collection Set: 9.5ms
[2019-08-30T16:04:17.642-0530][gc,phases     ] GC(6)   Post Evacuate Collection Set: 0.5ms
[2019-08-30T16:04:17.642-0530][gc,phases     ] GC(6)   Other: 37.0ms
[2019-08-30T16:04:17.642-0530][gc,heap       ] GC(6) Eden regions: 49->0(47)
[2019-08-30T16:04:17.642-0530][gc,heap       ] GC(6) Survivor regions: 2->4(7)
[2019-08-30T16:04:17.642-0530][gc,heap       ] GC(6) Old regions: 11->11
[2019-08-30T16:04:17.642-0530][gc,heap       ] GC(6) Archive regions: 2->2
[2019-08-30T16:04:17.642-0530][gc,heap       ] GC(6) Humongous regions: 129->129
[2019-08-30T16:04:17.642-0530][gc,metaspace  ] GC(6) Metaspace: 34672K->34672K(1081344K)
[2019-08-30T16:04:17.642-0530][gc            ] GC(6) Pause Young (Normal) (G1 Evacuation Pause) 190M->143M(1024M) 47.526ms
[2019-08-30T16:04:17.642-0530][gc,cpu        ] GC(6) User=0.03s Sys=0.01s Real=0.05s
[2019-08-30T16:05:40.816-0530][gc,start      ] GC(7) Pause Young (Normal) (G1 Evacuation Pause)
[2019-08-30T16:05:40.836-0530][gc,task       ] GC(7) Using 4 workers of 4 for evacuation
[2019-08-30T16:05:40.843-0530][gc,phases     ] GC(7)   Pre Evacuate Collection Set: 0.0ms
[2019-08-30T16:05:40.843-0530][gc,phases     ] GC(7)   Evacuate Collection Set: 6.6ms
[2019-08-30T16:05:40.843-0530][gc,phases     ] GC(7)   Post Evacuate Collection Set: 0.4ms
[2019-08-30T16:05:40.843-0530][gc,phases     ] GC(7)   Other: 19.7ms
[2019-08-30T16:05:40.843-0530][gc,heap       ] GC(7) Eden regions: 47->0(49)
[2019-08-30T16:05:40.843-0530][gc,heap       ] GC(7) Survivor regions: 4->2(7)
[2019-08-30T16:05:40.843-0530][gc,heap       ] GC(7) Old regions: 11->12
[2019-08-30T16:05:40.843-0530][gc,heap       ] GC(7) Archive regions: 2->2
[2019-08-30T16:05:40.843-0530][gc,heap       ] GC(7) Humongous regions: 129->129
[2019-08-30T16:05:40.843-0530][gc,metaspace  ] GC(7) Metaspace: 34743K->34743K(1081344K)
[2019-08-30T16:05:40.843-0530][gc            ] GC(7) Pause Young (Normal) (G1 Evacuation Pause) 190M->143M(1024M) 26.986ms
[2019-08-30T16:05:40.843-0530][gc,cpu        ] GC(7) User=0.02s Sys=0.00s Real=0.03s
[2019-08-30T16:07:02.329-0530][gc,start      ] GC(8) Pause Young (Normal) (G1 Evacuation Pause)
[2019-08-30T16:07:02.351-0530][gc,task       ] GC(8) Using 4 workers of 4 for evacuation
[2019-08-30T16:07:02.357-0530][gc,phases     ] GC(8)   Pre Evacuate Collection Set: 0.0ms
[2019-08-30T16:07:02.358-0530][gc,phases     ] GC(8)   Evacuate Collection Set: 5.3ms
[2019-08-30T16:07:02.358-0530][gc,phases     ] GC(8)   Post Evacuate Collection Set: 0.4ms
[2019-08-30T16:07:02.358-0530][gc,phases     ] GC(8)   Other: 22.3ms
[2019-08-30T16:07:02.358-0530][gc,heap       ] GC(8) Eden regions: 49->0(47)
[2019-08-30T16:07:02.358-0530][gc,heap       ] GC(8) Survivor regions: 2->4(7)
[2019-08-30T16:07:02.358-0530][gc,heap       ] GC(8) Old regions: 12->12
[2019-08-30T16:07:02.358-0530][gc,heap       ] GC(8) Archive regions: 2->2
[2019-08-30T16:07:02.358-0530][gc,heap       ] GC(8) Humongous regions: 129->129
[2019-08-30T16:07:02.358-0530][gc,metaspace  ] GC(8) Metaspace: 34820K->34820K(1081344K)
[2019-08-30T16:07:02.358-0530][gc            ] GC(8) Pause Young (Normal) (G1 Evacuation Pause) 192M->144M(1024M) 28.344ms
[2019-08-30T16:07:02.358-0530][gc,cpu        ] GC(8) User=0.02s Sys=0.00s Real=0.03s
[2019-08-30T16:08:28.415-0530][gc,start      ] GC(9) Pause Young (Normal) (G1 Evacuation Pause)
[2019-08-30T16:08:28.442-0530][gc,task       ] GC(9) Using 4 workers of 4 for evacuation
[2019-08-30T16:08:28.451-0530][gc,phases     ] GC(9)   Pre Evacuate Collection Set: 0.0ms
[2019-08-30T16:08:28.451-0530][gc,phases     ] GC(9)   Evacuate Collection Set: 7.6ms
[2019-08-30T16:08:28.451-0530][gc,phases     ] GC(9)   Post Evacuate Collection Set: 0.4ms
[2019-08-30T16:08:28.451-0530][gc,phases     ] GC(9)   Other: 27.6ms
[2019-08-30T16:08:28.451-0530][gc,heap       ] GC(9) Eden regions: 47->0(46)
[2019-08-30T16:08:28.451-0530][gc,heap       ] GC(9) Survivor regions: 4->5(7)
[2019-08-30T16:08:28.451-0530][gc,heap       ] GC(9) Old regions: 12->12
[2019-08-30T16:08:28.451-0530][gc,heap       ] GC(9) Archive regions: 2->2
[2019-08-30T16:08:28.451-0530][gc,heap       ] GC(9) Humongous regions: 129->129
[2019-08-30T16:08:28.451-0530][gc,metaspace  ] GC(9) Metaspace: 35047K->35047K(1081344K)
[2019-08-30T16:08:28.451-0530][gc            ] GC(9) Pause Young (Normal) (G1 Evacuation Pause) 191M->145M(1024M) 36.178ms
[2019-08-30T16:08:28.451-0530][gc,cpu        ] GC(9) User=0.02s Sys=0.00s Real=0.04s
[2019-08-30T16:08:50.479-0530][gc,heap,exit  ] Heap
[2019-08-30T16:08:50.479-0530][gc,heap,exit  ]  garbage-first heap   total 1048576K, used 179132K [0x00000007c0000000, 0x0000000800000000)
[2019-08-30T16:08:50.479-0530][gc,heap,exit  ]   region size 1024K, 35 young (35840K), 5 survivors (5120K)
[2019-08-30T16:08:50.479-0530][gc,heap,exit  ]  Metaspace       used 37276K, capacity 39949K, committed 40060K, reserved 1083392K
[2019-08-30T16:08:50.479-0530][gc,heap,exit  ]   class space    used 5451K, capacity 6695K, committed 6780K, reserved 1048576K
