[2019-08-30T11:18:56.236-0530][gc,heap] Heap region size: 1M
[2019-08-30T11:18:56.252-0530][gc     ] Using G1
[2019-08-30T11:18:56.252-0530][gc,heap,coops] Heap address: 0x00000007c0000000, size: 1024 MB, Compressed Oops mode: Zero based, Oop shift amount: 3
[2019-08-30T11:18:56.253-0530][gc,cds       ] Mark closed archive regions in map: [0x00000007fff00000, 0x00000007fff6fff8]
[2019-08-30T11:18:56.253-0530][gc,cds       ] Mark open archive regions in map: [0x00000007ffe00000, 0x00000007ffe47ff8]
[2019-08-30T11:18:56.276-0530][gc           ] Periodic GC disabled
[2019-08-30T11:19:01.347-0530][gc,start     ] GC(0) Pause Young (Normal) (G1 Evacuation Pause)
[2019-08-30T11:19:01.348-0530][gc,task      ] GC(0) Using 4 workers of 4 for evacuation
[2019-08-30T11:19:01.364-0530][gc,phases    ] GC(0)   Pre Evacuate Collection Set: 0.0ms
[2019-08-30T11:19:01.364-0530][gc,phases    ] GC(0)   Evacuate Collection Set: 15.4ms
[2019-08-30T11:19:01.364-0530][gc,phases    ] GC(0)   Post Evacuate Collection Set: 0.4ms
[2019-08-30T11:19:01.364-0530][gc,phases    ] GC(0)   Other: 0.6ms
[2019-08-30T11:19:01.364-0530][gc,heap      ] GC(0) Eden regions: 51->0(45)
[2019-08-30T11:19:01.364-0530][gc,heap      ] GC(0) Survivor regions: 0->6(7)
[2019-08-30T11:19:01.364-0530][gc,heap      ] GC(0) Old regions: 0->0
[2019-08-30T11:19:01.364-0530][gc,heap      ] GC(0) Archive regions: 2->2
[2019-08-30T11:19:01.364-0530][gc,heap      ] GC(0) Humongous regions: 0->0
[2019-08-30T11:19:01.364-0530][gc,metaspace ] GC(0) Metaspace: 16970K->16970K(1064960K)
[2019-08-30T11:19:01.364-0530][gc           ] GC(0) Pause Young (Normal) (G1 Evacuation Pause) 51M->6M(1024M) 16.798ms
[2019-08-30T11:19:01.364-0530][gc,cpu       ] GC(0) User=0.03s Sys=0.01s Real=0.02s
[2019-08-30T11:19:01.997-0530][gc,start     ] GC(1) Pause Young (Concurrent Start) (Metadata GC Threshold)
[2019-08-30T11:19:01.997-0530][gc,task      ] GC(1) Using 4 workers of 4 for evacuation
[2019-08-30T11:19:02.014-0530][gc,phases    ] GC(1)   Pre Evacuate Collection Set: 0.1ms
[2019-08-30T11:19:02.014-0530][gc,phases    ] GC(1)   Evacuate Collection Set: 16.1ms
[2019-08-30T11:19:02.014-0530][gc,phases    ] GC(1)   Post Evacuate Collection Set: 0.5ms
[2019-08-30T11:19:02.014-0530][gc,phases    ] GC(1)   Other: 0.4ms
[2019-08-30T11:19:02.014-0530][gc,heap      ] GC(1) Eden regions: 14->0(50)
[2019-08-30T11:19:02.014-0530][gc,heap      ] GC(1) Survivor regions: 6->1(7)
[2019-08-30T11:19:02.014-0530][gc,heap      ] GC(1) Old regions: 0->6
[2019-08-30T11:19:02.014-0530][gc,heap      ] GC(1) Archive regions: 2->2
[2019-08-30T11:19:02.014-0530][gc,heap      ] GC(1) Humongous regions: 0->0
[2019-08-30T11:19:02.014-0530][gc,metaspace ] GC(1) Metaspace: 20496K->20496K(1067008K)
[2019-08-30T11:19:02.014-0530][gc           ] GC(1) Pause Young (Concurrent Start) (Metadata GC Threshold) 20M->7M(1024M) 17.540ms
[2019-08-30T11:19:02.014-0530][gc,cpu       ] GC(1) User=0.04s Sys=0.01s Real=0.02s
[2019-08-30T11:19:02.015-0530][gc           ] GC(2) Concurrent Cycle
[2019-08-30T11:19:02.015-0530][gc,marking   ] GC(2) Concurrent Clear Claimed Marks
[2019-08-30T11:19:02.015-0530][gc,marking   ] GC(2) Concurrent Clear Claimed Marks 0.074ms
[2019-08-30T11:19:02.015-0530][gc,marking   ] GC(2) Concurrent Scan Root Regions
[2019-08-30T11:19:02.022-0530][gc,marking   ] GC(2) Concurrent Scan Root Regions 7.226ms
[2019-08-30T11:19:02.022-0530][gc,marking   ] GC(2) Concurrent Mark (5.844s)
[2019-08-30T11:19:02.022-0530][gc,marking   ] GC(2) Concurrent Mark From Roots
[2019-08-30T11:19:02.022-0530][gc,task      ] GC(2) Using 1 workers of 1 for marking
[2019-08-30T11:19:02.025-0530][gc,marking   ] GC(2) Concurrent Mark From Roots 2.638ms
[2019-08-30T11:19:02.025-0530][gc,marking   ] GC(2) Concurrent Preclean
[2019-08-30T11:19:02.025-0530][gc,marking   ] GC(2) Concurrent Preclean 0.069ms
[2019-08-30T11:19:02.025-0530][gc,marking   ] GC(2) Concurrent Mark (5.844s, 5.847s) 2.862ms
[2019-08-30T11:19:02.025-0530][gc,start     ] GC(2) Pause Remark
[2019-08-30T11:19:02.026-0530][gc,stringtable] GC(2) Cleaned string table, strings: 4717 processed, 0 removed
[2019-08-30T11:19:02.027-0530][gc            ] GC(2) Pause Remark 7M->7M(1024M) 1.756ms
[2019-08-30T11:19:02.027-0530][gc,cpu        ] GC(2) User=0.01s Sys=0.00s Real=0.00s
[2019-08-30T11:19:02.027-0530][gc,marking    ] GC(2) Concurrent Rebuild Remembered Sets
[2019-08-30T11:19:02.034-0530][gc,marking    ] GC(2) Concurrent Rebuild Remembered Sets 7.513ms
[2019-08-30T11:19:02.035-0530][gc,start      ] GC(2) Pause Cleanup
[2019-08-30T11:19:02.036-0530][gc            ] GC(2) Pause Cleanup 7M->7M(1024M) 0.244ms
[2019-08-30T11:19:02.036-0530][gc,cpu        ] GC(2) User=0.01s Sys=0.00s Real=0.00s
[2019-08-30T11:19:02.036-0530][gc,marking    ] GC(2) Concurrent Cleanup for Next Mark
[2019-08-30T11:19:02.054-0530][gc,marking    ] GC(2) Concurrent Cleanup for Next Mark 17.796ms
[2019-08-30T11:19:02.054-0530][gc            ] GC(2) Concurrent Cycle 39.275ms
[2019-08-30T11:19:07.207-0530][gc,start      ] GC(3) Pause Young (Normal) (G1 Evacuation Pause)
[2019-08-30T11:19:07.207-0530][gc,task       ] GC(3) Using 4 workers of 4 for evacuation
[2019-08-30T11:19:07.217-0530][gc,phases     ] GC(3)   Pre Evacuate Collection Set: 0.0ms
[2019-08-30T11:19:07.217-0530][gc,phases     ] GC(3)   Evacuate Collection Set: 9.1ms
[2019-08-30T11:19:07.217-0530][gc,phases     ] GC(3)   Post Evacuate Collection Set: 0.9ms
[2019-08-30T11:19:07.217-0530][gc,phases     ] GC(3)   Other: 0.3ms
[2019-08-30T11:19:07.217-0530][gc,heap       ] GC(3) Eden regions: 50->0(45)
[2019-08-30T11:19:07.217-0530][gc,heap       ] GC(3) Survivor regions: 1->6(7)
[2019-08-30T11:19:07.217-0530][gc,heap       ] GC(3) Old regions: 6->6
[2019-08-30T11:19:07.218-0530][gc,heap       ] GC(3) Archive regions: 2->2
[2019-08-30T11:19:07.218-0530][gc,heap       ] GC(3) Humongous regions: 129->129
[2019-08-30T11:19:07.218-0530][gc,metaspace  ] GC(3) Metaspace: 29283K->29283K(1075200K)
[2019-08-30T11:19:07.218-0530][gc            ] GC(3) Pause Young (Normal) (G1 Evacuation Pause) 186M->140M(1024M) 10.690ms
[2019-08-30T11:19:07.218-0530][gc,cpu        ] GC(3) User=0.03s Sys=0.00s Real=0.01s
[2019-08-30T11:19:24.325-0530][gc,start      ] GC(4) Pause Young (Concurrent Start) (Metadata GC Threshold)
[2019-08-30T11:19:24.355-0530][gc,task       ] GC(4) Using 4 workers of 4 for evacuation
[2019-08-30T11:19:24.376-0530][gc,mmu        ] GC(4) MMU target violated: 20.8ms (20.0ms/21.0ms)
[2019-08-30T11:19:24.376-0530][gc,phases     ] GC(4)   Pre Evacuate Collection Set: 0.2ms
[2019-08-30T11:19:24.376-0530][gc,phases     ] GC(4)   Evacuate Collection Set: 19.4ms
[2019-08-30T11:19:24.376-0530][gc,phases     ] GC(4)   Post Evacuate Collection Set: 1.1ms
[2019-08-30T11:19:24.377-0530][gc,phases     ] GC(4)   Other: 30.6ms
[2019-08-30T11:19:24.377-0530][gc,heap       ] GC(4) Eden regions: 41->0(49)
[2019-08-30T11:19:24.377-0530][gc,heap       ] GC(4) Survivor regions: 6->2(7)
[2019-08-30T11:19:24.377-0530][gc,heap       ] GC(4) Old regions: 6->11
[2019-08-30T11:19:24.377-0530][gc,heap       ] GC(4) Archive regions: 2->2
[2019-08-30T11:19:24.377-0530][gc,heap       ] GC(4) Humongous regions: 129->129
[2019-08-30T11:19:24.377-0530][gc,metaspace  ] GC(4) Metaspace: 33815K->33815K(1079296K)
[2019-08-30T11:19:24.377-0530][gc            ] GC(4) Pause Young (Concurrent Start) (Metadata GC Threshold) 180M->142M(1024M) 51.584ms
[2019-08-30T11:19:24.377-0530][gc,cpu        ] GC(4) User=0.04s Sys=0.00s Real=0.05s
[2019-08-30T11:19:24.377-0530][gc            ] GC(5) Concurrent Cycle
[2019-08-30T11:19:24.377-0530][gc,marking    ] GC(5) Concurrent Clear Claimed Marks
[2019-08-30T11:19:24.377-0530][gc,marking    ] GC(5) Concurrent Clear Claimed Marks 0.166ms
[2019-08-30T11:19:24.377-0530][gc,marking    ] GC(5) Concurrent Scan Root Regions
[2019-08-30T11:19:24.392-0530][gc,marking    ] GC(5) Concurrent Scan Root Regions 14.916ms
[2019-08-30T11:19:24.392-0530][gc,marking    ] GC(5) Concurrent Mark (28.215s)
[2019-08-30T11:19:24.392-0530][gc,marking    ] GC(5) Concurrent Mark From Roots
[2019-08-30T11:19:24.392-0530][gc,task       ] GC(5) Using 1 workers of 1 for marking
[2019-08-30T11:19:24.411-0530][gc,marking    ] GC(5) Concurrent Mark From Roots 18.779ms
[2019-08-30T11:19:24.411-0530][gc,marking    ] GC(5) Concurrent Preclean
[2019-08-30T11:19:24.411-0530][gc,marking    ] GC(5) Concurrent Preclean 0.152ms
[2019-08-30T11:19:24.411-0530][gc,marking    ] GC(5) Concurrent Mark (28.215s, 28.234s) 19.118ms
[2019-08-30T11:19:24.413-0530][gc,start      ] GC(5) Pause Remark
[2019-08-30T11:19:24.416-0530][gc,stringtable] GC(5) Cleaned string table, strings: 10182 processed, 9 removed
[2019-08-30T11:19:24.417-0530][gc            ] GC(5) Pause Remark 143M->143M(1024M) 3.558ms
[2019-08-30T11:19:24.417-0530][gc,cpu        ] GC(5) User=0.02s Sys=0.00s Real=0.00s
[2019-08-30T11:19:24.417-0530][gc,marking    ] GC(5) Concurrent Rebuild Remembered Sets
[2019-08-30T11:19:24.436-0530][gc,marking    ] GC(5) Concurrent Rebuild Remembered Sets 19.582ms
[2019-08-30T11:19:24.439-0530][gc,start      ] GC(5) Pause Cleanup
[2019-08-30T11:19:24.439-0530][gc            ] GC(5) Pause Cleanup 144M->144M(1024M) 0.280ms
[2019-08-30T11:19:24.439-0530][gc,cpu        ] GC(5) User=0.00s Sys=0.00s Real=0.00s
[2019-08-30T11:19:24.439-0530][gc,marking    ] GC(5) Concurrent Cleanup for Next Mark
[2019-08-30T11:19:24.466-0530][gc,marking    ] GC(5) Concurrent Cleanup for Next Mark 26.536ms
[2019-08-30T11:19:24.466-0530][gc            ] GC(5) Concurrent Cycle 89.083ms
[2019-08-30T11:25:21.229-0530][gc,start      ] GC(6) Pause Young (Normal) (G1 Evacuation Pause)
[2019-08-30T11:25:21.264-0530][gc,task       ] GC(6) Using 4 workers of 4 for evacuation
[2019-08-30T11:25:21.273-0530][gc,phases     ] GC(6)   Pre Evacuate Collection Set: 0.1ms
[2019-08-30T11:25:21.273-0530][gc,phases     ] GC(6)   Evacuate Collection Set: 7.6ms
[2019-08-30T11:25:21.273-0530][gc,phases     ] GC(6)   Post Evacuate Collection Set: 0.8ms
[2019-08-30T11:25:21.273-0530][gc,phases     ] GC(6)   Other: 35.2ms
[2019-08-30T11:25:21.273-0530][gc,heap       ] GC(6) Eden regions: 49->0(47)
[2019-08-30T11:25:21.273-0530][gc,heap       ] GC(6) Survivor regions: 2->4(7)
[2019-08-30T11:25:21.273-0530][gc,heap       ] GC(6) Old regions: 11->11
[2019-08-30T11:25:21.273-0530][gc,heap       ] GC(6) Archive regions: 2->2
[2019-08-30T11:25:21.273-0530][gc,heap       ] GC(6) Humongous regions: 129->129
[2019-08-30T11:25:21.273-0530][gc,metaspace  ] GC(6) Metaspace: 35887K->35887K(1081344K)
[2019-08-30T11:25:21.273-0530][gc            ] GC(6) Pause Young (Normal) (G1 Evacuation Pause) 191M->144M(1024M) 44.114ms
[2019-08-30T11:25:21.273-0530][gc,cpu        ] GC(6) User=0.03s Sys=0.00s Real=0.05s
[2019-08-30T11:30:50.768-0530][gc,start      ] GC(7) Pause Young (Normal) (G1 Evacuation Pause)
[2019-08-30T11:30:50.803-0530][gc,task       ] GC(7) Using 4 workers of 4 for evacuation
[2019-08-30T11:30:50.814-0530][gc,phases     ] GC(7)   Pre Evacuate Collection Set: 0.1ms
[2019-08-30T11:30:50.814-0530][gc,phases     ] GC(7)   Evacuate Collection Set: 9.5ms
[2019-08-30T11:30:50.814-0530][gc,phases     ] GC(7)   Post Evacuate Collection Set: 0.6ms
[2019-08-30T11:30:50.814-0530][gc,phases     ] GC(7)   Other: 35.5ms
[2019-08-30T11:30:50.814-0530][gc,heap       ] GC(7) Eden regions: 47->0(48)
[2019-08-30T11:30:50.814-0530][gc,heap       ] GC(7) Survivor regions: 4->3(7)
[2019-08-30T11:30:50.814-0530][gc,heap       ] GC(7) Old regions: 11->12
[2019-08-30T11:30:50.814-0530][gc,heap       ] GC(7) Archive regions: 2->2
[2019-08-30T11:30:50.814-0530][gc,heap       ] GC(7) Humongous regions: 129->129
[2019-08-30T11:30:50.814-0530][gc,metaspace  ] GC(7) Metaspace: 35984K->35984K(1081344K)
[2019-08-30T11:30:50.814-0530][gc            ] GC(7) Pause Young (Normal) (G1 Evacuation Pause) 191M->144M(1024M) 46.060ms
[2019-08-30T11:30:50.814-0530][gc,cpu        ] GC(7) User=0.03s Sys=0.00s Real=0.05s
[2019-08-30T11:36:53.695-0530][gc,start      ] GC(8) Pause Young (Normal) (G1 Evacuation Pause)
[2019-08-30T11:36:53.740-0530][gc,task       ] GC(8) Using 4 workers of 4 for evacuation
[2019-08-30T11:36:53.746-0530][gc,phases     ] GC(8)   Pre Evacuate Collection Set: 0.0ms
[2019-08-30T11:36:53.746-0530][gc,phases     ] GC(8)   Evacuate Collection Set: 5.9ms
[2019-08-30T11:36:53.746-0530][gc,phases     ] GC(8)   Post Evacuate Collection Set: 0.3ms
[2019-08-30T11:36:53.746-0530][gc,phases     ] GC(8)   Other: 45.0ms
[2019-08-30T11:36:53.746-0530][gc,heap       ] GC(8) Eden regions: 48->0(48)
[2019-08-30T11:36:53.746-0530][gc,heap       ] GC(8) Survivor regions: 3->3(7)
[2019-08-30T11:36:53.746-0530][gc,heap       ] GC(8) Old regions: 12->12
[2019-08-30T11:36:53.747-0530][gc,heap       ] GC(8) Archive regions: 2->2
[2019-08-30T11:36:53.747-0530][gc,heap       ] GC(8) Humongous regions: 129->129
[2019-08-30T11:36:53.747-0530][gc,metaspace  ] GC(8) Metaspace: 36065K->36065K(1081344K)
[2019-08-30T11:36:53.747-0530][gc            ] GC(8) Pause Young (Normal) (G1 Evacuation Pause) 192M->144M(1024M) 51.636ms
[2019-08-30T11:36:53.747-0530][gc,cpu        ] GC(8) User=0.02s Sys=0.00s Real=0.05s
[2019-08-30T11:43:00.458-0530][gc,start      ] GC(9) Pause Young (Normal) (G1 Evacuation Pause)
[2019-08-30T11:43:00.516-0530][gc,task       ] GC(9) Using 4 workers of 4 for evacuation
[2019-08-30T11:43:00.522-0530][gc,phases     ] GC(9)   Pre Evacuate Collection Set: 0.0ms
[2019-08-30T11:43:00.522-0530][gc,phases     ] GC(9)   Evacuate Collection Set: 4.7ms
[2019-08-30T11:43:00.522-0530][gc,phases     ] GC(9)   Post Evacuate Collection Set: 0.7ms
[2019-08-30T11:43:00.522-0530][gc,phases     ] GC(9)   Other: 58.0ms
[2019-08-30T11:43:00.522-0530][gc,heap       ] GC(9) Eden regions: 48->0(48)
[2019-08-30T11:43:00.522-0530][gc,heap       ] GC(9) Survivor regions: 3->3(7)
[2019-08-30T11:43:00.522-0530][gc,heap       ] GC(9) Old regions: 12->12
[2019-08-30T11:43:00.522-0530][gc,heap       ] GC(9) Archive regions: 2->2
[2019-08-30T11:43:00.522-0530][gc,heap       ] GC(9) Humongous regions: 129->129
[2019-08-30T11:43:00.522-0530][gc,metaspace  ] GC(9) Metaspace: 36106K->36106K(1081344K)
[2019-08-30T11:43:00.522-0530][gc            ] GC(9) Pause Young (Normal) (G1 Evacuation Pause) 192M->143M(1024M) 63.705ms
[2019-08-30T11:43:00.522-0530][gc,cpu        ] GC(9) User=0.01s Sys=0.00s Real=0.07s
[2019-08-30T11:49:16.464-0530][gc,start      ] GC(10) Pause Young (Normal) (G1 Evacuation Pause)
[2019-08-30T11:49:16.514-0530][gc,task       ] GC(10) Using 4 workers of 4 for evacuation
[2019-08-30T11:49:16.520-0530][gc,phases     ] GC(10)   Pre Evacuate Collection Set: 0.0ms
[2019-08-30T11:49:16.520-0530][gc,phases     ] GC(10)   Evacuate Collection Set: 5.0ms
[2019-08-30T11:49:16.520-0530][gc,phases     ] GC(10)   Post Evacuate Collection Set: 0.5ms
[2019-08-30T11:49:16.520-0530][gc,phases     ] GC(10)   Other: 50.2ms
[2019-08-30T11:49:16.520-0530][gc,heap       ] GC(10) Eden regions: 48->0(48)
[2019-08-30T11:49:16.520-0530][gc,heap       ] GC(10) Survivor regions: 3->3(7)
[2019-08-30T11:49:16.520-0530][gc,heap       ] GC(10) Old regions: 12->12
[2019-08-30T11:49:16.520-0530][gc,heap       ] GC(10) Archive regions: 2->2
[2019-08-30T11:49:16.520-0530][gc,heap       ] GC(10) Humongous regions: 129->129
[2019-08-30T11:49:16.520-0530][gc,metaspace  ] GC(10) Metaspace: 36136K->36136K(1081344K)
[2019-08-30T11:49:16.520-0530][gc            ] GC(10) Pause Young (Normal) (G1 Evacuation Pause) 191M->144M(1024M) 56.131ms
[2019-08-30T11:49:16.520-0530][gc,cpu        ] GC(10) User=0.02s Sys=0.00s Real=0.06s
[2019-08-30T11:55:34.940-0530][gc,start      ] GC(11) Pause Young (Normal) (G1 Evacuation Pause)
[2019-08-30T11:55:34.980-0530][gc,task       ] GC(11) Using 4 workers of 4 for evacuation
[2019-08-30T11:55:34.985-0530][gc,phases     ] GC(11)   Pre Evacuate Collection Set: 0.0ms
[2019-08-30T11:55:34.985-0530][gc,phases     ] GC(11)   Evacuate Collection Set: 4.4ms
[2019-08-30T11:55:34.985-0530][gc,phases     ] GC(11)   Post Evacuate Collection Set: 0.6ms
[2019-08-30T11:55:34.985-0530][gc,phases     ] GC(11)   Other: 40.6ms
[2019-08-30T11:55:34.985-0530][gc,heap       ] GC(11) Eden regions: 48->0(50)
[2019-08-30T11:55:34.985-0530][gc,heap       ] GC(11) Survivor regions: 3->2(7)
[2019-08-30T11:55:34.985-0530][gc,heap       ] GC(11) Old regions: 12->12
[2019-08-30T11:55:34.985-0530][gc,heap       ] GC(11) Archive regions: 2->2
[2019-08-30T11:55:34.986-0530][gc,heap       ] GC(11) Humongous regions: 129->129
[2019-08-30T11:55:34.986-0530][gc,metaspace  ] GC(11) Metaspace: 36188K->36188K(1081344K)
[2019-08-30T11:55:34.986-0530][gc            ] GC(11) Pause Young (Normal) (G1 Evacuation Pause) 192M->143M(1024M) 45.981ms
[2019-08-30T11:55:34.986-0530][gc,cpu        ] GC(11) User=0.02s Sys=0.00s Real=0.04s
[2019-08-30T12:02:13.875-0530][gc,start      ] GC(12) Pause Young (Normal) (G1 Evacuation Pause)
[2019-08-30T12:02:13.924-0530][gc,task       ] GC(12) Using 4 workers of 4 for evacuation
[2019-08-30T12:02:13.932-0530][gc,phases     ] GC(12)   Pre Evacuate Collection Set: 0.0ms
[2019-08-30T12:02:13.932-0530][gc,phases     ] GC(12)   Evacuate Collection Set: 7.2ms
[2019-08-30T12:02:13.932-0530][gc,phases     ] GC(12)   Post Evacuate Collection Set: 0.5ms
[2019-08-30T12:02:13.932-0530][gc,phases     ] GC(12)   Other: 49.0ms
[2019-08-30T12:02:13.932-0530][gc,heap       ] GC(12) Eden regions: 50->0(55)
[2019-08-30T12:02:13.932-0530][gc,heap       ] GC(12) Survivor regions: 2->3(7)
[2019-08-30T12:02:13.932-0530][gc,heap       ] GC(12) Old regions: 12->12
[2019-08-30T12:02:13.932-0530][gc,heap       ] GC(12) Archive regions: 2->2
[2019-08-30T12:02:13.932-0530][gc,heap       ] GC(12) Humongous regions: 129->129
[2019-08-30T12:02:13.932-0530][gc,metaspace  ] GC(12) Metaspace: 36213K->36213K(1081344K)
[2019-08-30T12:02:13.932-0530][gc            ] GC(12) Pause Young (Normal) (G1 Evacuation Pause) 193M->144M(1024M) 57.020ms
[2019-08-30T12:02:13.932-0530][gc,cpu        ] GC(12) User=0.03s Sys=0.01s Real=0.06s
[2019-08-30T12:09:27.800-0530][gc,start      ] GC(13) Pause Young (Normal) (G1 Evacuation Pause)
[2019-08-30T12:09:27.847-0530][gc,task       ] GC(13) Using 4 workers of 4 for evacuation
[2019-08-30T12:09:27.855-0530][gc,phases     ] GC(13)   Pre Evacuate Collection Set: 0.0ms
[2019-08-30T12:09:27.855-0530][gc,phases     ] GC(13)   Evacuate Collection Set: 7.2ms
[2019-08-30T12:09:27.855-0530][gc,phases     ] GC(13)   Post Evacuate Collection Set: 0.4ms
[2019-08-30T12:09:27.855-0530][gc,phases     ] GC(13)   Other: 47.6ms
[2019-08-30T12:09:27.855-0530][gc,heap       ] GC(13) Eden regions: 55->0(60)
[2019-08-30T12:09:27.855-0530][gc,heap       ] GC(13) Survivor regions: 3->3(8)
[2019-08-30T12:09:27.855-0530][gc,heap       ] GC(13) Old regions: 12->12
[2019-08-30T12:09:27.855-0530][gc,heap       ] GC(13) Archive regions: 2->2
[2019-08-30T12:09:27.855-0530][gc,heap       ] GC(13) Humongous regions: 129->129
[2019-08-30T12:09:27.855-0530][gc,metaspace  ] GC(13) Metaspace: 36234K->36234K(1081344K)
[2019-08-30T12:09:27.855-0530][gc            ] GC(13) Pause Young (Normal) (G1 Evacuation Pause) 199M->144M(1024M) 55.582ms
[2019-08-30T12:09:27.856-0530][gc,cpu        ] GC(13) User=0.02s Sys=0.01s Real=0.05s
[2019-08-30T12:17:22.865-0530][gc,start      ] GC(14) Pause Young (Normal) (G1 Evacuation Pause)
[2019-08-30T12:17:22.929-0530][gc,task       ] GC(14) Using 4 workers of 4 for evacuation
[2019-08-30T12:17:22.936-0530][gc,phases     ] GC(14)   Pre Evacuate Collection Set: 0.0ms
[2019-08-30T12:17:22.936-0530][gc,phases     ] GC(14)   Evacuate Collection Set: 6.4ms
[2019-08-30T12:17:22.936-0530][gc,phases     ] GC(14)   Post Evacuate Collection Set: 0.4ms
[2019-08-30T12:17:22.936-0530][gc,phases     ] GC(14)   Other: 64.0ms
[2019-08-30T12:17:22.936-0530][gc,heap       ] GC(14) Eden regions: 60->0(73)
[2019-08-30T12:17:22.936-0530][gc,heap       ] GC(14) Survivor regions: 3->3(8)
[2019-08-30T12:17:22.936-0530][gc,heap       ] GC(14) Old regions: 12->12
[2019-08-30T12:17:22.936-0530][gc,heap       ] GC(14) Archive regions: 2->2
[2019-08-30T12:17:22.936-0530][gc,heap       ] GC(14) Humongous regions: 129->129
[2019-08-30T12:17:22.936-0530][gc,metaspace  ] GC(14) Metaspace: 36258K->36258K(1081344K)
[2019-08-30T12:17:22.936-0530][gc            ] GC(14) Pause Young (Normal) (G1 Evacuation Pause) 204M->144M(1024M) 71.170ms
[2019-08-30T12:17:22.936-0530][gc,cpu        ] GC(14) User=0.03s Sys=0.00s Real=0.07s
[2019-08-30T12:26:41.096-0530][gc,start      ] GC(15) Pause Young (Normal) (G1 Evacuation Pause)
[2019-08-30T12:26:41.105-0530][gc,task       ] GC(15) Using 4 workers of 4 for evacuation
[2019-08-30T12:26:41.113-0530][gc,phases     ] GC(15)   Pre Evacuate Collection Set: 0.0ms
[2019-08-30T12:26:41.113-0530][gc,phases     ] GC(15)   Evacuate Collection Set: 7.3ms
[2019-08-30T12:26:41.113-0530][gc,phases     ] GC(15)   Post Evacuate Collection Set: 0.4ms
[2019-08-30T12:26:41.113-0530][gc,phases     ] GC(15)   Other: 9.6ms
[2019-08-30T12:26:41.113-0530][gc,heap       ] GC(15) Eden regions: 73->0(108)
[2019-08-30T12:26:41.113-0530][gc,heap       ] GC(15) Survivor regions: 3->3(10)
[2019-08-30T12:26:41.113-0530][gc,heap       ] GC(15) Old regions: 12->12
[2019-08-30T12:26:41.113-0530][gc,heap       ] GC(15) Archive regions: 2->2
[2019-08-30T12:26:41.113-0530][gc,heap       ] GC(15) Humongous regions: 129->129
[2019-08-30T12:26:41.113-0530][gc,metaspace  ] GC(15) Metaspace: 36385K->36385K(1081344K)
[2019-08-30T12:26:41.113-0530][gc            ] GC(15) Pause Young (Normal) (G1 Evacuation Pause) 217M->144M(1024M) 17.580ms
[2019-08-30T12:26:41.113-0530][gc,cpu        ] GC(15) User=0.03s Sys=0.01s Real=0.02s
[2019-08-30T12:40:56.845-0530][gc,start      ] GC(16) Pause Young (Normal) (G1 Evacuation Pause)
[2019-08-30T12:40:56.875-0530][gc,task       ] GC(16) Using 4 workers of 4 for evacuation
[2019-08-30T12:40:56.884-0530][gc,phases     ] GC(16)   Pre Evacuate Collection Set: 0.0ms
[2019-08-30T12:40:56.884-0530][gc,phases     ] GC(16)   Evacuate Collection Set: 8.9ms
[2019-08-30T12:40:56.885-0530][gc,phases     ] GC(16)   Post Evacuate Collection Set: 0.4ms
[2019-08-30T12:40:56.885-0530][gc,phases     ] GC(16)   Other: 29.5ms
[2019-08-30T12:40:56.885-0530][gc,heap       ] GC(16) Eden regions: 108->0(123)
[2019-08-30T12:40:56.885-0530][gc,heap       ] GC(16) Survivor regions: 3->4(14)
[2019-08-30T12:40:56.885-0530][gc,heap       ] GC(16) Old regions: 12->12
[2019-08-30T12:40:56.885-0530][gc,heap       ] GC(16) Archive regions: 2->2
[2019-08-30T12:40:56.885-0530][gc,heap       ] GC(16) Humongous regions: 129->129
[2019-08-30T12:40:56.885-0530][gc,metaspace  ] GC(16) Metaspace: 36406K->36406K(1081344K)
[2019-08-30T12:40:56.885-0530][gc            ] GC(16) Pause Young (Normal) (G1 Evacuation Pause) 252M->145M(1024M) 39.235ms
[2019-08-30T12:40:56.885-0530][gc,cpu        ] GC(16) User=0.02s Sys=0.01s Real=0.04s
[2019-08-30T12:57:17.747-0530][gc,start      ] GC(17) Pause Young (Normal) (G1 Evacuation Pause)
[2019-08-30T12:57:17.785-0530][gc,task       ] GC(17) Using 4 workers of 4 for evacuation
[2019-08-30T12:57:17.800-0530][gc,phases     ] GC(17)   Pre Evacuate Collection Set: 1.8ms
[2019-08-30T12:57:17.800-0530][gc,phases     ] GC(17)   Evacuate Collection Set: 11.5ms
[2019-08-30T12:57:17.800-0530][gc,phases     ] GC(17)   Post Evacuate Collection Set: 0.6ms
[2019-08-30T12:57:17.800-0530][gc,phases     ] GC(17)   Other: 39.3ms
[2019-08-30T12:57:17.800-0530][gc,heap       ] GC(17) Eden regions: 123->0(142)
[2019-08-30T12:57:17.800-0530][gc,heap       ] GC(17) Survivor regions: 4->4(16)
[2019-08-30T12:57:17.800-0530][gc,heap       ] GC(17) Old regions: 12->12
[2019-08-30T12:57:17.800-0530][gc,heap       ] GC(17) Archive regions: 2->2
[2019-08-30T12:57:17.800-0530][gc,heap       ] GC(17) Humongous regions: 129->129
[2019-08-30T12:57:17.800-0530][gc,metaspace  ] GC(17) Metaspace: 36417K->36417K(1081344K)
[2019-08-30T12:57:17.800-0530][gc            ] GC(17) Pause Young (Normal) (G1 Evacuation Pause) 268M->144M(1024M) 53.442ms
[2019-08-30T12:57:17.800-0530][gc,cpu        ] GC(17) User=0.03s Sys=0.02s Real=0.06s
[2019-08-30T13:15:11.313-0530][gc,start      ] GC(18) Pause Young (Normal) (G1 Evacuation Pause)
[2019-08-30T13:15:11.331-0530][gc,task       ] GC(18) Using 4 workers of 4 for evacuation
[2019-08-30T13:15:11.343-0530][gc,phases     ] GC(18)   Pre Evacuate Collection Set: 0.0ms
[2019-08-30T13:15:11.343-0530][gc,phases     ] GC(18)   Evacuate Collection Set: 10.5ms
[2019-08-30T13:15:11.343-0530][gc,phases     ] GC(18)   Post Evacuate Collection Set: 0.9ms
[2019-08-30T13:15:11.343-0530][gc,phases     ] GC(18)   Other: 18.1ms
[2019-08-30T13:15:11.343-0530][gc,heap       ] GC(18) Eden regions: 142->0(196)
[2019-08-30T13:15:11.343-0530][gc,heap       ] GC(18) Survivor regions: 4->4(19)
[2019-08-30T13:15:11.343-0530][gc,heap       ] GC(18) Old regions: 12->12
[2019-08-30T13:15:11.343-0530][gc,heap       ] GC(18) Archive regions: 2->2
[2019-08-30T13:15:11.343-0530][gc,heap       ] GC(18) Humongous regions: 129->129
[2019-08-30T13:15:11.343-0530][gc,metaspace  ] GC(18) Metaspace: 36774K->36774K(1083392K)
[2019-08-30T13:15:11.343-0530][gc            ] GC(18) Pause Young (Normal) (G1 Evacuation Pause) 286M->145M(1024M) 29.852ms
[2019-08-30T13:15:11.343-0530][gc,cpu        ] GC(18) User=0.03s Sys=0.01s Real=0.03s
[2019-08-30T13:21:42.381-0530][gc,start      ] GC(19) Pause Young (Normal) (G1 Evacuation Pause)
[2019-08-30T13:21:42.386-0530][gc,task       ] GC(19) Using 4 workers of 4 for evacuation
[2019-08-30T13:21:42.397-0530][gc,phases     ] GC(19)   Pre Evacuate Collection Set: 0.0ms
[2019-08-30T13:21:42.397-0530][gc,phases     ] GC(19)   Evacuate Collection Set: 9.9ms
[2019-08-30T13:21:42.397-0530][gc,phases     ] GC(19)   Post Evacuate Collection Set: 0.6ms
[2019-08-30T13:21:42.397-0530][gc,phases     ] GC(19)   Other: 5.3ms
[2019-08-30T13:21:42.397-0530][gc,heap       ] GC(19) Eden regions: 196->0(197)
[2019-08-30T13:21:42.397-0530][gc,heap       ] GC(19) Survivor regions: 4->4(25)
[2019-08-30T13:21:42.397-0530][gc,heap       ] GC(19) Old regions: 12->12
[2019-08-30T13:21:42.397-0530][gc,heap       ] GC(19) Archive regions: 2->2
[2019-08-30T13:21:42.397-0530][gc,heap       ] GC(19) Humongous regions: 129->129
[2019-08-30T13:21:42.397-0530][gc,metaspace  ] GC(19) Metaspace: 36785K->36785K(1083392K)
[2019-08-30T13:21:42.397-0530][gc            ] GC(19) Pause Young (Normal) (G1 Evacuation Pause) 341M->145M(1024M) 16.053ms
[2019-08-30T13:21:42.397-0530][gc,cpu        ] GC(19) User=0.03s Sys=0.00s Real=0.01s
[2019-08-30T15:26:58.428-0530][gc,start      ] GC(20) Pause Young (Normal) (G1 Evacuation Pause)
[2019-08-30T15:26:58.456-0530][gc,task       ] GC(20) Using 4 workers of 4 for evacuation
[2019-08-30T15:26:58.485-0530][gc,mmu        ] GC(20) MMU target violated: 21.0ms (20.0ms/21.0ms)
[2019-08-30T15:26:58.486-0530][gc,phases     ] GC(20)   Pre Evacuate Collection Set: 0.1ms
[2019-08-30T15:26:58.486-0530][gc,phases     ] GC(20)   Evacuate Collection Set: 28.0ms
[2019-08-30T15:26:58.486-0530][gc,phases     ] GC(20)   Post Evacuate Collection Set: 0.8ms
[2019-08-30T15:26:58.486-0530][gc,phases     ] GC(20)   Other: 28.3ms
[2019-08-30T15:26:58.486-0530][gc,heap       ] GC(20) Eden regions: 179->0(72)
[2019-08-30T15:26:58.486-0530][gc,heap       ] GC(20) Survivor regions: 4->4(23)
[2019-08-30T15:26:58.486-0530][gc,heap       ] GC(20) Old regions: 12->12
[2019-08-30T15:26:58.486-0530][gc,heap       ] GC(20) Archive regions: 2->2
[2019-08-30T15:26:58.486-0530][gc,heap       ] GC(20) Humongous regions: 129->129
[2019-08-30T15:26:58.486-0530][gc,metaspace  ] GC(20) Metaspace: 37100K->37100K(1083392K)
[2019-08-30T15:26:58.486-0530][gc            ] GC(20) Pause Young (Normal) (G1 Evacuation Pause) 324M->145M(1024M) 57.622ms
[2019-08-30T15:26:58.486-0530][gc,cpu        ] GC(20) User=0.03s Sys=0.02s Real=0.06s
[2019-08-30T15:27:09.767-0530][gc,heap,exit  ] Heap
[2019-08-30T15:27:09.865-0530][gc,heap,exit  ]  garbage-first heap   total 1048576K, used 153974K [0x00000007c0000000, 0x0000000800000000)
[2019-08-30T15:27:09.865-0530][gc,heap,exit  ]   region size 1024K, 10 young (10240K), 4 survivors (4096K)
[2019-08-30T15:27:09.865-0530][gc,heap,exit  ]  Metaspace       used 37405K, capacity 39975K, committed 40112K, reserved 1083392K
[2019-08-30T15:27:09.865-0530][gc,heap,exit  ]   class space    used 5367K, capacity 6570K, committed 6656K, reserved 1048576K
