[2019-08-30T16:01:39.253-0530][gc,heap] Heap region size: 1M
[2019-08-30T16:01:39.375-0530][gc     ] Using G1
[2019-08-30T16:01:39.458-0530][gc,heap,coops] Heap address: 0x00000007c0000000, size: 1024 MB, Compressed Oops mode: Zero based, Oop shift amount: 3
[2019-08-30T16:01:39.458-0530][gc,cds       ] Mark closed archive regions in map: [0x00000007fff00000, 0x00000007fff6fff8]
[2019-08-30T16:01:39.458-0530][gc,cds       ] Mark open archive regions in map: [0x00000007ffe00000, 0x00000007ffe47ff8]
[2019-08-30T16:01:39.482-0530][gc           ] Periodic GC disabled
[2019-08-30T16:01:47.857-0530][gc,start     ] GC(0) Pause Young (Normal) (G1 Evacuation Pause)
[2019-08-30T16:01:48.078-0530][gc,task      ] GC(0) Using 4 workers of 4 for evacuation
[2019-08-30T16:01:48.097-0530][gc,phases    ] GC(0)   Pre Evacuate Collection Set: 0.1ms
[2019-08-30T16:01:48.097-0530][gc,phases    ] GC(0)   Evacuate Collection Set: 17.6ms
[2019-08-30T16:01:48.097-0530][gc,phases    ] GC(0)   Post Evacuate Collection Set: 0.6ms
[2019-08-30T16:01:48.097-0530][gc,phases    ] GC(0)   Other: 220.9ms
[2019-08-30T16:01:48.097-0530][gc,heap      ] GC(0) Eden regions: 51->0(44)
[2019-08-30T16:01:48.097-0530][gc,heap      ] GC(0) Survivor regions: 0->7(7)
[2019-08-30T16:01:48.097-0530][gc,heap      ] GC(0) Old regions: 0->0
[2019-08-30T16:01:48.097-0530][gc,heap      ] GC(0) Archive regions: 2->2
[2019-08-30T16:01:48.097-0530][gc,heap      ] GC(0) Humongous regions: 0->0
[2019-08-30T16:01:48.097-0530][gc,metaspace ] GC(0) Metaspace: 16978K->16978K(1064960K)
[2019-08-30T16:01:48.097-0530][gc           ] GC(0) Pause Young (Normal) (G1 Evacuation Pause) 51M->6M(1024M) 239.574ms
[2019-08-30T16:01:48.097-0530][gc,cpu       ] GC(0) User=0.04s Sys=0.01s Real=0.24s
[2019-08-30T16:01:49.766-0530][gc,start     ] GC(1) Pause Young (Concurrent Start) (Metadata GC Threshold)
[2019-08-30T16:01:49.766-0530][gc,task      ] GC(1) Using 4 workers of 4 for evacuation
[2019-08-30T16:01:49.789-0530][gc,mmu       ] GC(1) MMU target violated: 21.0ms (20.0ms/21.0ms)
[2019-08-30T16:01:49.789-0530][gc,phases    ] GC(1)   Pre Evacuate Collection Set: 0.1ms
[2019-08-30T16:01:49.789-0530][gc,phases    ] GC(1)   Evacuate Collection Set: 22.5ms
[2019-08-30T16:01:49.789-0530][gc,phases    ] GC(1)   Post Evacuate Collection Set: 0.5ms
[2019-08-30T16:01:49.789-0530][gc,phases    ] GC(1)   Other: 0.5ms
[2019-08-30T16:01:49.789-0530][gc,heap      ] GC(1) Eden regions: 14->0(50)
[2019-08-30T16:01:49.789-0530][gc,heap      ] GC(1) Survivor regions: 7->1(7)
[2019-08-30T16:01:49.789-0530][gc,heap      ] GC(1) Old regions: 0->6
[2019-08-30T16:01:49.790-0530][gc,heap      ] GC(1) Archive regions: 2->2
[2019-08-30T16:01:49.790-0530][gc,heap      ] GC(1) Humongous regions: 0->0
[2019-08-30T16:01:49.790-0530][gc,metaspace ] GC(1) Metaspace: 20414K->20414K(1067008K)
[2019-08-30T16:01:49.790-0530][gc           ] GC(1) Pause Young (Concurrent Start) (Metadata GC Threshold) 20M->7M(1024M) 23.954ms
[2019-08-30T16:01:49.790-0530][gc,cpu       ] GC(1) User=0.04s Sys=0.00s Real=0.03s
[2019-08-30T16:01:49.790-0530][gc           ] GC(2) Concurrent Cycle
[2019-08-30T16:01:49.790-0530][gc,marking   ] GC(2) Concurrent Clear Claimed Marks
[2019-08-30T16:01:49.790-0530][gc,marking   ] GC(2) Concurrent Clear Claimed Marks 0.072ms
[2019-08-30T16:01:49.790-0530][gc,marking   ] GC(2) Concurrent Scan Root Regions
[2019-08-30T16:01:49.797-0530][gc,marking   ] GC(2) Concurrent Scan Root Regions 7.376ms
[2019-08-30T16:01:49.797-0530][gc,marking   ] GC(2) Concurrent Mark (11.040s)
[2019-08-30T16:01:49.797-0530][gc,marking   ] GC(2) Concurrent Mark From Roots
[2019-08-30T16:01:49.797-0530][gc,task      ] GC(2) Using 1 workers of 1 for marking
[2019-08-30T16:01:49.800-0530][gc,marking   ] GC(2) Concurrent Mark From Roots 2.415ms
[2019-08-30T16:01:49.800-0530][gc,marking   ] GC(2) Concurrent Preclean
[2019-08-30T16:01:49.800-0530][gc,marking   ] GC(2) Concurrent Preclean 0.074ms
[2019-08-30T16:01:49.800-0530][gc,marking   ] GC(2) Concurrent Mark (11.040s, 11.042s) 2.654ms
[2019-08-30T16:01:49.800-0530][gc,start     ] GC(2) Pause Remark
[2019-08-30T16:01:49.801-0530][gc,stringtable] GC(2) Cleaned string table, strings: 4707 processed, 0 removed
[2019-08-30T16:01:49.802-0530][gc            ] GC(2) Pause Remark 7M->7M(1024M) 1.496ms
[2019-08-30T16:01:49.802-0530][gc,cpu        ] GC(2) User=0.00s Sys=0.00s Real=0.00s
[2019-08-30T16:01:49.802-0530][gc,marking    ] GC(2) Concurrent Rebuild Remembered Sets
[2019-08-30T16:01:49.808-0530][gc,marking    ] GC(2) Concurrent Rebuild Remembered Sets 6.622ms
[2019-08-30T16:01:49.809-0530][gc,start      ] GC(2) Pause Cleanup
[2019-08-30T16:01:49.810-0530][gc            ] GC(2) Pause Cleanup 7M->7M(1024M) 0.232ms
[2019-08-30T16:01:49.810-0530][gc,cpu        ] GC(2) User=0.00s Sys=0.00s Real=0.01s
[2019-08-30T16:01:49.810-0530][gc,marking    ] GC(2) Concurrent Cleanup for Next Mark
[2019-08-30T16:01:49.829-0530][gc,marking    ] GC(2) Concurrent Cleanup for Next Mark 18.958ms
[2019-08-30T16:01:49.829-0530][gc            ] GC(2) Concurrent Cycle 39.061ms
[2019-08-30T16:01:58.479-0530][gc,start      ] GC(3) Pause Young (Normal) (G1 Evacuation Pause)
[2019-08-30T16:01:58.512-0530][gc,task       ] GC(3) Using 4 workers of 4 for evacuation
[2019-08-30T16:01:58.521-0530][gc,phases     ] GC(3)   Pre Evacuate Collection Set: 0.0ms
[2019-08-30T16:01:58.521-0530][gc,phases     ] GC(3)   Evacuate Collection Set: 7.6ms
[2019-08-30T16:01:58.521-0530][gc,phases     ] GC(3)   Post Evacuate Collection Set: 0.5ms
[2019-08-30T16:01:58.521-0530][gc,phases     ] GC(3)   Other: 33.5ms
[2019-08-30T16:01:58.521-0530][gc,heap       ] GC(3) Eden regions: 50->0(46)
[2019-08-30T16:01:58.521-0530][gc,heap       ] GC(3) Survivor regions: 1->5(7)
[2019-08-30T16:01:58.521-0530][gc,heap       ] GC(3) Old regions: 6->6
[2019-08-30T16:01:58.521-0530][gc,heap       ] GC(3) Archive regions: 2->2
[2019-08-30T16:01:58.521-0530][gc,heap       ] GC(3) Humongous regions: 129->129
[2019-08-30T16:01:58.521-0530][gc,metaspace  ] GC(3) Metaspace: 29317K->29317K(1075200K)
[2019-08-30T16:01:58.521-0530][gc            ] GC(3) Pause Young (Normal) (G1 Evacuation Pause) 186M->140M(1024M) 42.011ms
[2019-08-30T16:01:58.521-0530][gc,cpu        ] GC(3) User=0.06s Sys=0.00s Real=0.05s
[2019-08-30T16:03:18.645-0530][gc,start      ] GC(4) Pause Young (Normal) (G1 Evacuation Pause)
[2019-08-30T16:03:18.717-0530][gc,task       ] GC(4) Using 4 workers of 4 for evacuation
[2019-08-30T16:03:18.747-0530][gc,mmu        ] GC(4) MMU target violated: 21.0ms (20.0ms/21.0ms)
[2019-08-30T16:03:18.747-0530][gc,phases     ] GC(4)   Pre Evacuate Collection Set: 0.1ms
[2019-08-30T16:03:18.747-0530][gc,phases     ] GC(4)   Evacuate Collection Set: 28.4ms
[2019-08-30T16:03:18.747-0530][gc,phases     ] GC(4)   Post Evacuate Collection Set: 1.2ms
[2019-08-30T16:03:18.747-0530][gc,phases     ] GC(4)   Other: 72.8ms
[2019-08-30T16:03:18.747-0530][gc,heap       ] GC(4) Eden regions: 46->0(48)
[2019-08-30T16:03:18.747-0530][gc,heap       ] GC(4) Survivor regions: 5->3(7)
[2019-08-30T16:03:18.747-0530][gc,heap       ] GC(4) Old regions: 6->11
[2019-08-30T16:03:18.747-0530][gc,heap       ] GC(4) Archive regions: 2->2
[2019-08-30T16:03:18.747-0530][gc,heap       ] GC(4) Humongous regions: 129->129
[2019-08-30T16:03:18.747-0530][gc,metaspace  ] GC(4) Metaspace: 33314K->33314K(1079296K)
[2019-08-30T16:03:18.748-0530][gc            ] GC(4) Pause Young (Normal) (G1 Evacuation Pause) 186M->142M(1024M) 103.167ms
[2019-08-30T16:03:18.748-0530][gc,cpu        ] GC(4) User=0.04s Sys=0.01s Real=0.10s
[2019-08-30T16:04:24.132-0530][gc,start      ] GC(5) Pause Young (Normal) (G1 Evacuation Pause)
[2019-08-30T16:04:24.176-0530][gc,task       ] GC(5) Using 4 workers of 4 for evacuation
[2019-08-30T16:04:24.184-0530][gc,phases     ] GC(5)   Pre Evacuate Collection Set: 0.0ms
[2019-08-30T16:04:24.184-0530][gc,phases     ] GC(5)   Evacuate Collection Set: 7.1ms
[2019-08-30T16:04:24.184-0530][gc,phases     ] GC(5)   Post Evacuate Collection Set: 0.6ms
[2019-08-30T16:04:24.184-0530][gc,phases     ] GC(5)   Other: 44.2ms
[2019-08-30T16:04:24.184-0530][gc,heap       ] GC(5) Eden regions: 48->0(47)
[2019-08-30T16:04:24.184-0530][gc,heap       ] GC(5) Survivor regions: 3->4(7)
[2019-08-30T16:04:24.184-0530][gc,heap       ] GC(5) Old regions: 11->11
[2019-08-30T16:04:24.184-0530][gc,heap       ] GC(5) Archive regions: 2->2
[2019-08-30T16:04:24.184-0530][gc,heap       ] GC(5) Humongous regions: 129->129
[2019-08-30T16:04:24.184-0530][gc,metaspace  ] GC(5) Metaspace: 33363K->33363K(1079296K)
[2019-08-30T16:04:24.184-0530][gc            ] GC(5) Pause Young (Normal) (G1 Evacuation Pause) 190M->143M(1024M) 52.300ms
[2019-08-30T16:04:24.184-0530][gc,cpu        ] GC(5) User=0.02s Sys=0.00s Real=0.05s
[2019-08-30T16:05:26.048-0530][gc,start      ] GC(6) Pause Young (Normal) (G1 Evacuation Pause)
[2019-08-30T16:05:26.112-0530][gc,task       ] GC(6) Using 4 workers of 4 for evacuation
[2019-08-30T16:05:26.118-0530][gc,phases     ] GC(6)   Pre Evacuate Collection Set: 0.0ms
[2019-08-30T16:05:26.118-0530][gc,phases     ] GC(6)   Evacuate Collection Set: 5.2ms
[2019-08-30T16:05:26.118-0530][gc,phases     ] GC(6)   Post Evacuate Collection Set: 0.3ms
[2019-08-30T16:05:26.118-0530][gc,phases     ] GC(6)   Other: 64.8ms
[2019-08-30T16:05:26.118-0530][gc,heap       ] GC(6) Eden regions: 47->0(48)
[2019-08-30T16:05:26.118-0530][gc,heap       ] GC(6) Survivor regions: 4->3(7)
[2019-08-30T16:05:26.118-0530][gc,heap       ] GC(6) Old regions: 11->11
[2019-08-30T16:05:26.118-0530][gc,heap       ] GC(6) Archive regions: 2->2
[2019-08-30T16:05:26.118-0530][gc,heap       ] GC(6) Humongous regions: 129->129
[2019-08-30T16:05:26.118-0530][gc,metaspace  ] GC(6) Metaspace: 33416K->33416K(1079296K)
[2019-08-30T16:05:26.119-0530][gc            ] GC(6) Pause Young (Normal) (G1 Evacuation Pause) 190M->143M(1024M) 70.658ms
[2019-08-30T16:05:26.119-0530][gc,cpu        ] GC(6) User=0.02s Sys=0.00s Real=0.07s
[2019-08-30T16:06:27.348-0530][gc,start      ] GC(7) Pause Young (Normal) (G1 Evacuation Pause)
[2019-08-30T16:06:27.382-0530][gc,task       ] GC(7) Using 4 workers of 4 for evacuation
[2019-08-30T16:06:27.389-0530][gc,phases     ] GC(7)   Pre Evacuate Collection Set: 0.0ms
[2019-08-30T16:06:27.389-0530][gc,phases     ] GC(7)   Evacuate Collection Set: 6.3ms
[2019-08-30T16:06:27.389-0530][gc,phases     ] GC(7)   Post Evacuate Collection Set: 0.4ms
[2019-08-30T16:06:27.390-0530][gc,phases     ] GC(7)   Other: 35.0ms
[2019-08-30T16:06:27.390-0530][gc,heap       ] GC(7) Eden regions: 48->0(46)
[2019-08-30T16:06:27.390-0530][gc,heap       ] GC(7) Survivor regions: 3->5(7)
[2019-08-30T16:06:27.390-0530][gc,heap       ] GC(7) Old regions: 11->11
[2019-08-30T16:06:27.390-0530][gc,heap       ] GC(7) Archive regions: 2->2
[2019-08-30T16:06:27.390-0530][gc,heap       ] GC(7) Humongous regions: 129->129
[2019-08-30T16:06:27.390-0530][gc,metaspace  ] GC(7) Metaspace: 33442K->33442K(1079296K)
[2019-08-30T16:06:27.390-0530][gc            ] GC(7) Pause Young (Normal) (G1 Evacuation Pause) 191M->144M(1024M) 42.089ms
[2019-08-30T16:06:27.390-0530][gc,cpu        ] GC(7) User=0.02s Sys=0.00s Real=0.05s
[2019-08-30T16:06:43.205-0530][gc,start      ] GC(8) Pause Young (Concurrent Start) (Metadata GC Threshold)
[2019-08-30T16:06:43.205-0530][gc,task       ] GC(8) Using 4 workers of 4 for evacuation
[2019-08-30T16:06:43.216-0530][gc,phases     ] GC(8)   Pre Evacuate Collection Set: 0.1ms
[2019-08-30T16:06:43.216-0530][gc,phases     ] GC(8)   Evacuate Collection Set: 10.5ms
[2019-08-30T16:06:43.216-0530][gc,phases     ] GC(8)   Post Evacuate Collection Set: 0.4ms
[2019-08-30T16:06:43.217-0530][gc,phases     ] GC(8)   Other: 0.4ms
[2019-08-30T16:06:43.217-0530][gc,heap       ] GC(8) Eden regions: 15->0(48)
[2019-08-30T16:06:43.217-0530][gc,heap       ] GC(8) Survivor regions: 5->3(7)
[2019-08-30T16:06:43.217-0530][gc,heap       ] GC(8) Old regions: 11->12
[2019-08-30T16:06:43.217-0530][gc,heap       ] GC(8) Archive regions: 2->2
[2019-08-30T16:06:43.217-0530][gc,heap       ] GC(8) Humongous regions: 129->129
[2019-08-30T16:06:43.217-0530][gc,metaspace  ] GC(8) Metaspace: 33911K->33911K(1079296K)
[2019-08-30T16:06:43.217-0530][gc            ] GC(8) Pause Young (Concurrent Start) (Metadata GC Threshold) 159M->144M(1024M) 11.660ms
[2019-08-30T16:06:43.217-0530][gc,cpu        ] GC(8) User=0.03s Sys=0.00s Real=0.01s
[2019-08-30T16:06:43.217-0530][gc            ] GC(9) Concurrent Cycle
[2019-08-30T16:06:43.217-0530][gc,marking    ] GC(9) Concurrent Clear Claimed Marks
[2019-08-30T16:06:43.217-0530][gc,marking    ] GC(9) Concurrent Clear Claimed Marks 0.146ms
[2019-08-30T16:06:43.217-0530][gc,marking    ] GC(9) Concurrent Scan Root Regions
[2019-08-30T16:06:43.225-0530][gc,marking    ] GC(9) Concurrent Scan Root Regions 8.148ms
[2019-08-30T16:06:43.225-0530][gc,marking    ] GC(9) Concurrent Mark (304.475s)
[2019-08-30T16:06:43.225-0530][gc,marking    ] GC(9) Concurrent Mark From Roots
[2019-08-30T16:06:43.225-0530][gc,task       ] GC(9) Using 1 workers of 1 for marking
[2019-08-30T16:06:43.268-0530][gc,marking    ] GC(9) Concurrent Mark From Roots 42.725ms
[2019-08-30T16:06:43.268-0530][gc,marking    ] GC(9) Concurrent Preclean
[2019-08-30T16:06:43.268-0530][gc,marking    ] GC(9) Concurrent Preclean 0.150ms
[2019-08-30T16:06:43.268-0530][gc,marking    ] GC(9) Concurrent Mark (304.475s, 304.518s) 43.028ms
[2019-08-30T16:06:43.269-0530][gc,start      ] GC(9) Pause Remark
[2019-08-30T16:06:43.286-0530][gc,stringtable] GC(9) Cleaned string table, strings: 9281 processed, 14 removed
[2019-08-30T16:06:43.287-0530][gc            ] GC(9) Pause Remark 145M->145M(1024M) 18.010ms
[2019-08-30T16:06:43.287-0530][gc,cpu        ] GC(9) User=0.03s Sys=0.01s Real=0.02s
[2019-08-30T16:06:43.287-0530][gc,marking    ] GC(9) Concurrent Rebuild Remembered Sets
[2019-08-30T16:06:43.308-0530][gc,marking    ] GC(9) Concurrent Rebuild Remembered Sets 21.065ms
[2019-08-30T16:06:43.308-0530][gc,start      ] GC(9) Pause Cleanup
[2019-08-30T16:06:43.308-0530][gc            ] GC(9) Pause Cleanup 145M->145M(1024M) 0.169ms
[2019-08-30T16:06:43.308-0530][gc,cpu        ] GC(9) User=0.00s Sys=0.00s Real=0.00s
[2019-08-30T16:06:43.309-0530][gc,marking    ] GC(9) Concurrent Cleanup for Next Mark
[2019-08-30T16:06:43.326-0530][gc,marking    ] GC(9) Concurrent Cleanup for Next Mark 16.991ms
[2019-08-30T16:06:43.326-0530][gc            ] GC(9) Concurrent Cycle 109.023ms
[2019-08-30T16:07:45.334-0530][gc,start      ] GC(10) Pause Young (Normal) (G1 Evacuation Pause)
[2019-08-30T16:07:45.383-0530][gc,task       ] GC(10) Using 4 workers of 4 for evacuation
[2019-08-30T16:07:45.390-0530][gc,phases     ] GC(10)   Pre Evacuate Collection Set: 0.0ms
[2019-08-30T16:07:45.390-0530][gc,phases     ] GC(10)   Evacuate Collection Set: 6.9ms
[2019-08-30T16:07:45.390-0530][gc,phases     ] GC(10)   Post Evacuate Collection Set: 0.3ms
[2019-08-30T16:07:45.391-0530][gc,phases     ] GC(10)   Other: 49.0ms
[2019-08-30T16:07:45.391-0530][gc,heap       ] GC(10) Eden regions: 48->0(47)
[2019-08-30T16:07:45.391-0530][gc,heap       ] GC(10) Survivor regions: 3->4(7)
[2019-08-30T16:07:45.391-0530][gc,heap       ] GC(10) Old regions: 12->12
[2019-08-30T16:07:45.391-0530][gc,heap       ] GC(10) Archive regions: 2->2
[2019-08-30T16:07:45.391-0530][gc,heap       ] GC(10) Humongous regions: 129->129
[2019-08-30T16:07:45.391-0530][gc,metaspace  ] GC(10) Metaspace: 34044K->34044K(1079296K)
[2019-08-30T16:07:45.391-0530][gc            ] GC(10) Pause Young (Normal) (G1 Evacuation Pause) 192M->145M(1024M) 56.480ms
[2019-08-30T16:07:45.391-0530][gc,cpu        ] GC(10) User=0.03s Sys=0.00s Real=0.06s
[2019-08-30T16:08:59.787-0530][gc,start      ] GC(11) Pause Young (Normal) (G1 Evacuation Pause)
[2019-08-30T16:08:59.788-0530][gc,task       ] GC(11) Using 4 workers of 4 for evacuation
[2019-08-30T16:08:59.801-0530][gc,phases     ] GC(11)   Pre Evacuate Collection Set: 0.0ms
[2019-08-30T16:08:59.801-0530][gc,phases     ] GC(11)   Evacuate Collection Set: 12.7ms
[2019-08-30T16:08:59.801-0530][gc,phases     ] GC(11)   Post Evacuate Collection Set: 0.6ms
[2019-08-30T16:08:59.801-0530][gc,phases     ] GC(11)   Other: 0.4ms
[2019-08-30T16:08:59.801-0530][gc,heap       ] GC(11) Eden regions: 47->0(46)
[2019-08-30T16:08:59.801-0530][gc,heap       ] GC(11) Survivor regions: 4->5(7)
[2019-08-30T16:08:59.801-0530][gc,heap       ] GC(11) Old regions: 12->12
[2019-08-30T16:08:59.801-0530][gc,heap       ] GC(11) Archive regions: 2->2
[2019-08-30T16:08:59.801-0530][gc,heap       ] GC(11) Humongous regions: 129->129
[2019-08-30T16:08:59.802-0530][gc,metaspace  ] GC(11) Metaspace: 36569K->36569K(1081344K)
[2019-08-30T16:08:59.802-0530][gc            ] GC(11) Pause Young (Normal) (G1 Evacuation Pause) 192M->146M(1024M) 14.158ms
[2019-08-30T16:08:59.802-0530][gc,cpu        ] GC(11) User=0.04s Sys=0.01s Real=0.02s
[2019-08-30T16:08:59.859-0530][gc,heap,exit  ] Heap
[2019-08-30T16:08:59.859-0530][gc,heap,exit  ]  garbage-first heap   total 1048576K, used 151936K [0x00000007c0000000, 0x0000000800000000)
[2019-08-30T16:08:59.859-0530][gc,heap,exit  ]   region size 1024K, 8 young (8192K), 5 survivors (5120K)
[2019-08-30T16:08:59.859-0530][gc,heap,exit  ]  Metaspace       used 36602K, capacity 39151K, committed 39248K, reserved 1081344K
[2019-08-30T16:08:59.859-0530][gc,heap,exit  ]   class space    used 5295K, capacity 6486K, committed 6560K, reserved 1048576K
