[2019-08-26T11:43:04.330-0530][gc,heap] Heap region size: 1M
[2019-08-26T11:43:04.339-0530][gc     ] Using G1
[2019-08-26T11:43:04.340-0530][gc,heap,coops] Heap address: 0x00000007e0000000, size: 512 MB, Compressed Oops mode: Zero based, Oop shift amount: 3
[2019-08-26T11:43:04.340-0530][gc,cds       ] Mark closed archive regions in map: [0x00000007fff00000, 0x00000007fff6fff8]
[2019-08-26T11:43:04.340-0530][gc,cds       ] Mark open archive regions in map: [0x00000007ffe00000, 0x00000007ffe47ff8]
[2019-08-26T11:43:04.368-0530][gc           ] Periodic GC disabled
[2019-08-26T11:43:07.886-0530][gc,start     ] GC(0) Pause Young (Normal) (G1 Evacuation Pause)
[2019-08-26T11:43:07.886-0530][gc,task      ] GC(0) Using 4 workers of 4 for evacuation
[2019-08-26T11:43:07.901-0530][gc,phases    ] GC(0)   Pre Evacuate Collection Set: 0.0ms
[2019-08-26T11:43:07.901-0530][gc,phases    ] GC(0)   Evacuate Collection Set: 14.4ms
[2019-08-26T11:43:07.901-0530][gc,phases    ] GC(0)   Post Evacuate Collection Set: 0.3ms
[2019-08-26T11:43:07.901-0530][gc,phases    ] GC(0)   Other: 0.6ms
[2019-08-26T11:43:07.901-0530][gc,heap      ] GC(0) Eden regions: 25->0(21)
[2019-08-26T11:43:07.901-0530][gc,heap      ] GC(0) Survivor regions: 0->4(4)
[2019-08-26T11:43:07.901-0530][gc,heap      ] GC(0) Old regions: 0->1
[2019-08-26T11:43:07.901-0530][gc,heap      ] GC(0) Archive regions: 2->2
[2019-08-26T11:43:07.901-0530][gc,heap      ] GC(0) Humongous regions: 0->0
[2019-08-26T11:43:07.901-0530][gc,metaspace ] GC(0) Metaspace: 6869K->6869K(1056768K)
[2019-08-26T11:43:07.901-0530][gc           ] GC(0) Pause Young (Normal) (G1 Evacuation Pause) 25M->5M(512M) 15.672ms
[2019-08-26T11:43:07.901-0530][gc,cpu       ] GC(0) User=0.04s Sys=0.01s Real=0.02s
[2019-08-26T11:43:09.008-0530][gc,start     ] GC(1) Pause Young (Normal) (G1 Evacuation Pause)
[2019-08-26T11:43:09.008-0530][gc,task      ] GC(1) Using 4 workers of 4 for evacuation
[2019-08-26T11:43:09.016-0530][gc,phases    ] GC(1)   Pre Evacuate Collection Set: 0.0ms
[2019-08-26T11:43:09.016-0530][gc,phases    ] GC(1)   Evacuate Collection Set: 8.3ms
[2019-08-26T11:43:09.016-0530][gc,phases    ] GC(1)   Post Evacuate Collection Set: 0.2ms
[2019-08-26T11:43:09.016-0530][gc,phases    ] GC(1)   Other: 0.2ms
[2019-08-26T11:43:09.016-0530][gc,heap      ] GC(1) Eden regions: 21->0(24)
[2019-08-26T11:43:09.016-0530][gc,heap      ] GC(1) Survivor regions: 4->1(4)
[2019-08-26T11:43:09.016-0530][gc,heap      ] GC(1) Old regions: 1->5
[2019-08-26T11:43:09.016-0530][gc,heap      ] GC(1) Archive regions: 2->2
[2019-08-26T11:43:09.016-0530][gc,heap      ] GC(1) Humongous regions: 0->0
[2019-08-26T11:43:09.016-0530][gc,metaspace ] GC(1) Metaspace: 6875K->6875K(1056768K)
[2019-08-26T11:43:09.017-0530][gc           ] GC(1) Pause Young (Normal) (G1 Evacuation Pause) 26M->5M(512M) 8.939ms
[2019-08-26T11:43:09.017-0530][gc,cpu       ] GC(1) User=0.03s Sys=0.01s Real=0.01s
[2019-08-26T11:44:23.386-0530][gc,start     ] GC(2) Pause Young (Normal) (G1 Evacuation Pause)
[2019-08-26T11:44:23.535-0530][gc,task      ] GC(2) Using 4 workers of 4 for evacuation
[2019-08-26T11:44:23.537-0530][gc,phases    ] GC(2)   Pre Evacuate Collection Set: 0.0ms
[2019-08-26T11:44:23.537-0530][gc,phases    ] GC(2)   Evacuate Collection Set: 1.8ms
[2019-08-26T11:44:23.537-0530][gc,phases    ] GC(2)   Post Evacuate Collection Set: 0.2ms
[2019-08-26T11:44:23.537-0530][gc,phases    ] GC(2)   Other: 149.3ms
[2019-08-26T11:44:23.537-0530][gc,heap      ] GC(2) Eden regions: 24->0(24)
[2019-08-26T11:44:23.537-0530][gc,heap      ] GC(2) Survivor regions: 1->1(4)
[2019-08-26T11:44:23.537-0530][gc,heap      ] GC(2) Old regions: 5->5
[2019-08-26T11:44:23.537-0530][gc,heap      ] GC(2) Archive regions: 2->2
[2019-08-26T11:44:23.537-0530][gc,heap      ] GC(2) Humongous regions: 0->0
[2019-08-26T11:44:23.537-0530][gc,metaspace ] GC(2) Metaspace: 7664K->7664K(1056768K)
[2019-08-26T11:44:23.537-0530][gc           ] GC(2) Pause Young (Normal) (G1 Evacuation Pause) 29M->6M(512M) 151.519ms
[2019-08-26T11:44:23.537-0530][gc,cpu       ] GC(2) User=0.01s Sys=0.00s Real=0.15s
[2019-08-26T14:18:22.901-0530][gc,start     ] GC(3) Pause Young (Normal) (G1 Evacuation Pause)
[2019-08-26T14:18:22.944-0530][gc,task      ] GC(3) Using 4 workers of 4 for evacuation
[2019-08-26T14:18:22.953-0530][gc,phases    ] GC(3)   Pre Evacuate Collection Set: 0.9ms
[2019-08-26T14:18:22.953-0530][gc,phases    ] GC(3)   Evacuate Collection Set: 7.4ms
[2019-08-26T14:18:22.953-0530][gc,phases    ] GC(3)   Post Evacuate Collection Set: 0.3ms
[2019-08-26T14:18:22.953-0530][gc,phases    ] GC(3)   Other: 43.3ms
[2019-08-26T14:18:22.953-0530][gc,heap      ] GC(3) Eden regions: 24->0(24)
[2019-08-26T14:18:22.953-0530][gc,heap      ] GC(3) Survivor regions: 1->1(4)
[2019-08-26T14:18:22.953-0530][gc,heap      ] GC(3) Old regions: 5->5
[2019-08-26T14:18:22.953-0530][gc,heap      ] GC(3) Archive regions: 2->2
[2019-08-26T14:18:22.953-0530][gc,heap      ] GC(3) Humongous regions: 0->0
[2019-08-26T14:18:22.953-0530][gc,metaspace ] GC(3) Metaspace: 7721K->7721K(1056768K)
[2019-08-26T14:18:22.953-0530][gc           ] GC(3) Pause Young (Normal) (G1 Evacuation Pause) 30M->6M(512M) 52.184ms
[2019-08-26T14:18:22.953-0530][gc,cpu       ] GC(3) User=0.01s Sys=0.02s Real=0.05s
[2019-08-26T16:13:49.356-0530][gc,start     ] GC(4) Pause Young (Normal) (G1 Evacuation Pause)
[2019-08-26T16:13:49.390-0530][gc,task      ] GC(4) Using 4 workers of 4 for evacuation
[2019-08-26T16:13:49.400-0530][gc,phases    ] GC(4)   Pre Evacuate Collection Set: 1.5ms
[2019-08-26T16:13:49.401-0530][gc,phases    ] GC(4)   Evacuate Collection Set: 8.0ms
[2019-08-26T16:13:49.401-0530][gc,phases    ] GC(4)   Post Evacuate Collection Set: 0.6ms
[2019-08-26T16:13:49.401-0530][gc,phases    ] GC(4)   Other: 34.8ms
[2019-08-26T16:13:49.401-0530][gc,heap      ] GC(4) Eden regions: 24->0(24)
[2019-08-26T16:13:49.401-0530][gc,heap      ] GC(4) Survivor regions: 1->1(4)
[2019-08-26T16:13:49.401-0530][gc,heap      ] GC(4) Old regions: 5->5
[2019-08-26T16:13:49.401-0530][gc,heap      ] GC(4) Archive regions: 2->2
[2019-08-26T16:13:49.401-0530][gc,heap      ] GC(4) Humongous regions: 0->0
[2019-08-26T16:13:49.401-0530][gc,metaspace ] GC(4) Metaspace: 7722K->7722K(1056768K)
[2019-08-26T16:13:49.401-0530][gc           ] GC(4) Pause Young (Normal) (G1 Evacuation Pause) 30M->6M(512M) 45.089ms
[2019-08-26T16:13:49.401-0530][gc,cpu       ] GC(4) User=0.01s Sys=0.02s Real=0.05s
[2019-08-26T18:39:12.172-0530][gc,start     ] GC(5) Pause Young (Normal) (G1 Evacuation Pause)
[2019-08-26T18:39:12.189-0530][gc,task      ] GC(5) Using 4 workers of 4 for evacuation
[2019-08-26T18:39:12.192-0530][gc,phases    ] GC(5)   Pre Evacuate Collection Set: 0.0ms
[2019-08-26T18:39:12.192-0530][gc,phases    ] GC(5)   Evacuate Collection Set: 2.3ms
[2019-08-26T18:39:12.192-0530][gc,phases    ] GC(5)   Post Evacuate Collection Set: 0.3ms
[2019-08-26T18:39:12.192-0530][gc,phases    ] GC(5)   Other: 17.9ms
[2019-08-26T18:39:12.192-0530][gc,heap      ] GC(5) Eden regions: 24->0(24)
[2019-08-26T18:39:12.192-0530][gc,heap      ] GC(5) Survivor regions: 1->1(4)
[2019-08-26T18:39:12.192-0530][gc,heap      ] GC(5) Old regions: 5->5
[2019-08-26T18:39:12.192-0530][gc,heap      ] GC(5) Archive regions: 2->2
[2019-08-26T18:39:12.192-0530][gc,heap      ] GC(5) Humongous regions: 0->0
[2019-08-26T18:39:12.192-0530][gc,metaspace ] GC(5) Metaspace: 7774K->7774K(1056768K)
[2019-08-26T18:39:12.193-0530][gc           ] GC(5) Pause Young (Normal) (G1 Evacuation Pause) 30M->6M(512M) 20.826ms
[2019-08-26T18:39:12.193-0530][gc,cpu       ] GC(5) User=0.01s Sys=0.01s Real=0.02s
[2019-08-27T17:31:46.858-0530][gc,start     ] GC(6) Pause Young (Normal) (G1 Evacuation Pause)
[2019-08-27T17:31:46.871-0530][gc,task      ] GC(6) Using 4 workers of 4 for evacuation
[2019-08-27T17:31:46.980-0530][gc,mmu       ] GC(6) MMU target violated: 21.0ms (20.0ms/21.0ms)
[2019-08-27T17:31:46.980-0530][gc,phases    ] GC(6)   Pre Evacuate Collection Set: 0.9ms
[2019-08-27T17:31:46.980-0530][gc,phases    ] GC(6)   Evacuate Collection Set: 107.5ms
[2019-08-27T17:31:46.980-0530][gc,phases    ] GC(6)   Post Evacuate Collection Set: 0.4ms
[2019-08-27T17:31:46.980-0530][gc,phases    ] GC(6)   Other: 29.1ms
[2019-08-27T17:31:46.980-0530][gc,heap      ] GC(6) Eden regions: 24->0(24)
[2019-08-27T17:31:46.980-0530][gc,heap      ] GC(6) Survivor regions: 1->1(4)
[2019-08-27T17:31:46.980-0530][gc,heap      ] GC(6) Old regions: 5->5
[2019-08-27T17:31:46.980-0530][gc,heap      ] GC(6) Archive regions: 2->2
[2019-08-27T17:31:46.980-0530][gc,heap      ] GC(6) Humongous regions: 0->0
[2019-08-27T17:31:46.980-0530][gc,metaspace ] GC(6) Metaspace: 7803K->7803K(1056768K)
[2019-08-27T17:31:46.980-0530][gc           ] GC(6) Pause Young (Normal) (G1 Evacuation Pause) 30M->6M(512M) 122.317ms
[2019-08-27T17:31:46.980-0530][gc,cpu       ] GC(6) User=0.08s Sys=0.02s Real=0.13s
[2019-08-27T22:55:27.029-0530][gc,start     ] GC(7) Pause Young (Normal) (G1 Evacuation Pause)
[2019-08-27T22:55:27.044-0530][gc,task      ] GC(7) Using 4 workers of 4 for evacuation
[2019-08-27T22:55:27.107-0530][gc,mmu       ] GC(7) MMU target violated: 21.0ms (20.0ms/21.0ms)
[2019-08-27T22:55:27.107-0530][gc,phases    ] GC(7)   Pre Evacuate Collection Set: 0.0ms
[2019-08-27T22:55:27.107-0530][gc,phases    ] GC(7)   Evacuate Collection Set: 62.1ms
[2019-08-27T22:55:27.107-0530][gc,phases    ] GC(7)   Post Evacuate Collection Set: 0.3ms
[2019-08-27T22:55:27.107-0530][gc,phases    ] GC(7)   Other: 15.0ms
[2019-08-27T22:55:27.107-0530][gc,heap      ] GC(7) Eden regions: 24->0(24)
[2019-08-27T22:55:27.107-0530][gc,heap      ] GC(7) Survivor regions: 1->1(4)
[2019-08-27T22:55:27.107-0530][gc,heap      ] GC(7) Old regions: 5->5
[2019-08-27T22:55:27.107-0530][gc,heap      ] GC(7) Archive regions: 2->2
[2019-08-27T22:55:27.107-0530][gc,heap      ] GC(7) Humongous regions: 0->0
[2019-08-27T22:55:27.107-0530][gc,metaspace ] GC(7) Metaspace: 7855K->7855K(1056768K)
[2019-08-27T22:55:27.107-0530][gc           ] GC(7) Pause Young (Normal) (G1 Evacuation Pause) 30M->6M(512M) 77.699ms
[2019-08-27T22:55:27.107-0530][gc,cpu       ] GC(7) User=0.03s Sys=0.01s Real=0.08s
[2019-08-28T10:26:31.192-0530][gc,heap,exit ] Heap
[2019-08-28T10:26:31.228-0530][gc,heap,exit ]  garbage-first heap   total 524288K, used 13561K [0x00000007e0000000, 0x0000000800000000)
[2019-08-28T10:26:31.228-0530][gc,heap,exit ]   region size 1024K, 9 young (9216K), 1 survivors (1024K)
[2019-08-28T10:26:31.228-0530][gc,heap,exit ]  Metaspace       used 7863K, capacity 8126K, committed 8448K, reserved 1056768K
[2019-08-28T10:26:31.228-0530][gc,heap,exit ]   class space    used 826K, capacity 941K, committed 1024K, reserved 1048576K
