[2019-08-30T11:16:45.027-0530][gc,heap] Heap region size: 1M
[2019-08-30T11:16:45.036-0530][gc     ] Using G1
[2019-08-30T11:16:45.036-0530][gc,heap,coops] Heap address: 0x00000007e0000000, size: 512 MB, Compressed Oops mode: Zero based, Oop shift amount: 3
[2019-08-30T11:16:45.037-0530][gc,cds       ] Mark closed archive regions in map: [0x00000007fff00000, 0x00000007fff6fff8]
[2019-08-30T11:16:45.037-0530][gc,cds       ] Mark open archive regions in map: [0x00000007ffe00000, 0x00000007ffe47ff8]
[2019-08-30T11:16:45.058-0530][gc           ] Periodic GC disabled
[2019-08-30T11:16:47.025-0530][gc,start     ] GC(0) Pause Young (Normal) (G1 Evacuation Pause)
[2019-08-30T11:16:47.026-0530][gc,task      ] GC(0) Using 4 workers of 4 for evacuation
[2019-08-30T11:16:47.041-0530][gc,phases    ] GC(0)   Pre Evacuate Collection Set: 0.0ms
[2019-08-30T11:16:47.041-0530][gc,phases    ] GC(0)   Evacuate Collection Set: 14.7ms
[2019-08-30T11:16:47.041-0530][gc,phases    ] GC(0)   Post Evacuate Collection Set: 0.5ms
[2019-08-30T11:16:47.041-0530][gc,phases    ] GC(0)   Other: 0.8ms
[2019-08-30T11:16:47.041-0530][gc,heap      ] GC(0) Eden regions: 25->0(21)
[2019-08-30T11:16:47.041-0530][gc,heap      ] GC(0) Survivor regions: 0->4(4)
[2019-08-30T11:16:47.042-0530][gc,heap      ] GC(0) Old regions: 0->1
[2019-08-30T11:16:47.042-0530][gc,heap      ] GC(0) Archive regions: 2->2
[2019-08-30T11:16:47.042-0530][gc,heap      ] GC(0) Humongous regions: 0->0
[2019-08-30T11:16:47.042-0530][gc,metaspace ] GC(0) Metaspace: 6869K->6869K(1056768K)
[2019-08-30T11:16:47.042-0530][gc           ] GC(0) Pause Young (Normal) (G1 Evacuation Pause) 25M->5M(512M) 16.226ms
[2019-08-30T11:16:47.042-0530][gc,cpu       ] GC(0) User=0.04s Sys=0.01s Real=0.02s
[2019-08-30T11:16:47.982-0530][gc,start     ] GC(1) Pause Young (Normal) (G1 Evacuation Pause)
[2019-08-30T11:16:47.982-0530][gc,task      ] GC(1) Using 4 workers of 4 for evacuation
[2019-08-30T11:16:47.992-0530][gc,phases    ] GC(1)   Pre Evacuate Collection Set: 0.0ms
[2019-08-30T11:16:47.992-0530][gc,phases    ] GC(1)   Evacuate Collection Set: 9.7ms
[2019-08-30T11:16:47.992-0530][gc,phases    ] GC(1)   Post Evacuate Collection Set: 0.2ms
[2019-08-30T11:16:47.992-0530][gc,phases    ] GC(1)   Other: 0.2ms
[2019-08-30T11:16:47.992-0530][gc,heap      ] GC(1) Eden regions: 21->0(24)
[2019-08-30T11:16:47.992-0530][gc,heap      ] GC(1) Survivor regions: 4->1(4)
[2019-08-30T11:16:47.992-0530][gc,heap      ] GC(1) Old regions: 1->5
[2019-08-30T11:16:47.992-0530][gc,heap      ] GC(1) Archive regions: 2->2
[2019-08-30T11:16:47.992-0530][gc,heap      ] GC(1) Humongous regions: 0->0
[2019-08-30T11:16:47.992-0530][gc,metaspace ] GC(1) Metaspace: 6888K->6888K(1056768K)
[2019-08-30T11:16:47.992-0530][gc           ] GC(1) Pause Young (Normal) (G1 Evacuation Pause) 26M->6M(512M) 10.415ms
[2019-08-30T11:16:47.992-0530][gc,cpu       ] GC(1) User=0.04s Sys=0.00s Real=0.01s
[2019-08-30T11:16:49.153-0530][gc,start     ] GC(2) Pause Young (Normal) (G1 Evacuation Pause)
[2019-08-30T11:16:49.153-0530][gc,task      ] GC(2) Using 4 workers of 4 for evacuation
[2019-08-30T11:16:49.155-0530][gc,phases    ] GC(2)   Pre Evacuate Collection Set: 0.0ms
[2019-08-30T11:16:49.155-0530][gc,phases    ] GC(2)   Evacuate Collection Set: 1.9ms
[2019-08-30T11:16:49.155-0530][gc,phases    ] GC(2)   Post Evacuate Collection Set: 0.2ms
[2019-08-30T11:16:49.155-0530][gc,phases    ] GC(2)   Other: 0.2ms
[2019-08-30T11:16:49.155-0530][gc,heap      ] GC(2) Eden regions: 24->0(24)
[2019-08-30T11:16:49.155-0530][gc,heap      ] GC(2) Survivor regions: 1->1(4)
[2019-08-30T11:16:49.155-0530][gc,heap      ] GC(2) Old regions: 5->5
[2019-08-30T11:16:49.156-0530][gc,heap      ] GC(2) Archive regions: 2->2
[2019-08-30T11:16:49.156-0530][gc,heap      ] GC(2) Humongous regions: 0->0
[2019-08-30T11:16:49.156-0530][gc,metaspace ] GC(2) Metaspace: 6891K->6891K(1056768K)
[2019-08-30T11:16:49.156-0530][gc           ] GC(2) Pause Young (Normal) (G1 Evacuation Pause) 30M->5M(512M) 2.549ms
[2019-08-30T11:16:49.156-0530][gc,cpu       ] GC(2) User=0.01s Sys=0.00s Real=0.00s
[2019-08-30T11:49:50.510-0530][gc,start     ] GC(3) Pause Young (Normal) (G1 Evacuation Pause)
[2019-08-30T11:49:50.572-0530][gc,task      ] GC(3) Using 4 workers of 4 for evacuation
[2019-08-30T11:49:50.576-0530][gc,phases    ] GC(3)   Pre Evacuate Collection Set: 0.7ms
[2019-08-30T11:49:50.576-0530][gc,phases    ] GC(3)   Evacuate Collection Set: 2.7ms
[2019-08-30T11:49:50.576-0530][gc,phases    ] GC(3)   Post Evacuate Collection Set: 0.3ms
[2019-08-30T11:49:50.576-0530][gc,phases    ] GC(3)   Other: 62.0ms
[2019-08-30T11:49:50.576-0530][gc,heap      ] GC(3) Eden regions: 24->0(24)
[2019-08-30T11:49:50.576-0530][gc,heap      ] GC(3) Survivor regions: 1->1(4)
[2019-08-30T11:49:50.576-0530][gc,heap      ] GC(3) Old regions: 5->5
[2019-08-30T11:49:50.576-0530][gc,heap      ] GC(3) Archive regions: 2->2
[2019-08-30T11:49:50.576-0530][gc,heap      ] GC(3) Humongous regions: 0->0
[2019-08-30T11:49:50.576-0530][gc,metaspace ] GC(3) Metaspace: 7694K->7694K(1056768K)
[2019-08-30T11:49:50.576-0530][gc           ] GC(3) Pause Young (Normal) (G1 Evacuation Pause) 29M->6M(512M) 65.962ms
[2019-08-30T11:49:50.576-0530][gc,cpu       ] GC(3) User=0.01s Sys=0.00s Real=0.06s
[2019-08-30T15:12:49.790-0530][gc,start     ] GC(4) Pause Young (Normal) (G1 Evacuation Pause)
[2019-08-30T15:12:49.832-0530][gc,task      ] GC(4) Using 4 workers of 4 for evacuation
[2019-08-30T15:12:49.839-0530][gc,phases    ] GC(4)   Pre Evacuate Collection Set: 0.7ms
[2019-08-30T15:12:49.839-0530][gc,phases    ] GC(4)   Evacuate Collection Set: 6.0ms
[2019-08-30T15:12:49.839-0530][gc,phases    ] GC(4)   Post Evacuate Collection Set: 0.4ms
[2019-08-30T15:12:49.839-0530][gc,phases    ] GC(4)   Other: 42.4ms
[2019-08-30T15:12:49.839-0530][gc,heap      ] GC(4) Eden regions: 24->0(24)
[2019-08-30T15:12:49.839-0530][gc,heap      ] GC(4) Survivor regions: 1->1(4)
[2019-08-30T15:12:49.839-0530][gc,heap      ] GC(4) Old regions: 5->5
[2019-08-30T15:12:49.839-0530][gc,heap      ] GC(4) Archive regions: 2->2
[2019-08-30T15:12:49.840-0530][gc,heap      ] GC(4) Humongous regions: 0->0
[2019-08-30T15:12:49.840-0530][gc,metaspace ] GC(4) Metaspace: 7740K->7740K(1056768K)
[2019-08-30T15:12:49.840-0530][gc           ] GC(4) Pause Young (Normal) (G1 Evacuation Pause) 30M->6M(512M) 49.829ms
[2019-08-30T15:12:49.840-0530][gc,cpu       ] GC(4) User=0.00s Sys=0.01s Real=0.05s
[2019-08-30T16:01:34.221-0530][gc,start     ] GC(5) Pause Young (Normal) (G1 Evacuation Pause)
[2019-08-30T16:01:34.228-0530][gc,task      ] GC(5) Using 4 workers of 4 for evacuation
[2019-08-30T16:01:34.231-0530][gc,phases    ] GC(5)   Pre Evacuate Collection Set: 0.0ms
[2019-08-30T16:01:34.231-0530][gc,phases    ] GC(5)   Evacuate Collection Set: 2.4ms
[2019-08-30T16:01:34.231-0530][gc,phases    ] GC(5)   Post Evacuate Collection Set: 0.3ms
[2019-08-30T16:01:34.231-0530][gc,phases    ] GC(5)   Other: 6.8ms
[2019-08-30T16:01:34.231-0530][gc,heap      ] GC(5) Eden regions: 24->0(24)
[2019-08-30T16:01:34.231-0530][gc,heap      ] GC(5) Survivor regions: 1->1(4)
[2019-08-30T16:01:34.231-0530][gc,heap      ] GC(5) Old regions: 5->5
[2019-08-30T16:01:34.231-0530][gc,heap      ] GC(5) Archive regions: 2->2
[2019-08-30T16:01:34.231-0530][gc,heap      ] GC(5) Humongous regions: 0->0
[2019-08-30T16:01:34.231-0530][gc,metaspace ] GC(5) Metaspace: 7785K->7785K(1056768K)
[2019-08-30T16:01:34.231-0530][gc           ] GC(5) Pause Young (Normal) (G1 Evacuation Pause) 30M->6M(512M) 10.050ms
[2019-08-30T16:01:34.231-0530][gc,cpu       ] GC(5) User=0.01s Sys=0.00s Real=0.01s
[2019-08-30T16:55:06.422-0530][gc,start     ] GC(6) Pause Young (Normal) (G1 Evacuation Pause)
[2019-08-30T16:55:06.439-0530][gc,task      ] GC(6) Using 4 workers of 4 for evacuation
[2019-08-30T16:55:06.441-0530][gc,phases    ] GC(6)   Pre Evacuate Collection Set: 0.0ms
[2019-08-30T16:55:06.441-0530][gc,phases    ] GC(6)   Evacuate Collection Set: 1.3ms
[2019-08-30T16:55:06.441-0530][gc,phases    ] GC(6)   Post Evacuate Collection Set: 0.3ms
[2019-08-30T16:55:06.441-0530][gc,phases    ] GC(6)   Other: 17.2ms
[2019-08-30T16:55:06.441-0530][gc,heap      ] GC(6) Eden regions: 24->0(25)
[2019-08-30T16:55:06.441-0530][gc,heap      ] GC(6) Survivor regions: 1->1(4)
[2019-08-30T16:55:06.441-0530][gc,heap      ] GC(6) Old regions: 5->5
[2019-08-30T16:55:06.441-0530][gc,heap      ] GC(6) Archive regions: 2->2
[2019-08-30T16:55:06.441-0530][gc,heap      ] GC(6) Humongous regions: 0->0
[2019-08-30T16:55:06.441-0530][gc,metaspace ] GC(6) Metaspace: 7824K->7824K(1056768K)
[2019-08-30T16:55:06.441-0530][gc           ] GC(6) Pause Young (Normal) (G1 Evacuation Pause) 30M->6M(512M) 19.054ms
[2019-08-30T16:55:06.441-0530][gc,cpu       ] GC(6) User=0.00s Sys=0.00s Real=0.02s
[2019-08-31T17:01:39.593-0530][gc,start     ] GC(7) Pause Young (Normal) (G1 Evacuation Pause)
[2019-08-31T17:01:39.629-0530][gc,task      ] GC(7) Using 4 workers of 4 for evacuation
[2019-08-31T17:01:39.635-0530][gc,phases    ] GC(7)   Pre Evacuate Collection Set: 0.7ms
[2019-08-31T17:01:39.635-0530][gc,phases    ] GC(7)   Evacuate Collection Set: 4.9ms
[2019-08-31T17:01:39.635-0530][gc,phases    ] GC(7)   Post Evacuate Collection Set: 0.3ms
[2019-08-31T17:01:39.635-0530][gc,phases    ] GC(7)   Other: 36.3ms
[2019-08-31T17:01:39.635-0530][gc,heap      ] GC(7) Eden regions: 25->0(26)
[2019-08-31T17:01:39.635-0530][gc,heap      ] GC(7) Survivor regions: 1->1(4)
[2019-08-31T17:01:39.635-0530][gc,heap      ] GC(7) Old regions: 5->5
[2019-08-31T17:01:39.635-0530][gc,heap      ] GC(7) Archive regions: 2->2
[2019-08-31T17:01:39.635-0530][gc,heap      ] GC(7) Humongous regions: 0->0
[2019-08-31T17:01:39.635-0530][gc,metaspace ] GC(7) Metaspace: 7857K->7857K(1056768K)
[2019-08-31T17:01:39.635-0530][gc           ] GC(7) Pause Young (Normal) (G1 Evacuation Pause) 31M->6M(512M) 42.434ms
[2019-08-31T17:01:39.635-0530][gc,cpu       ] GC(7) User=0.01s Sys=0.01s Real=0.04s
[2019-09-01T11:00:09.763-0530][gc,start     ] GC(8) Pause Young (Normal) (G1 Evacuation Pause)
[2019-09-01T11:00:10.010-0530][gc,task      ] GC(8) Using 4 workers of 4 for evacuation
[2019-09-01T11:00:10.127-0530][gc,mmu       ] GC(8) MMU target violated: 21.0ms (20.0ms/21.0ms)
[2019-09-01T11:00:10.127-0530][gc,phases    ] GC(8)   Pre Evacuate Collection Set: 0.0ms
[2019-09-01T11:00:10.127-0530][gc,phases    ] GC(8)   Evacuate Collection Set: 84.3ms
[2019-09-01T11:00:10.127-0530][gc,phases    ] GC(8)   Post Evacuate Collection Set: 23.8ms
[2019-09-01T11:00:10.127-0530][gc,phases    ] GC(8)   Other: 255.8ms
[2019-09-01T11:00:10.127-0530][gc,heap      ] GC(8) Eden regions: 26->0(24)
[2019-09-01T11:00:10.127-0530][gc,heap      ] GC(8) Survivor regions: 1->1(4)
[2019-09-01T11:00:10.127-0530][gc,heap      ] GC(8) Old regions: 5->5
[2019-09-01T11:00:10.127-0530][gc,heap      ] GC(8) Archive regions: 2->2
[2019-09-01T11:00:10.127-0530][gc,heap      ] GC(8) Humongous regions: 0->0
[2019-09-01T11:00:10.127-0530][gc,metaspace ] GC(8) Metaspace: 7871K->7871K(1056768K)
[2019-09-01T11:00:10.128-0530][gc           ] GC(8) Pause Young (Normal) (G1 Evacuation Pause) 32M->6M(512M) 364.245ms
[2019-09-01T11:00:10.128-0530][gc,cpu       ] GC(8) User=0.05s Sys=0.01s Real=0.36s
[2019-09-01T13:03:09.072-0530][gc,start     ] GC(9) Pause Young (Normal) (G1 Evacuation Pause)
[2019-09-01T13:03:09.172-0530][gc,task      ] GC(9) Using 4 workers of 4 for evacuation
[2019-09-01T13:03:09.178-0530][gc,phases    ] GC(9)   Pre Evacuate Collection Set: 0.9ms
[2019-09-01T13:03:09.178-0530][gc,phases    ] GC(9)   Evacuate Collection Set: 4.0ms
[2019-09-01T13:03:09.178-0530][gc,phases    ] GC(9)   Post Evacuate Collection Set: 0.3ms
[2019-09-01T13:03:09.178-0530][gc,phases    ] GC(9)   Other: 100.1ms
[2019-09-01T13:03:09.178-0530][gc,heap      ] GC(9) Eden regions: 24->0(25)
[2019-09-01T13:03:09.178-0530][gc,heap      ] GC(9) Survivor regions: 1->1(4)
[2019-09-01T13:03:09.178-0530][gc,heap      ] GC(9) Old regions: 5->5
[2019-09-01T13:03:09.178-0530][gc,heap      ] GC(9) Archive regions: 2->2
[2019-09-01T13:03:09.178-0530][gc,heap      ] GC(9) Humongous regions: 0->0
[2019-09-01T13:03:09.178-0530][gc,metaspace ] GC(9) Metaspace: 7873K->7873K(1056768K)
[2019-09-01T13:03:09.178-0530][gc           ] GC(9) Pause Young (Normal) (G1 Evacuation Pause) 30M->6M(512M) 105.638ms
[2019-09-01T13:03:09.178-0530][gc,cpu       ] GC(9) User=0.01s Sys=0.00s Real=0.10s
