[2019-08-28T17:33:10.739-0530][gc,heap] Heap region size: 1M
[2019-08-28T17:33:10.747-0530][gc     ] Using G1
[2019-08-28T17:33:10.747-0530][gc,heap,coops] Heap address: 0x00000007e0000000, size: 512 MB, Compressed Oops mode: Zero based, Oop shift amount: 3
[2019-08-28T17:33:10.748-0530][gc,cds       ] Mark closed archive regions in map: [0x00000007fff00000, 0x00000007fff6fff8]
[2019-08-28T17:33:10.749-0530][gc,cds       ] Mark open archive regions in map: [0x00000007ffe00000, 0x00000007ffe47ff8]
[2019-08-28T17:33:10.771-0530][gc           ] Periodic GC disabled
[2019-08-28T17:33:12.924-0530][gc,start     ] GC(0) Pause Young (Normal) (G1 Evacuation Pause)
[2019-08-28T17:33:12.925-0530][gc,task      ] GC(0) Using 4 workers of 4 for evacuation
[2019-08-28T17:33:12.938-0530][gc,phases    ] GC(0)   Pre Evacuate Collection Set: 0.0ms
[2019-08-28T17:33:12.938-0530][gc,phases    ] GC(0)   Evacuate Collection Set: 12.9ms
[2019-08-28T17:33:12.938-0530][gc,phases    ] GC(0)   Post Evacuate Collection Set: 0.3ms
[2019-08-28T17:33:12.938-0530][gc,phases    ] GC(0)   Other: 0.6ms
[2019-08-28T17:33:12.938-0530][gc,heap      ] GC(0) Eden regions: 25->0(21)
[2019-08-28T17:33:12.938-0530][gc,heap      ] GC(0) Survivor regions: 0->4(4)
[2019-08-28T17:33:12.938-0530][gc,heap      ] GC(0) Old regions: 0->2
[2019-08-28T17:33:12.938-0530][gc,heap      ] GC(0) Archive regions: 2->2
[2019-08-28T17:33:12.938-0530][gc,heap      ] GC(0) Humongous regions: 0->0
[2019-08-28T17:33:12.938-0530][gc,metaspace ] GC(0) Metaspace: 6747K->6747K(1056768K)
[2019-08-28T17:33:12.938-0530][gc           ] GC(0) Pause Young (Normal) (G1 Evacuation Pause) 25M->5M(512M) 14.072ms
[2019-08-28T17:33:12.938-0530][gc,cpu       ] GC(0) User=0.04s Sys=0.01s Real=0.01s
[2019-08-28T17:33:14.215-0530][gc,start     ] GC(1) Pause Young (Normal) (G1 Evacuation Pause)
[2019-08-28T17:33:14.215-0530][gc,task      ] GC(1) Using 4 workers of 4 for evacuation
[2019-08-28T17:33:14.226-0530][gc,phases    ] GC(1)   Pre Evacuate Collection Set: 0.0ms
[2019-08-28T17:33:14.227-0530][gc,phases    ] GC(1)   Evacuate Collection Set: 10.8ms
[2019-08-28T17:33:14.227-0530][gc,phases    ] GC(1)   Post Evacuate Collection Set: 0.3ms
[2019-08-28T17:33:14.227-0530][gc,phases    ] GC(1)   Other: 0.2ms
[2019-08-28T17:33:14.227-0530][gc,heap      ] GC(1) Eden regions: 21->0(24)
[2019-08-28T17:33:14.227-0530][gc,heap      ] GC(1) Survivor regions: 4->1(4)
[2019-08-28T17:33:14.227-0530][gc,heap      ] GC(1) Old regions: 2->6
[2019-08-28T17:33:14.227-0530][gc,heap      ] GC(1) Archive regions: 2->2
[2019-08-28T17:33:14.227-0530][gc,heap      ] GC(1) Humongous regions: 0->0
[2019-08-28T17:33:14.227-0530][gc,metaspace ] GC(1) Metaspace: 6859K->6859K(1056768K)
[2019-08-28T17:33:14.227-0530][gc           ] GC(1) Pause Young (Normal) (G1 Evacuation Pause) 26M->6M(512M) 11.573ms
[2019-08-28T17:33:14.227-0530][gc,cpu       ] GC(1) User=0.04s Sys=0.00s Real=0.01s
[2019-08-28T17:33:15.818-0530][gc,start     ] GC(2) Pause Young (Normal) (G1 Evacuation Pause)
[2019-08-28T17:33:15.818-0530][gc,task      ] GC(2) Using 4 workers of 4 for evacuation
[2019-08-28T17:33:15.819-0530][gc,phases    ] GC(2)   Pre Evacuate Collection Set: 0.0ms
[2019-08-28T17:33:15.819-0530][gc,phases    ] GC(2)   Evacuate Collection Set: 0.8ms
[2019-08-28T17:33:15.819-0530][gc,phases    ] GC(2)   Post Evacuate Collection Set: 0.2ms
[2019-08-28T17:33:15.819-0530][gc,phases    ] GC(2)   Other: 0.2ms
[2019-08-28T17:33:15.819-0530][gc,heap      ] GC(2) Eden regions: 24->0(24)
[2019-08-28T17:33:15.819-0530][gc,heap      ] GC(2) Survivor regions: 1->1(4)
[2019-08-28T17:33:15.819-0530][gc,heap      ] GC(2) Old regions: 6->6
[2019-08-28T17:33:15.819-0530][gc,heap      ] GC(2) Archive regions: 2->2
[2019-08-28T17:33:15.819-0530][gc,heap      ] GC(2) Humongous regions: 0->0
[2019-08-28T17:33:15.819-0530][gc,metaspace ] GC(2) Metaspace: 6874K->6874K(1056768K)
[2019-08-28T17:33:15.819-0530][gc           ] GC(2) Pause Young (Normal) (G1 Evacuation Pause) 30M->6M(512M) 1.491ms
[2019-08-28T17:33:15.819-0530][gc,cpu       ] GC(2) User=0.00s Sys=0.00s Real=0.00s
[2019-08-28T18:23:32.468-0530][gc,start     ] GC(3) Pause Young (Normal) (G1 Evacuation Pause)
[2019-08-28T18:23:32.483-0530][gc,task      ] GC(3) Using 4 workers of 4 for evacuation
[2019-08-28T18:23:32.496-0530][gc,phases    ] GC(3)   Pre Evacuate Collection Set: 0.0ms
[2019-08-28T18:23:32.496-0530][gc,phases    ] GC(3)   Evacuate Collection Set: 11.3ms
[2019-08-28T18:23:32.496-0530][gc,phases    ] GC(3)   Post Evacuate Collection Set: 0.3ms
[2019-08-28T18:23:32.496-0530][gc,phases    ] GC(3)   Other: 16.0ms
[2019-08-28T18:23:32.496-0530][gc,heap      ] GC(3) Eden regions: 24->0(24)
[2019-08-28T18:23:32.496-0530][gc,heap      ] GC(3) Survivor regions: 1->1(4)
[2019-08-28T18:23:32.496-0530][gc,heap      ] GC(3) Old regions: 6->6
[2019-08-28T18:23:32.496-0530][gc,heap      ] GC(3) Archive regions: 2->2
[2019-08-28T18:23:32.496-0530][gc,heap      ] GC(3) Humongous regions: 0->0
[2019-08-28T18:23:32.496-0530][gc,metaspace ] GC(3) Metaspace: 7686K->7686K(1056768K)
[2019-08-28T18:23:32.496-0530][gc           ] GC(3) Pause Young (Normal) (G1 Evacuation Pause) 30M->6M(512M) 28.228ms
[2019-08-28T18:23:32.496-0530][gc,cpu       ] GC(3) User=0.01s Sys=0.00s Real=0.03s
[2019-08-28T23:53:30.212-0530][gc,start     ] GC(4) Pause Young (Normal) (G1 Evacuation Pause)
[2019-08-28T23:53:30.249-0530][gc,task      ] GC(4) Using 4 workers of 4 for evacuation
[2019-08-28T23:53:30.256-0530][gc,phases    ] GC(4)   Pre Evacuate Collection Set: 1.0ms
[2019-08-28T23:53:30.256-0530][gc,phases    ] GC(4)   Evacuate Collection Set: 5.4ms
[2019-08-28T23:53:30.256-0530][gc,phases    ] GC(4)   Post Evacuate Collection Set: 0.4ms
[2019-08-28T23:53:30.256-0530][gc,phases    ] GC(4)   Other: 36.6ms
[2019-08-28T23:53:30.256-0530][gc,heap      ] GC(4) Eden regions: 24->0(24)
[2019-08-28T23:53:30.256-0530][gc,heap      ] GC(4) Survivor regions: 1->1(4)
[2019-08-28T23:53:30.256-0530][gc,heap      ] GC(4) Old regions: 6->6
[2019-08-28T23:53:30.256-0530][gc,heap      ] GC(4) Archive regions: 2->2
[2019-08-28T23:53:30.256-0530][gc,heap      ] GC(4) Humongous regions: 0->0
[2019-08-28T23:53:30.256-0530][gc,metaspace ] GC(4) Metaspace: 7747K->7747K(1056768K)
[2019-08-28T23:53:30.256-0530][gc           ] GC(4) Pause Young (Normal) (G1 Evacuation Pause) 30M->6M(512M) 43.550ms
[2019-08-28T23:53:30.256-0530][gc,cpu       ] GC(4) User=0.00s Sys=0.02s Real=0.04s
[2019-08-29T12:05:35.551-0530][gc,start     ] GC(5) Pause Young (Normal) (G1 Evacuation Pause)
[2019-08-29T12:05:35.574-0530][gc,task      ] GC(5) Using 4 workers of 4 for evacuation
[2019-08-29T12:05:35.578-0530][gc,phases    ] GC(5)   Pre Evacuate Collection Set: 0.0ms
[2019-08-29T12:05:35.578-0530][gc,phases    ] GC(5)   Evacuate Collection Set: 2.9ms
[2019-08-29T12:05:35.578-0530][gc,phases    ] GC(5)   Post Evacuate Collection Set: 0.5ms
[2019-08-29T12:05:35.578-0530][gc,phases    ] GC(5)   Other: 23.8ms
[2019-08-29T12:05:35.578-0530][gc,heap      ] GC(5) Eden regions: 24->0(24)
[2019-08-29T12:05:35.578-0530][gc,heap      ] GC(5) Survivor regions: 1->1(4)
[2019-08-29T12:05:35.578-0530][gc,heap      ] GC(5) Old regions: 6->6
[2019-08-29T12:05:35.578-0530][gc,heap      ] GC(5) Archive regions: 2->2
[2019-08-29T12:05:35.578-0530][gc,heap      ] GC(5) Humongous regions: 0->0
[2019-08-29T12:05:35.578-0530][gc,metaspace ] GC(5) Metaspace: 7779K->7779K(1056768K)
[2019-08-29T12:05:35.578-0530][gc           ] GC(5) Pause Young (Normal) (G1 Evacuation Pause) 30M->6M(512M) 27.605ms
[2019-08-29T12:05:35.578-0530][gc,cpu       ] GC(5) User=0.01s Sys=0.01s Real=0.02s
[2019-08-29T14:55:53.065-0530][gc,start     ] GC(6) Pause Young (Normal) (G1 Evacuation Pause)
[2019-08-29T14:55:53.103-0530][gc,task      ] GC(6) Using 4 workers of 4 for evacuation
[2019-08-29T14:55:53.109-0530][gc,phases    ] GC(6)   Pre Evacuate Collection Set: 0.9ms
[2019-08-29T14:55:53.109-0530][gc,phases    ] GC(6)   Evacuate Collection Set: 4.3ms
[2019-08-29T14:55:53.109-0530][gc,phases    ] GC(6)   Post Evacuate Collection Set: 0.4ms
[2019-08-29T14:55:53.109-0530][gc,phases    ] GC(6)   Other: 38.6ms
[2019-08-29T14:55:53.109-0530][gc,heap      ] GC(6) Eden regions: 24->0(24)
[2019-08-29T14:55:53.109-0530][gc,heap      ] GC(6) Survivor regions: 1->1(4)
[2019-08-29T14:55:53.109-0530][gc,heap      ] GC(6) Old regions: 6->6
[2019-08-29T14:55:53.109-0530][gc,heap      ] GC(6) Archive regions: 2->2
[2019-08-29T14:55:53.109-0530][gc,heap      ] GC(6) Humongous regions: 0->0
[2019-08-29T14:55:53.109-0530][gc,metaspace ] GC(6) Metaspace: 7804K->7804K(1056768K)
[2019-08-29T14:55:53.109-0530][gc           ] GC(6) Pause Young (Normal) (G1 Evacuation Pause) 30M->6M(512M) 44.513ms
[2019-08-29T14:55:53.109-0530][gc,cpu       ] GC(6) User=0.01s Sys=0.01s Real=0.04s
[2019-08-29T16:51:14.983-0530][gc,start     ] GC(7) Pause Young (Normal) (G1 Evacuation Pause)
[2019-08-29T16:51:15.057-0530][gc,task      ] GC(7) Using 4 workers of 4 for evacuation
[2019-08-29T16:51:15.063-0530][gc,phases    ] GC(7)   Pre Evacuate Collection Set: 0.1ms
[2019-08-29T16:51:15.063-0530][gc,phases    ] GC(7)   Evacuate Collection Set: 4.9ms
[2019-08-29T16:51:15.063-0530][gc,phases    ] GC(7)   Post Evacuate Collection Set: 0.3ms
[2019-08-29T16:51:15.063-0530][gc,phases    ] GC(7)   Other: 74.2ms
[2019-08-29T16:51:15.063-0530][gc,heap      ] GC(7) Eden regions: 24->0(24)
[2019-08-29T16:51:15.063-0530][gc,heap      ] GC(7) Survivor regions: 1->1(4)
[2019-08-29T16:51:15.063-0530][gc,heap      ] GC(7) Old regions: 6->6
[2019-08-29T16:51:15.063-0530][gc,heap      ] GC(7) Archive regions: 2->2
[2019-08-29T16:51:15.063-0530][gc,heap      ] GC(7) Humongous regions: 0->0
[2019-08-29T16:51:15.063-0530][gc,metaspace ] GC(7) Metaspace: 7804K->7804K(1056768K)
[2019-08-29T16:51:15.063-0530][gc           ] GC(7) Pause Young (Normal) (G1 Evacuation Pause) 30M->6M(512M) 79.913ms
[2019-08-29T16:51:15.063-0530][gc,cpu       ] GC(7) User=0.01s Sys=0.01s Real=0.08s
[2019-08-29T18:37:55.245-0530][gc,start     ] GC(8) Pause Young (Normal) (G1 Evacuation Pause)
[2019-08-29T18:37:55.300-0530][gc,task      ] GC(8) Using 4 workers of 4 for evacuation
[2019-08-29T18:37:55.402-0530][gc,mmu       ] GC(8) MMU target violated: 21.0ms (20.0ms/21.0ms)
[2019-08-29T18:37:55.402-0530][gc,phases    ] GC(8)   Pre Evacuate Collection Set: 0.0ms
[2019-08-29T18:37:55.402-0530][gc,phases    ] GC(8)   Evacuate Collection Set: 101.7ms
[2019-08-29T18:37:55.402-0530][gc,phases    ] GC(8)   Post Evacuate Collection Set: 0.4ms
[2019-08-29T18:37:55.402-0530][gc,phases    ] GC(8)   Other: 55.4ms
[2019-08-29T18:37:55.402-0530][gc,heap      ] GC(8) Eden regions: 24->0(24)
[2019-08-29T18:37:55.402-0530][gc,heap      ] GC(8) Survivor regions: 1->1(4)
[2019-08-29T18:37:55.402-0530][gc,heap      ] GC(8) Old regions: 6->6
[2019-08-29T18:37:55.402-0530][gc,heap      ] GC(8) Archive regions: 2->2
[2019-08-29T18:37:55.402-0530][gc,heap      ] GC(8) Humongous regions: 0->0
[2019-08-29T18:37:55.402-0530][gc,metaspace ] GC(8) Metaspace: 7904K->7904K(1056768K)
[2019-08-29T18:37:55.402-0530][gc           ] GC(8) Pause Young (Normal) (G1 Evacuation Pause) 30M->6M(512M) 157.629ms
[2019-08-29T18:37:55.402-0530][gc,cpu       ] GC(8) User=0.08s Sys=0.01s Real=0.16s
[2019-08-30T10:37:55.027-0530][gc,start     ] GC(9) Pause Young (Normal) (G1 Evacuation Pause)
[2019-08-30T10:37:55.062-0530][gc,task      ] GC(9) Using 4 workers of 4 for evacuation
[2019-08-30T10:37:55.120-0530][gc,mmu       ] GC(9) MMU target violated: 21.0ms (20.0ms/21.0ms)
[2019-08-30T10:37:55.120-0530][gc,phases    ] GC(9)   Pre Evacuate Collection Set: 1.0ms
[2019-08-30T10:37:55.120-0530][gc,phases    ] GC(9)   Evacuate Collection Set: 56.4ms
[2019-08-30T10:37:55.120-0530][gc,phases    ] GC(9)   Post Evacuate Collection Set: 0.3ms
[2019-08-30T10:37:55.120-0530][gc,phases    ] GC(9)   Other: 35.4ms
[2019-08-30T10:37:55.120-0530][gc,heap      ] GC(9) Eden regions: 24->0(24)
[2019-08-30T10:37:55.120-0530][gc,heap      ] GC(9) Survivor regions: 1->1(4)
[2019-08-30T10:37:55.120-0530][gc,heap      ] GC(9) Old regions: 6->6
[2019-08-30T10:37:55.120-0530][gc,heap      ] GC(9) Archive regions: 2->2
[2019-08-30T10:37:55.120-0530][gc,heap      ] GC(9) Humongous regions: 0->0
[2019-08-30T10:37:55.120-0530][gc,metaspace ] GC(9) Metaspace: 7923K->7923K(1056768K)
[2019-08-30T10:37:55.121-0530][gc           ] GC(9) Pause Young (Normal) (G1 Evacuation Pause) 30M->6M(512M) 93.201ms
[2019-08-30T10:37:55.121-0530][gc,cpu       ] GC(9) User=0.03s Sys=0.02s Real=0.10s
[2019-08-30T11:16:40.771-0530][gc,heap,exit ] Heap
[2019-08-30T11:16:40.798-0530][gc,heap,exit ]  garbage-first heap   total 524288K, used 16035K [0x00000007e0000000, 0x0000000800000000)
[2019-08-30T11:16:40.798-0530][gc,heap,exit ]   region size 1024K, 11 young (11264K), 1 survivors (1024K)
[2019-08-30T11:16:40.798-0530][gc,heap,exit ]  Metaspace       used 7927K, capacity 8190K, committed 8448K, reserved 1056768K
[2019-08-30T11:16:40.798-0530][gc,heap,exit ]   class space    used 832K, capacity 941K, committed 1024K, reserved 1048576K
