[2019-08-26T10:43:14.249-0530][gc,heap] Heap region size: 1M
[2019-08-26T10:43:14.257-0530][gc     ] Using G1
[2019-08-26T10:43:14.257-0530][gc,heap,coops] Heap address: 0x00000007e0000000, size: 512 MB, Compressed Oops mode: Zero based, Oop shift amount: 3
[2019-08-26T10:43:14.258-0530][gc,cds       ] Mark closed archive regions in map: [0x00000007fff00000, 0x00000007fff6fff8]
[2019-08-26T10:43:14.258-0530][gc,cds       ] Mark open archive regions in map: [0x00000007ffe00000, 0x00000007ffe47ff8]
[2019-08-26T10:43:14.287-0530][gc           ] Periodic GC disabled
[2019-08-26T10:43:17.017-0530][gc,start     ] GC(0) Pause Young (Normal) (G1 Evacuation Pause)
[2019-08-26T10:43:17.018-0530][gc,task      ] GC(0) Using 4 workers of 4 for evacuation
[2019-08-26T10:43:17.031-0530][gc,phases    ] GC(0)   Pre Evacuate Collection Set: 0.0ms
[2019-08-26T10:43:17.031-0530][gc,phases    ] GC(0)   Evacuate Collection Set: 13.2ms
[2019-08-26T10:43:17.032-0530][gc,phases    ] GC(0)   Post Evacuate Collection Set: 0.4ms
[2019-08-26T10:43:17.032-0530][gc,phases    ] GC(0)   Other: 0.4ms
[2019-08-26T10:43:17.032-0530][gc,heap      ] GC(0) Eden regions: 25->0(21)
[2019-08-26T10:43:17.032-0530][gc,heap      ] GC(0) Survivor regions: 0->4(4)
[2019-08-26T10:43:17.032-0530][gc,heap      ] GC(0) Old regions: 0->2
[2019-08-26T10:43:17.032-0530][gc,heap      ] GC(0) Archive regions: 2->2
[2019-08-26T10:43:17.032-0530][gc,heap      ] GC(0) Humongous regions: 0->0
[2019-08-26T10:43:17.032-0530][gc,metaspace ] GC(0) Metaspace: 6760K->6760K(1056768K)
[2019-08-26T10:43:17.032-0530][gc           ] GC(0) Pause Young (Normal) (G1 Evacuation Pause) 25M->5M(512M) 14.322ms
[2019-08-26T10:43:17.032-0530][gc,cpu       ] GC(0) User=0.03s Sys=0.00s Real=0.02s
[2019-08-26T10:43:18.078-0530][gc,start     ] GC(1) Pause Young (Normal) (G1 Evacuation Pause)
[2019-08-26T10:43:18.078-0530][gc,task      ] GC(1) Using 4 workers of 4 for evacuation
[2019-08-26T10:43:18.087-0530][gc,phases    ] GC(1)   Pre Evacuate Collection Set: 0.0ms
[2019-08-26T10:43:18.087-0530][gc,phases    ] GC(1)   Evacuate Collection Set: 8.4ms
[2019-08-26T10:43:18.087-0530][gc,phases    ] GC(1)   Post Evacuate Collection Set: 0.3ms
[2019-08-26T10:43:18.087-0530][gc,phases    ] GC(1)   Other: 0.2ms
[2019-08-26T10:43:18.087-0530][gc,heap      ] GC(1) Eden regions: 21->0(24)
[2019-08-26T10:43:18.087-0530][gc,heap      ] GC(1) Survivor regions: 4->1(4)
[2019-08-26T10:43:18.087-0530][gc,heap      ] GC(1) Old regions: 2->6
[2019-08-26T10:43:18.087-0530][gc,heap      ] GC(1) Archive regions: 2->2
[2019-08-26T10:43:18.087-0530][gc,heap      ] GC(1) Humongous regions: 0->0
[2019-08-26T10:43:18.087-0530][gc,metaspace ] GC(1) Metaspace: 6872K->6872K(1056768K)
[2019-08-26T10:43:18.087-0530][gc           ] GC(1) Pause Young (Normal) (G1 Evacuation Pause) 26M->6M(512M) 9.179ms
[2019-08-26T10:43:18.087-0530][gc,cpu       ] GC(1) User=0.03s Sys=0.00s Real=0.01s
[2019-08-26T10:56:23.795-0530][gc,start     ] GC(2) Pause Young (Normal) (G1 Evacuation Pause)
[2019-08-26T10:56:23.828-0530][gc,task      ] GC(2) Using 4 workers of 4 for evacuation
[2019-08-26T10:56:23.834-0530][gc,phases    ] GC(2)   Pre Evacuate Collection Set: 1.6ms
[2019-08-26T10:56:23.834-0530][gc,phases    ] GC(2)   Evacuate Collection Set: 3.1ms
[2019-08-26T10:56:23.834-0530][gc,phases    ] GC(2)   Post Evacuate Collection Set: 0.5ms
[2019-08-26T10:56:23.834-0530][gc,phases    ] GC(2)   Other: 33.8ms
[2019-08-26T10:56:23.834-0530][gc,heap      ] GC(2) Eden regions: 24->0(24)
[2019-08-26T10:56:23.834-0530][gc,heap      ] GC(2) Survivor regions: 1->1(4)
[2019-08-26T10:56:23.834-0530][gc,heap      ] GC(2) Old regions: 6->6
[2019-08-26T10:56:23.834-0530][gc,heap      ] GC(2) Archive regions: 2->2
[2019-08-26T10:56:23.834-0530][gc,heap      ] GC(2) Humongous regions: 0->0
[2019-08-26T10:56:23.834-0530][gc,metaspace ] GC(2) Metaspace: 7714K->7714K(1056768K)
[2019-08-26T10:56:23.835-0530][gc           ] GC(2) Pause Young (Normal) (G1 Evacuation Pause) 30M->6M(512M) 39.450ms
[2019-08-26T10:56:23.835-0530][gc,cpu       ] GC(2) User=0.01s Sys=0.00s Real=0.04s
[2019-08-26T11:03:26.367-0530][gc,heap,exit ] Heap
[2019-08-26T11:03:26.420-0530][gc,heap,exit ]  garbage-first heap   total 524288K, used 8730K [0x00000007e0000000, 0x0000000800000000)
[2019-08-26T11:03:26.421-0530][gc,heap,exit ]   region size 1024K, 4 young (4096K), 1 survivors (1024K)
[2019-08-26T11:03:26.421-0530][gc,heap,exit ]  Metaspace       used 7719K, capacity 8062K, committed 8192K, reserved 1056768K
[2019-08-26T11:03:26.421-0530][gc,heap,exit ]   class space    used 825K, capacity 941K, committed 1024K, reserved 1048576K
