[2019-08-28T17:18:55.216-0530][gc,heap] Heap region size: 1M
[2019-08-28T17:18:55.320-0530][gc     ] Using G1
[2019-08-28T17:18:55.408-0530][gc,heap,coops] Heap address: 0x00000007e0000000, size: 512 MB, Compressed Oops mode: Zero based, Oop shift amount: 3
[2019-08-28T17:18:55.409-0530][gc,cds       ] Mark closed archive regions in map: [0x00000007fff00000, 0x00000007fff6fff8]
[2019-08-28T17:18:55.409-0530][gc,cds       ] Mark open archive regions in map: [0x00000007ffe00000, 0x00000007ffe47ff8]
[2019-08-28T17:18:55.431-0530][gc           ] Periodic GC disabled
[2019-08-28T17:18:58.677-0530][gc,start     ] GC(0) Pause Young (Normal) (G1 Evacuation Pause)
[2019-08-28T17:18:58.677-0530][gc,task      ] GC(0) Using 4 workers of 4 for evacuation
[2019-08-28T17:18:58.693-0530][gc,phases    ] GC(0)   Pre Evacuate Collection Set: 0.0ms
[2019-08-28T17:18:58.694-0530][gc,phases    ] GC(0)   Evacuate Collection Set: 15.7ms
[2019-08-28T17:18:58.694-0530][gc,phases    ] GC(0)   Post Evacuate Collection Set: 0.4ms
[2019-08-28T17:18:58.694-0530][gc,phases    ] GC(0)   Other: 0.6ms
[2019-08-28T17:18:58.694-0530][gc,heap      ] GC(0) Eden regions: 25->0(21)
[2019-08-28T17:18:58.694-0530][gc,heap      ] GC(0) Survivor regions: 0->4(4)
[2019-08-28T17:18:58.694-0530][gc,heap      ] GC(0) Old regions: 0->2
[2019-08-28T17:18:58.694-0530][gc,heap      ] GC(0) Archive regions: 2->2
[2019-08-28T17:18:58.694-0530][gc,heap      ] GC(0) Humongous regions: 0->0
[2019-08-28T17:18:58.694-0530][gc,metaspace ] GC(0) Metaspace: 6866K->6866K(1056768K)
[2019-08-28T17:18:58.694-0530][gc           ] GC(0) Pause Young (Normal) (G1 Evacuation Pause) 25M->5M(512M) 17.088ms
[2019-08-28T17:18:58.694-0530][gc,cpu       ] GC(0) User=0.04s Sys=0.01s Real=0.02s
[2019-08-28T17:18:59.603-0530][gc,start     ] GC(1) Pause Young (Normal) (G1 Evacuation Pause)
[2019-08-28T17:18:59.603-0530][gc,task      ] GC(1) Using 4 workers of 4 for evacuation
[2019-08-28T17:18:59.614-0530][gc,phases    ] GC(1)   Pre Evacuate Collection Set: 0.0ms
[2019-08-28T17:18:59.614-0530][gc,phases    ] GC(1)   Evacuate Collection Set: 10.4ms
[2019-08-28T17:18:59.614-0530][gc,phases    ] GC(1)   Post Evacuate Collection Set: 0.3ms
[2019-08-28T17:18:59.614-0530][gc,phases    ] GC(1)   Other: 0.2ms
[2019-08-28T17:18:59.614-0530][gc,heap      ] GC(1) Eden regions: 21->0(24)
[2019-08-28T17:18:59.614-0530][gc,heap      ] GC(1) Survivor regions: 4->1(4)
[2019-08-28T17:18:59.614-0530][gc,heap      ] GC(1) Old regions: 2->5
[2019-08-28T17:18:59.614-0530][gc,heap      ] GC(1) Archive regions: 2->2
[2019-08-28T17:18:59.614-0530][gc,heap      ] GC(1) Humongous regions: 0->0
[2019-08-28T17:18:59.614-0530][gc,metaspace ] GC(1) Metaspace: 6872K->6872K(1056768K)
[2019-08-28T17:18:59.614-0530][gc           ] GC(1) Pause Young (Normal) (G1 Evacuation Pause) 26M->6M(512M) 11.149ms
[2019-08-28T17:18:59.614-0530][gc,cpu       ] GC(1) User=0.02s Sys=0.00s Real=0.01s
[2019-08-28T17:19:00.801-0530][gc,start     ] GC(2) Pause Young (Normal) (G1 Evacuation Pause)
[2019-08-28T17:19:00.801-0530][gc,task      ] GC(2) Using 4 workers of 4 for evacuation
[2019-08-28T17:19:00.802-0530][gc,phases    ] GC(2)   Pre Evacuate Collection Set: 0.0ms
[2019-08-28T17:19:00.802-0530][gc,phases    ] GC(2)   Evacuate Collection Set: 0.7ms
[2019-08-28T17:19:00.802-0530][gc,phases    ] GC(2)   Post Evacuate Collection Set: 0.2ms
[2019-08-28T17:19:00.802-0530][gc,phases    ] GC(2)   Other: 0.2ms
[2019-08-28T17:19:00.802-0530][gc,heap      ] GC(2) Eden regions: 24->0(24)
[2019-08-28T17:19:00.802-0530][gc,heap      ] GC(2) Survivor regions: 1->1(4)
[2019-08-28T17:19:00.802-0530][gc,heap      ] GC(2) Old regions: 5->5
[2019-08-28T17:19:00.802-0530][gc,heap      ] GC(2) Archive regions: 2->2
[2019-08-28T17:19:00.802-0530][gc,heap      ] GC(2) Humongous regions: 0->0
[2019-08-28T17:19:00.802-0530][gc,metaspace ] GC(2) Metaspace: 6887K->6887K(1056768K)
[2019-08-28T17:19:00.802-0530][gc           ] GC(2) Pause Young (Normal) (G1 Evacuation Pause) 30M->6M(512M) 1.386ms
[2019-08-28T17:19:00.802-0530][gc,cpu       ] GC(2) User=0.00s Sys=0.00s Real=0.00s
[2019-08-28T17:33:04.327-0530][gc,heap,exit ] Heap
[2019-08-28T17:33:04.365-0530][gc,heap,exit ]  garbage-first heap   total 524288K, used 24741K [0x00000007e0000000, 0x0000000800000000)
[2019-08-28T17:33:04.463-0530][gc,heap,exit ]   region size 1024K, 20 young (20480K), 1 survivors (1024K)
[2019-08-28T17:33:04.463-0530][gc,heap,exit ]  Metaspace       used 7723K, capacity 8058K, committed 8192K, reserved 1056768K
[2019-08-28T17:33:04.463-0530][gc,heap,exit ]   class space    used 825K, capacity 941K, committed 1024K, reserved 1048576K
