[2019-08-28T16:47:39.948-0530][gc,heap] Heap region size: 1M
[2019-08-28T16:47:39.957-0530][gc     ] Using G1
[2019-08-28T16:47:39.957-0530][gc,heap,coops] Heap address: 0x00000007e0000000, size: 512 MB, Compressed Oops mode: Zero based, Oop shift amount: 3
[2019-08-28T16:47:39.958-0530][gc,cds       ] Mark closed archive regions in map: [0x00000007fff00000, 0x00000007fff6fff8]
[2019-08-28T16:47:39.958-0530][gc,cds       ] Mark open archive regions in map: [0x00000007ffe00000, 0x00000007ffe47ff8]
[2019-08-28T16:47:39.979-0530][gc           ] Periodic GC disabled
[2019-08-28T16:47:42.173-0530][gc,start     ] GC(0) Pause Young (Normal) (G1 Evacuation Pause)
[2019-08-28T16:47:42.173-0530][gc,task      ] GC(0) Using 4 workers of 4 for evacuation
[2019-08-28T16:47:42.187-0530][gc,phases    ] GC(0)   Pre Evacuate Collection Set: 0.0ms
[2019-08-28T16:47:42.187-0530][gc,phases    ] GC(0)   Evacuate Collection Set: 13.5ms
[2019-08-28T16:47:42.187-0530][gc,phases    ] GC(0)   Post Evacuate Collection Set: 0.3ms
[2019-08-28T16:47:42.188-0530][gc,phases    ] GC(0)   Other: 0.7ms
[2019-08-28T16:47:42.188-0530][gc,heap      ] GC(0) Eden regions: 25->0(21)
[2019-08-28T16:47:42.188-0530][gc,heap      ] GC(0) Survivor regions: 0->4(4)
[2019-08-28T16:47:42.188-0530][gc,heap      ] GC(0) Old regions: 0->2
[2019-08-28T16:47:42.188-0530][gc,heap      ] GC(0) Archive regions: 2->2
[2019-08-28T16:47:42.188-0530][gc,heap      ] GC(0) Humongous regions: 0->0
[2019-08-28T16:47:42.188-0530][gc,metaspace ] GC(0) Metaspace: 6868K->6868K(1056768K)
[2019-08-28T16:47:42.188-0530][gc           ] GC(0) Pause Young (Normal) (G1 Evacuation Pause) 25M->5M(512M) 14.799ms
[2019-08-28T16:47:42.188-0530][gc,cpu       ] GC(0) User=0.04s Sys=0.00s Real=0.01s
[2019-08-28T16:47:43.155-0530][gc,start     ] GC(1) Pause Young (Normal) (G1 Evacuation Pause)
[2019-08-28T16:47:43.156-0530][gc,task      ] GC(1) Using 4 workers of 4 for evacuation
[2019-08-28T16:47:43.171-0530][gc,phases    ] GC(1)   Pre Evacuate Collection Set: 0.0ms
[2019-08-28T16:47:43.171-0530][gc,phases    ] GC(1)   Evacuate Collection Set: 15.0ms
[2019-08-28T16:47:43.171-0530][gc,phases    ] GC(1)   Post Evacuate Collection Set: 0.3ms
[2019-08-28T16:47:43.171-0530][gc,phases    ] GC(1)   Other: 0.2ms
[2019-08-28T16:47:43.171-0530][gc,heap      ] GC(1) Eden regions: 21->0(24)
[2019-08-28T16:47:43.171-0530][gc,heap      ] GC(1) Survivor regions: 4->1(4)
[2019-08-28T16:47:43.171-0530][gc,heap      ] GC(1) Old regions: 2->6
[2019-08-28T16:47:43.171-0530][gc,heap      ] GC(1) Archive regions: 2->2
[2019-08-28T16:47:43.171-0530][gc,heap      ] GC(1) Humongous regions: 0->0
[2019-08-28T16:47:43.171-0530][gc,metaspace ] GC(1) Metaspace: 6877K->6877K(1056768K)
[2019-08-28T16:47:43.171-0530][gc           ] GC(1) Pause Young (Normal) (G1 Evacuation Pause) 26M->6M(512M) 15.926ms
[2019-08-28T16:47:43.171-0530][gc,cpu       ] GC(1) User=0.03s Sys=0.01s Real=0.02s
[2019-08-28T16:49:53.063-0530][gc,start     ] GC(2) Pause Young (Normal) (G1 Evacuation Pause)
[2019-08-28T16:49:53.089-0530][gc,task      ] GC(2) Using 4 workers of 4 for evacuation
[2019-08-28T16:49:53.091-0530][gc,phases    ] GC(2)   Pre Evacuate Collection Set: 0.1ms
[2019-08-28T16:49:53.091-0530][gc,phases    ] GC(2)   Evacuate Collection Set: 1.3ms
[2019-08-28T16:49:53.091-0530][gc,phases    ] GC(2)   Post Evacuate Collection Set: 0.3ms
[2019-08-28T16:49:53.091-0530][gc,phases    ] GC(2)   Other: 26.8ms
[2019-08-28T16:49:53.091-0530][gc,heap      ] GC(2) Eden regions: 24->0(24)
[2019-08-28T16:49:53.091-0530][gc,heap      ] GC(2) Survivor regions: 1->1(4)
[2019-08-28T16:49:53.091-0530][gc,heap      ] GC(2) Old regions: 6->6
[2019-08-28T16:49:53.091-0530][gc,heap      ] GC(2) Archive regions: 2->2
[2019-08-28T16:49:53.091-0530][gc,heap      ] GC(2) Humongous regions: 0->0
[2019-08-28T16:49:53.091-0530][gc,metaspace ] GC(2) Metaspace: 7372K->7372K(1056768K)
[2019-08-28T16:49:53.091-0530][gc           ] GC(2) Pause Young (Normal) (G1 Evacuation Pause) 30M->6M(512M) 28.786ms
[2019-08-28T16:49:53.091-0530][gc,cpu       ] GC(2) User=0.01s Sys=0.00s Real=0.03s
[2019-08-28T16:57:53.913-0530][gc,heap,exit ] Heap
[2019-08-28T16:57:53.934-0530][gc,heap,exit ]  garbage-first heap   total 524288K, used 19983K [0x00000007e0000000, 0x0000000800000000)
[2019-08-28T16:57:53.934-0530][gc,heap,exit ]   region size 1024K, 15 young (15360K), 1 survivors (1024K)
[2019-08-28T16:57:53.934-0530][gc,heap,exit ]  Metaspace       used 7726K, capacity 8062K, committed 8192K, reserved 1056768K
[2019-08-28T16:57:53.934-0530][gc,heap,exit ]   class space    used 825K, capacity 941K, committed 1024K, reserved 1048576K
