[2019-08-28T11:51:40.668-0530][gc,heap] Heap region size: 1M
[2019-08-28T11:51:40.677-0530][gc     ] Using G1
[2019-08-28T11:51:40.677-0530][gc,heap,coops] Heap address: 0x00000007e0000000, size: 512 MB, Compressed Oops mode: Zero based, Oop shift amount: 3
[2019-08-28T11:51:40.678-0530][gc,cds       ] Mark closed archive regions in map: [0x00000007fff00000, 0x00000007fff6fff8]
[2019-08-28T11:51:40.678-0530][gc,cds       ] Mark open archive regions in map: [0x00000007ffe00000, 0x00000007ffe47ff8]
[2019-08-28T11:51:40.700-0530][gc           ] Periodic GC disabled
[2019-08-28T11:51:42.868-0530][gc,start     ] GC(0) Pause Young (Normal) (G1 Evacuation Pause)
[2019-08-28T11:51:42.868-0530][gc,task      ] GC(0) Using 4 workers of 4 for evacuation
[2019-08-28T11:51:42.882-0530][gc,phases    ] GC(0)   Pre Evacuate Collection Set: 0.0ms
[2019-08-28T11:51:42.882-0530][gc,phases    ] GC(0)   Evacuate Collection Set: 13.4ms
[2019-08-28T11:51:42.882-0530][gc,phases    ] GC(0)   Post Evacuate Collection Set: 0.3ms
[2019-08-28T11:51:42.883-0530][gc,phases    ] GC(0)   Other: 0.6ms
[2019-08-28T11:51:42.883-0530][gc,heap      ] GC(0) Eden regions: 25->0(21)
[2019-08-28T11:51:42.883-0530][gc,heap      ] GC(0) Survivor regions: 0->4(4)
[2019-08-28T11:51:42.883-0530][gc,heap      ] GC(0) Old regions: 0->1
[2019-08-28T11:51:42.883-0530][gc,heap      ] GC(0) Archive regions: 2->2
[2019-08-28T11:51:42.883-0530][gc,heap      ] GC(0) Humongous regions: 0->0
[2019-08-28T11:51:42.883-0530][gc,metaspace ] GC(0) Metaspace: 6866K->6866K(1056768K)
[2019-08-28T11:51:42.883-0530][gc           ] GC(0) Pause Young (Normal) (G1 Evacuation Pause) 25M->5M(512M) 14.665ms
[2019-08-28T11:51:42.883-0530][gc,cpu       ] GC(0) User=0.04s Sys=0.01s Real=0.02s
[2019-08-28T11:51:43.879-0530][gc,start     ] GC(1) Pause Young (Normal) (G1 Evacuation Pause)
[2019-08-28T11:51:43.879-0530][gc,task      ] GC(1) Using 4 workers of 4 for evacuation
[2019-08-28T11:51:43.889-0530][gc,phases    ] GC(1)   Pre Evacuate Collection Set: 0.0ms
[2019-08-28T11:51:43.889-0530][gc,phases    ] GC(1)   Evacuate Collection Set: 10.0ms
[2019-08-28T11:51:43.889-0530][gc,phases    ] GC(1)   Post Evacuate Collection Set: 0.3ms
[2019-08-28T11:51:43.890-0530][gc,phases    ] GC(1)   Other: 0.2ms
[2019-08-28T11:51:43.890-0530][gc,heap      ] GC(1) Eden regions: 21->0(24)
[2019-08-28T11:51:43.890-0530][gc,heap      ] GC(1) Survivor regions: 4->1(4)
[2019-08-28T11:51:43.890-0530][gc,heap      ] GC(1) Old regions: 1->5
[2019-08-28T11:51:43.890-0530][gc,heap      ] GC(1) Archive regions: 2->2
[2019-08-28T11:51:43.890-0530][gc,heap      ] GC(1) Humongous regions: 0->0
[2019-08-28T11:51:43.890-0530][gc,metaspace ] GC(1) Metaspace: 6875K->6875K(1056768K)
[2019-08-28T11:51:43.890-0530][gc           ] GC(1) Pause Young (Normal) (G1 Evacuation Pause) 26M->6M(512M) 10.822ms
[2019-08-28T11:51:43.890-0530][gc,cpu       ] GC(1) User=0.04s Sys=0.00s Real=0.02s
[2019-08-28T13:19:40.920-0530][gc,start     ] GC(2) Pause Young (Normal) (G1 Evacuation Pause)
[2019-08-28T13:19:40.944-0530][gc,task      ] GC(2) Using 4 workers of 4 for evacuation
[2019-08-28T13:19:40.946-0530][gc,phases    ] GC(2)   Pre Evacuate Collection Set: 0.1ms
[2019-08-28T13:19:40.946-0530][gc,phases    ] GC(2)   Evacuate Collection Set: 1.2ms
[2019-08-28T13:19:40.946-0530][gc,phases    ] GC(2)   Post Evacuate Collection Set: 0.2ms
[2019-08-28T13:19:40.946-0530][gc,phases    ] GC(2)   Other: 24.6ms
[2019-08-28T13:19:40.946-0530][gc,heap      ] GC(2) Eden regions: 24->0(24)
[2019-08-28T13:19:40.946-0530][gc,heap      ] GC(2) Survivor regions: 1->1(4)
[2019-08-28T13:19:40.946-0530][gc,heap      ] GC(2) Old regions: 5->5
[2019-08-28T13:19:40.946-0530][gc,heap      ] GC(2) Archive regions: 2->2
[2019-08-28T13:19:40.946-0530][gc,heap      ] GC(2) Humongous regions: 0->0
[2019-08-28T13:19:40.946-0530][gc,metaspace ] GC(2) Metaspace: 7642K->7642K(1056768K)
[2019-08-28T13:19:40.946-0530][gc           ] GC(2) Pause Young (Normal) (G1 Evacuation Pause) 30M->6M(512M) 26.467ms
[2019-08-28T13:19:40.946-0530][gc,cpu       ] GC(2) User=0.00s Sys=0.00s Real=0.02s
[2019-08-28T15:13:30.905-0530][gc,start     ] GC(3) Pause Young (Normal) (G1 Evacuation Pause)
[2019-08-28T15:13:30.911-0530][gc,task      ] GC(3) Using 4 workers of 4 for evacuation
[2019-08-28T15:13:30.913-0530][gc,phases    ] GC(3)   Pre Evacuate Collection Set: 0.0ms
[2019-08-28T15:13:30.913-0530][gc,phases    ] GC(3)   Evacuate Collection Set: 1.6ms
[2019-08-28T15:13:30.913-0530][gc,phases    ] GC(3)   Post Evacuate Collection Set: 0.2ms
[2019-08-28T15:13:30.913-0530][gc,phases    ] GC(3)   Other: 6.2ms
[2019-08-28T15:13:30.913-0530][gc,heap      ] GC(3) Eden regions: 24->0(24)
[2019-08-28T15:13:30.913-0530][gc,heap      ] GC(3) Survivor regions: 1->1(4)
[2019-08-28T15:13:30.913-0530][gc,heap      ] GC(3) Old regions: 5->5
[2019-08-28T15:13:30.913-0530][gc,heap      ] GC(3) Archive regions: 2->2
[2019-08-28T15:13:30.913-0530][gc,heap      ] GC(3) Humongous regions: 0->0
[2019-08-28T15:13:30.913-0530][gc,metaspace ] GC(3) Metaspace: 7780K->7780K(1056768K)
[2019-08-28T15:13:30.913-0530][gc           ] GC(3) Pause Young (Normal) (G1 Evacuation Pause) 30M->6M(512M) 8.268ms
[2019-08-28T15:13:30.913-0530][gc,cpu       ] GC(3) User=0.00s Sys=0.01s Real=0.01s
[2019-08-28T16:13:50.906-0530][gc,start     ] GC(4) Pause Young (Normal) (G1 Evacuation Pause)
[2019-08-28T16:13:50.968-0530][gc,task      ] GC(4) Using 4 workers of 4 for evacuation
[2019-08-28T16:13:50.970-0530][gc,phases    ] GC(4)   Pre Evacuate Collection Set: 0.0ms
[2019-08-28T16:13:50.970-0530][gc,phases    ] GC(4)   Evacuate Collection Set: 2.1ms
[2019-08-28T16:13:50.970-0530][gc,phases    ] GC(4)   Post Evacuate Collection Set: 0.2ms
[2019-08-28T16:13:50.970-0530][gc,phases    ] GC(4)   Other: 62.2ms
[2019-08-28T16:13:50.970-0530][gc,heap      ] GC(4) Eden regions: 24->0(24)
[2019-08-28T16:13:50.970-0530][gc,heap      ] GC(4) Survivor regions: 1->1(4)
[2019-08-28T16:13:50.971-0530][gc,heap      ] GC(4) Old regions: 5->5
[2019-08-28T16:13:50.971-0530][gc,heap      ] GC(4) Archive regions: 2->2
[2019-08-28T16:13:50.971-0530][gc,heap      ] GC(4) Humongous regions: 0->0
[2019-08-28T16:13:50.971-0530][gc,metaspace ] GC(4) Metaspace: 7809K->7809K(1056768K)
[2019-08-28T16:13:50.971-0530][gc           ] GC(4) Pause Young (Normal) (G1 Evacuation Pause) 30M->6M(512M) 64.740ms
[2019-08-28T16:13:50.971-0530][gc,cpu       ] GC(4) User=0.01s Sys=0.00s Real=0.07s
[2019-08-28T16:47:33.924-0530][gc,heap,exit ] Heap
[2019-08-28T16:47:33.997-0530][gc,heap,exit ]  garbage-first heap   total 524288K, used 13765K [0x00000007e0000000, 0x0000000800000000)
[2019-08-28T16:47:33.997-0530][gc,heap,exit ]   region size 1024K, 9 young (9216K), 1 survivors (1024K)
[2019-08-28T16:47:33.997-0530][gc,heap,exit ]  Metaspace       used 7813K, capacity 8126K, committed 8448K, reserved 1056768K
[2019-08-28T16:47:33.998-0530][gc,heap,exit ]   class space    used 825K, capacity 941K, committed 1024K, reserved 1048576K
